******************************************************************************
                  TI ARM Linker PC v20.2.5                     
******************************************************************************
>> Linked Thu Dec 16 01:59:57 2021

OUTPUT FILE NAME:   <zc_Cpre558_FinalProject_LatencyTest.out>
ENTRY POINT SYMBOL: "ResetISR"  address: 00024e7d


MEMORY CONFIGURATION

         name            origin    length      used     unused   attr    fill
----------------------  --------  ---------  --------  --------  ----  --------
  FLASH                 00000000   00052000  000302ac  00021d54  R  X
  FLASH_NV              00052000   00004000  00004000  00000000  RW X
  FLASH_LAST            00056000   00002000  00000058  00001fa8  R  X
  GPRAM                 11000000   00002000  00000000  00002000  RW X
  SRAM                  20000000   00014000  000071af  0000ce51  RW X
  LOG_DATA              90000000   00040000  00000000  00040000  R   


SEGMENT ALLOCATION MAP

run origin  load origin   length   init length attrs members
----------  ----------- ---------- ----------- ----- -------
00000000    00000000    000302b0   000302b0    r-x
  00000000    00000000    0000003c   0000003c    r-- .resetVecs
  00000040    00000040    0002d704   0002d704    r-x .text
  0002d744    0002d744    0000249c   0000249c    r-- .const
  0002fbe0    0002fbe0    000000d0   000000d0    r-- config_const
  0002fcb0    0002fcb0    00000600   00000600    r-- .cinit
00052000    00052000    00004000   00000000    rw-
  00052000    00052000    00004000   00000000    rw- .TI.bound:flashBuf0
00057fa8    00057fa8    00000058   00000058    r--
  00057fa8    00057fa8    00000058   00000058    r-- .ccfg
200000d8    200000d8    00001758   00000000    rw-
  200000d8    200000d8    00000028   00000000    rw- .data.1
  20000100    20000100    00000004   00000000    rw- .data:xdcRomConstPtr
  20000104    20000104    00000004   00000000    rw- .data:xdcRomExternFuncPtr
  20000108    20000108    00000004   00000000    rw- .data:xdcRomStatePtr
  2000010c    2000010c    00000010   00000000    rw- .data:RAM_MAC_BASE_ADDR
  20000120    20000120    00001710   00000000    rw- .data.2
20001830    20001830    00000010   00000000    rw-
  20001830    20001830    00000010   00000000    rw- .TI.bound:dmaSpi0RxControlTableEntry
20001840    20001840    000000c0   00000000    rw-
  20001840    20001840    00000010   00000000    rw- .TI.bound:dmaSpi0TxControlTableEntry
  20001850    20001850    000000b0   00000000    rw- .data.3
20001900    20001900    00000010   00000000    rw-
  20001900    20001900    00000010   00000000    rw- .TI.bound:dmaSpi1RxControlTableEntry
20001910    20001910    00000120   00000000    rw-
  20001910    20001910    00000010   00000000    rw- .TI.bound:dmaSpi1TxControlTableEntry
  20001920    20001920    00000110   00000000    rw- .data.4
20001a30    20001a30    00000010   00000000    rw-
  20001a30    20001a30    00000010   00000000    rw- .TI.bound:dmaSpi0RxAltControlTableEntry
20001a40    20001a40    000000c0   00000000    rw-
  20001a40    20001a40    00000010   00000000    rw- .TI.bound:dmaSpi0TxAltControlTableEntry
  20001a50    20001a50    000000b0   00000000    rw- .data.5
20001b00    20001b00    00000010   00000000    rw-
  20001b00    20001b00    00000010   00000000    rw- .TI.bound:dmaSpi1RxAltControlTableEntry
20001b10    20001b10    000050a9   00000000    rw-
  20001b10    20001b10    00000010   00000000    rw- .TI.bound:dmaSpi1TxAltControlTableEntry
  20001b20    20001b20    00003f62   00000000    rw- .data.6
  20005a88    20005a88    00001131   00000000    rw- .bss
20013a00    20013a00    00000600   00000000    rw-
  20013a00    20013a00    00000600   00000000    rw- .stack


SECTION ALLOCATION MAP

 output                                  attributes/
section   page    origin      length       input sections
--------  ----  ----------  ----------   ----------------
.text      0    00000040    0002d704     
                  00000040    000017fc     zstacktask.obj (.text:appMsg$39)
                  0000183c    00000900     libZStack_nwk_zr_ccs.a : nwk.obj (.text:nwk_data_ind_processing$90)
                  0000213c    000008c8                            : nwk.obj (.text:nwk_event_loop)
                  00002a04    000008bc     main.obj (.text:taskFxn)
                  000032c0    00000880     libZStack_nwk_zr_ccs.a : nwk.obj (.text:NwkCommandPktProcessing$90)
                  00003b40    000007b0     zstackstartup.obj (.text:stackInit$6)
                  000042f0    000006f4     maclib_nosecure_cc13x2_2_4g.a : mac.obj (.text:macRxCbIeee$68)
                  000049e4    00000608     zd_app.obj (.text:ZDOInitDeviceEx)
                  00004fec    000005a0     gp_proxy.obj (.text:gp_dataIndProxy)
                  0000558c    000004c0     zd_app.obj (.text:ZDApp_event_loop)
                  00005a4c    000004b0     rf_multiMode_cc13x2.a : RFCC26X2_multiMode.c.cc13x2.ccs.o (.text:RF_fsmActiveState)
                  00005efc    0000045c     bdb.obj (.text:bdb_event_loop)
                  00006358    000003f4     libZStack_nwk_zr_ccs.a : nl_mede_cb.obj (.text:NLDE_DataIndication)
                  0000674c    000003e8                            : aps_frag.obj (.text:APSF_ProcessEvent)
                  00006b34    00000340                            : aps.obj (.text:APS_event_loop)
                  00006e74    00000340     gp_proxy_table.obj (.text:gp_UpdateProxyTbl)
                  000071b4    00000330     bdb.obj (.text:bdb_StartCommissioning)
                  000074e4    0000032c     zd_app.obj (.text:ZDApp_ProcessMsgCBs)
                  00007810    00000320     libZStack_nwk_zr_ccs.a : dgp_stub.obj (.text:gp_event_loop)
                  00007b30    0000031c     zcl_sampleapps_ui.obj (.text:UI_Init)
                  00007e4c    00000318     zd_nwk_mgr.obj (.text:ZDNwkMgr_event_loop)
                  00008164    00000304     zd_object.obj (.text:ZDO_ProcessMgmtLqiReq)
                  00008468    000002fc     zcl_hvac.obj (.text:zclHVAC_HdlIncoming$27)
                  00008764    000002f8     zstacktask.obj (.text:processSysConfigWriteReq$39)
                  00008a5c    000002f4     drivers_cc13x2.a : SPICC26X2DMA.oem4f (.text:SPICC26X2DMA_transfer)
                  00008d50    000002f0     zstacktask.obj (.text:processSysConfigReadReq$39)
                  00009040    000002da     zstacktask.obj (.text:processDevZDOCBReq$39)
                  0000931a    00000002     ti_drivers_config.obj (.text:Board_initHook)
                  0000931c    000002d4     zcl_samplethermostat.obj (.text:zclSampleThermostat_Init$14)
                  000095f0    000002c0     zmac_cb.obj (.text:MAC_CbackEvent)
                  000098b0    000002bc     libZStack_nwk_zr_ccs.a : aps_mede.obj (.text:APSME_FrameSecRemoveCM$84)
                  00009b6c    000002b0                            : nwk.obj (.text:nwk_data_cnf_processing$90)
                  00009e1c    0000029c     zstacktask.obj (.text:zsProcessZDOMsgs$39)
                  0000a0b8    0000029a     zcl.obj (.text:zclProcessInDiscAttrs$23)
                  0000a352    00000002     gp_proxy.obj (.text:GP_DataCnf)
                  0000a354    00000298     rf_multiMode_cc13x2.a : RFCC26X2_multiMode.c.cc13x2.ccs.o (.text:RF_open)
                  0000a5ec    0000028c     bdb.obj (.text:bdb_reportCommissioningState)
                  0000a878    00000288     gp_proxy_table.obj (.text:pt_ZclReadGetProxyEntry)
                  0000ab00    0000027c     binding_table.obj (.text:bindAddEntry)
                  0000ad7c    0000027c     libZStack_nwk_zr_ccs.a : dgp_stub.obj (.text:dGP_DataInd)
                  0000aff8    0000027c     gp_proxy_table.obj (.text:gp_PairingUpdateProxyTbl)
                  0000b274    00000270     zcl.obj (.text:zcl_ProcessMessageMSG)
                  0000b4e4    00000268     gp_proxy.obj (.text:zclGp_GpProxyTableReqCB)
                  0000b74c    00000264     libZStack_nwk_zr_ccs.a : dgp_stub.obj (.text:gp_scheduleGPDFTransmission$79)
                  0000b9b0    0000025c     maclib_nosecure_cc13x2_2_4g.a : mac_pwr.obj (.text:macPwrVote)
                  0000bc0c    00000234     drivers_cc13x2.a : SPICC26X2DMA.oem4f (.text:SPICC26X2DMA_hwiFxn)
                  0000be40    00000230     libZStack_nwk_zr_ccs.a : nl_mede.obj (.text:NLDE_DataReq)
                  0000c070    00000230     zcl_sampleapps_ui.obj (.text:uiActionProcessSetInstallCode$10)
                  0000c2a0    00000224     libZStack_nwk_zr_ccs.a : aps.obj (.text:APS_DataIndReflect$81)
                  0000c4c4    0000021c     maclib_nosecure_cc13x2_2_4g.a : mac.obj (.text:macSendReceiveCmdIeee)
                  0000c6e0    00000218     nvocmp.obj (.text:NVOCMP_initNv$3)
                  0000c8f8    00000214     zd_object.obj (.text:ZDO_ProcessMatchDescReq)
                  0000cb0c    00000214     zstacktask.obj (.text:ZStackTaskProcessEvent)
                  0000cd20    00000210     libZStack_nwk_zr_ccs.a : aps.obj (.text:APS_Reflect$81)
                  0000cf30    00000210     rf_multiMode_cc13x2.a : RFCC26X2_multiMode.c.cc13x2.ccs.o (.text:RF_scheduleCmd)
                  0000d140    00000210     zmac.obj (.text:ZMacEventLoop)
                  0000d350    00000210     zd_profile.obj (.text:zdpProcessAddrReq)
                  0000d560    0000020a     zcl.obj (.text:zclProcessInWriteUndividedCmd$23)
                  0000d76a    00000002     libZStack_nwk_zr_ccs.a : nwk_util.obj (.text:NLME_NetworkReportCB$92)
                  0000d76c    00000208     nvocmp.obj (.text:NVOCMP_addItem$3)
                  0000d974    00000204     maclib_nosecure_cc13x2_2_4g.a : mac_radio_tx.obj (.text:macRadioCsmaTxCbIeee$78)
                  0000db78    000001fc     libZStack_nwk_zr_ccs.a : aps_mede.obj (.text:APSDE_DataReq)
                  0000dd74    000001fc     zcl_sampleapps_ui.obj (.text:uiActionProcessConfigurePanId$10)
                  0000df70    000001f8     libZStack_nwk_zr_ccs.a : aps_mede.obj (.text:APSME_FrameSecSetupCM$84)
                  0000e168    000001f4     drivers_cc13x2.a : PINCC26XX.oem4f (.text:PIN_init)
                  0000e35c    000001f4     bdb_reporting.obj (.text:bdb_RepReport$43)
                  0000e550    000001f4     libZStack_nwk_zr_ccs.a : nwk.obj (.text:nwk_associate_ind_processing$90)
                  0000e744    000001ec     zcl_green_power.obj (.text:gp_addPairedSinksToMsgQueue$25)
                  0000e930    000001e0     zcl_sampleapps_ui.obj (.text:UI_DeviceStateUpdated)
                  0000eb10    000001dc     libZStack_nwk_zr_ccs.a : aps_mede.obj (.text:APSME_TransportKeyReq)
                  0000ecec    000001dc     rf_multiMode_cc13x2.a : RFCC26X2_multiMode.c.cc13x2.ccs.o (.text:RF_dispatchNextCmd)
                  0000eec8    000001dc     libZStack_nwk_zr_ccs.a : ssp_hash.obj (.text:sspMMOHash)
                  0000f0a4    000001d8     af.obj (.text:AF_DataRequest)
                  0000f27c    000001d8     maclib_nosecure_cc13x2_2_4g.a : mac_tx.obj (.text:macTxFrame)
                  0000f454    000001d8     libZStack_nwk_zr_ccs.a : nwk_bufs.obj (.text:nwk_MacDataBuffersAdd)
                  0000f62c    000001d4                            : dgp_stub.obj (.text:gp_ccmStar)
                  0000f800    000001c4     zcl_sampleapps_ui.obj (.text:uiActionProcessSetInstallCodeAddress$10)
                  0000f9c4    000001c2     zcl.obj (.text:zclProcessInReadCmd$23)
                  0000fb86    00000002     rf_multiMode_cc13x2.a : rfc.c.cc13x2.ccs.o (.text:NOROM_RFCCpePatchReset)
                  0000fb88    000001c0     mac_user_config.obj (.text:rfSelect)
                  0000fd48    000001b8     libZStack_nwk_zr_ccs.a : nwk_util.obj (.text:NLME_LeaveCmdProcess)
                  0000ff00    000001b8     gp_proxy.obj (.text:gp_ZclPairingParse$18)
                  000100b8    000001b6     rtsv7M4_T_le_v4SPD16_eabi.lib : fd_add_t2.asm.obj (.text)
                  0001026e    00000002     drivers_cc13x2.a : NVSSPI25X.oem4f (.text:NVSSPI25X_deinitSpiCs)
                  00010270    000001b0     gp_proxy.obj (.text:zclGp_GpResponseCommandCB)
                  00010420    000001ac     maclib_nosecure_cc13x2_2_4g.a : mac_hl_patch.obj (.text:macRxBeaconCritical)
                  000105cc    000001a8     zd_object.obj (.text:ZDMatchSendState)
                  00010774    000001a4     maclib_nosecure_cc13x2_2_4g.a : mac_hl_patch.obj (.text:macWrapperDeleteKeyAndAssociatedDevices)
                  00010918    000001a0     bdb_reporting.obj (.text:bdb_repAttrBuildClusterEndPointArrayBasedOnConfRecordsArray$43)
                  00010ab8    0000019c     zcl.obj (.text:zcl_SendCommandEx)
                  00010c54    00000198     drivers_cc13x2.a : PowerCC26X2.oem4f (.text:Power_sleep)
                  00010dec    00000190     libZStack_nwk_zr_ccs.a : nwk_util.obj (.text:NLME_CheckNewAddrSet)
                  00010f7c    00000190     drivers_cc13x2.a : PowerCC26X2_calibrateRCOSC.oem4f (.text:calibrateRcoscHf1)
                  0001110c    0000018c                      : PowerCC26X2_calibrateRCOSC.oem4f (.text:runCalibrateFsm)
                  00011298    0000018c     gp_proxy.obj (.text:zclGp_DataIndParse$18)
                  00011424    00000188     nvocmp.obj (.text:NVOCMP_compact$3)
                  000115ac    00000188     maclib_nosecure_cc13x2_2_4g.a : mac_radio_tx.obj (.text:macRadioTxGoIeee$78)
                  00011734    00000186     drivers_cc13x2.a : Button.oem4f (.text:Button_clockTimeoutHandler)
                  000118ba    00000002     rf_multiMode_cc13x2.a : RFCC26X2_multiMode.c.cc13x2.ccs.o (.text:RF_defaultCallback)
                  000118bc    00000184     zcl_sampleapps_ui.obj (.text:generateBdbInfoString$10)
                  00011a40    0000017c     zd_object.obj (.text:ZDO_ProcessBindUnbindReq)
                  00011bbc    00000178     libZStack_nwk_zr_ccs.a : dgp_stub.obj (.text:GP_DataReq)
                  00011d34    00000178     drivers_cc13x2.a : SPICC26X2DMA.oem4f (.text:SPICC26X2DMA_transferCancel)
                  00011eac    00000178                      : SPICC26X2DMA.oem4f (.text:configNextTransfer)
                  00012024    00000174                      : PowerCC26X2.oem4f (.text:Power_init)
                  00012198    00000168                      : NVSSPI25X.oem4f (.text:NVSSPI25X_write)
                  00012300    00000168     libZStack_nwk_zr_ccs.a : nwk.obj (.text:nwk_beacon_notify_ind_processing$90)
                  00012468    00000164                            : ssp.obj (.text:SSP_NwkSecurityProc)
                  000125cc    00000164     drivers_cc13x2.a : UARTCC26XX.oem4f (.text:UARTCC26XX_open)
                  00012730    00000164     maclib_nosecure_cc13x2_2_4g.a : mac_hl_patch.obj (.text:macWrapperDeleteAllDevices)
                  00012894    00000164     libZStack_nwk_zr_ccs.a : nwk_bufs.obj (.text:nwk_SendNextDataBuf)
                  000129f8    00000162     bdb_reporting.obj (.text:bdb_isAttrValueChangedSurpassDelta$43)
                  00012b5a    00000002     zd_object.obj (.text:ZDO_ProcessNodeDescRsp)
                  00012b5c    00000160     gp_common.obj (.text:GP_SecReq)
                  00012cbc    00000160     libZStack_nwk_zr_ccs.a : rtg.obj (.text:RTG_DataReq)
                  00012e1c    00000160     zd_object.obj (.text:ZDO_ProcessDeviceAnnce)
                  00012f7c    0000015e     zcl.obj (.text:zclProcessInDiscCmd$23)
                  000130da    00000002     zd_object.obj (.text:ZDO_ProcessSimpleDescRsp)
                  000130dc    0000015c     maclib_nosecure_cc13x2_2_4g.a : mac_hl_patch.obj (.text:macScanNextChan)
                  00013238    0000015c     zcl_general.obj (.text:zclGeneral_ProcessInIdentity$24)
                  00013394    00000158     driverlib.lib : sys_ctrl.obj (.text:NOROM_SysCtrlStandby)
                  000134ec    00000154     rf_multiMode_cc13x2.a : RFCC26X2_multiMode.c.cc13x2.ccs.o (.text:RF_radioOpDoneCb)
                  00013640    00000154     drivers_cc13x2.a : UARTCC26XX.oem4f (.text:UARTCC26XX_hwiIntFxn)
                  00013794    00000154     mac_util.obj (.text:Util_ltoa)
                  000138e8    00000154     maclib_nosecure_cc13x2_2_4g.a : mac_rx.obj (.text:rxPayloadIsr$73)
                  00013a3c    00000150     drivers_cc13x2.a : SPICC26X2DMA.oem4f (.text:SPICC26X2DMA_open)
                  00013b8c    0000014e     zcl.obj (.text:zclProcessInWriteCmd$23)
                  00013cda    00000002     zmac_cb.obj (.text:ZMacLqiAdjust$62)
                  00013cdc    00000148     rf_multiMode_cc13x2.a : RFCC26X2_multiMode.c.cc13x2.ccs.o (.text:RF_fsmSetupState)
                  00013e24    00000148     bdb_finding_and_binding.obj (.text:bdb_checkMatchingEndpoints)
                  00013f6c    00000148     drivers_cc13x2.a : SPICC26X2DMA.oem4f (.text:initIO)
                  000140b4    00000144     libZStack_nwk_zr_ccs.a : nwk.obj (.text:nwk_scan_cnf_processing$90)
                  000141f8    00000140                            : nwk_util.obj (.text:NLME_CmdCnf)
                  00014338    00000140     maclib_nosecure_cc13x2_2_4g.a : mac_tx.obj (.text:txCsmaDelay)
                  00014478    0000013c     drivers_cc13x2.a : AESCCMCC26XX.oem4f (.text:AESCCM_startOperation)
                  000145b4    0000013c     libZStack_nwk_zr_ccs.a : nwk_util.obj (.text:NLDE_BuildMsg$92)
                  000146f0    0000013c     zd_object.obj (.text:ZDO_ProcessSimpleDescReq)
                  0001482c    0000013c     gp_proxy.obj (.text:gp_SecurityOperationProxy)
                  00014968    0000013a     drivers_cc13x2.a : UARTCC26XX.oem4f (.text:UARTCC26XX_read)
                  00014aa2    00000002     rtsv7M4_T_le_v4SPD16_eabi.lib : _lock.c.obj (.text:_nop)
                  00014aa4    00000138     zd_sec_mgr.obj (.text:APSME_TCLinkKeyLoad)
                  00014bdc    00000138     cui.obj (.text:CUI_dispMenu$9)
                  00014d14    00000138     drivers_cc13x2.a : NVSCC26XX.oem4f (.text:NVSCC26XX_write)
                  00014e4c    00000138     rf_multiMode_cc13x2.a : RFCC26X2_multiMode.c.cc13x2.ccs.o (.text:RF_abortCmd)
                  00014f84    00000138                           : RFCC26X2_multiMode.c.cc13x2.ccs.o (.text:RF_ratSetupChannel)
                  000150bc    00000134     libZStack_nwk_zr_ccs.a : rtg.obj (.text:RTG_AddRtgEntry$94)
                  000151f0    00000134     zd_object.obj (.text:ZDO_ProcessMgmtBindReq)
                  00015324    00000132     zcl.obj (.text:zclParseInConfigReportCmd)
                  00015456    00000002     drivers_cc13x2.a : PowerCC26X2.oem4f (.text:emptyClockFunc)
                  00015458    00000130     libZStack_nwk_zr_ccs.a : rtg.obj (.text:RTG_BcastAdd)
                  00015588    00000130     zd_app.obj (.text:ZDApp_ProcessSecMsg)
                  000156b8    00000130     libZStack_nwk_zr_ccs.a : nwk.obj (.text:nwk_init)
                  000157e8    00000130     rtsv7M4_T_le_v4SPD16_eabi.lib : strtol.c.obj (.text:strtol)
                  00015918    00000128     zd_sec_mgr.obj (.text:ZDSecMgrDeviceRemoveByExtAddr)
                  00015a40    00000128     main.obj (.text:main)
                  00015b68    00000128     libZStack_nwk_zr_ccs.a : nwk.obj (.text:nwk_start_coord)
                  00015c90    00000124                            : aps_frag.obj (.text:APSF_SendFragmented)
                  00015db4    00000124     cui.obj (.text:CUI_statusLinePrintf)
                  00015ed8    00000124     maclib_nosecure_cc13x2_2_4g.a : mac_hl_patch.obj (.text:macBuildDataFrame)
                  00015ffc    00000120     cui.obj (.text:CUI_init)
                  0001611c    00000120     libZStack_nwk_zr_ccs.a : rtg.obj (.text:NLME_RouteDiscoveryRequest)
                  0001623c    00000120     nvocmp.obj (.text:NVOCMP_compactPage$3)
                  0001635c    00000120     rf_multiMode_cc13x2.a : RFCC26X2_multiMode.c.cc13x2.ccs.o (.text:RF_close)
                  0001647c    00000120     drivers_cc13x2.a : PowerCC26X2.oem4f (.text:configureXOSCHF)
                  0001659c    0000011e     zstacktask.obj (.text:processSecApsLinkKeySetReq$39)
                  000166ba    00000002     drivers_cc13x2.a : CryptoResourceCC26XX.oem4f (.text:errorSpin)
                  000166bc    00000118     zd_profile.obj (.text:ZDP_IncomingData)
                  000167d4    00000118     maclib_nosecure_cc13x2_2_4g.a : mac.obj (.text:macSetupRATChanCompare)
                  000168ec    00000114     drivers_cc13x2.a : PINCC26XX.oem4f (.text:PINCC26XX_setIoCfg)
                  00016a00    00000114     maclib_nosecure_cc13x2_2_4g.a : mac_radio.obj (.text:macRadioInitIeee)
                  00016b14    00000110     libZStack_nwk_zr_ccs.a : aps_mede.obj (.text:APSDE_FrameAlloc)
                  00016c24    00000110     cui.obj (.text:CUI_menuActionHelp)
                  00016d34    00000110     drivers_cc13x2.a : GPIOCC26XX.oem4f (.text:GPIO_setConfig)
                  00016e44    00000110                      : LED.oem4f (.text:LED_open)
                  00016f54    00000110     libZStack_nwk_zr_ccs.a : ssp.obj (.text:SSP_Process)
                  00017064    00000110     bdb.obj (.text:bdb_TCProcessJoiningList$41)
                  00017174    0000010c     libZStack_nwk_zr_ccs.a : nwk_util.obj (.text:NLDE_ParseMsg)
                  00017280    0000010c                            : nwk_util.obj (.text:RTG_UpdateNeighborEntry)
                  0001738c    00000108     drivers_cc13x2.a : AESECBCC26XX.oem4f (.text:AESECB_startOperation)
                  00017494    00000108     libZStack_nwk_zr_ccs.a : aps_mede.obj (.text:APSDE_FrameHdrSet$84)
                  0001759c    00000108                            : addr_mgr.obj (.text:AddrMgrEntryUpdate)
                  000176a4    00000108                            : ssp.obj (.text:ccmStar)
                  000177ac    00000108                            : nwk.obj (.text:nwk_ScanPANChanVerify)
                  000178b4    00000106     app_pem4f.oem4f (.text:xdc_runtime_System_printfExtend__I)
                  000179ba    00000002     maclib_nosecure_cc13x2_2_4g.a : mac_pwr.obj (.text:macApiPwrOnReq)
                  000179bc    00000104     rf_multiMode_cc13x2.a : RFCC26X2_multiMode.c.cc13x2.ccs.o (.text:RF_hwiCpe0Active)
                  00017ac0    00000100     nvocmp.obj (.text:NVOCMP_findItem$3)
                  00017bc0    000000fc     libZStack_nwk_zr_ccs.a : assoc_list.obj (.text:AssocRestoreFromNV)
                  00017cbc    000000fc     rf_multiMode_cc13x2.a : RFCC26X2_multiMode.c.cc13x2.ccs.o (.text:RF_decodeOverridePointers)
                  00017db8    000000fc     zd_app.obj (.text:ZDO_beaconNotifyIndCB)
                  00017eb4    000000f8     cui.obj (.text:CUI_statusLineResourceRequest)
                  00017fac    000000f8     drivers_cc13x2.a : NVSSPI25X.oem4f (.text:NVSSPI25X_open)
                  000180a4    000000f4     libZStack_nwk_zr_ccs.a : assoc_list.obj (.text:AssocAddNew)
                  00018198    000000f4     drivers_cc13x2.a : SPICC26X2DMA.oem4f (.text:SPICC26X2DMA_control)
                  0001828c    000000f4     zcl_sampleapps_ui.obj (.text:UI_UpdateDeviceInfoLine)
                  00018380    000000f4     zcl_sampleapps_ui.obj (.text:uiActionProcessApplyInstallCode$10)
                  00018474    000000f0     nwk_globals.obj (.text:NIB_init)
                  00018564    000000f0     rf_multiMode_cc13x2.a : RFCC26X2_multiMode.c.cc13x2.ccs.o (.text:RF_fsmPowerUpState)
                  00018654    000000f0     zd_app.obj (.text:ZDO_NetworkFormationConfirmCB)
                  00018744    000000ec     libZStack_nwk_zr_ccs.a : nwk_util.obj (.text:NLME_InitNV)
                  00018830    000000ec     zd_sec_mgr.obj (.text:ZDSecMgrUpdateDeviceInd)
                  0001891c    000000e8     libZStack_nwk_zr_ccs.a : aps_mede_cb.obj (.text:APSME_VerifyKeyInd)
                  00018a04    000000e8     drivers_cc13x2.a : Button.oem4f (.text:Button_open)
                  00018aec    000000e8     cui.obj (.text:CUI_writeString$9)
                  00018bd4    000000e8     libZStack_nwk_zr_ccs.a : rtg.obj (.text:RTG_SendRrep$94)
                  00018cbc    000000e8     zd_sec_mgr.obj (.text:ZDSecMgrAppKeyReq)
                  00018da4    000000e4     libZStack_nwk_zr_ccs.a : nwk_util.obj (.text:NLME_ProcessAddressConflictLocal)
                  00018e88    000000e4     zcl_green_power.obj (.text:zclGp_ProcessInBasicProxy$25)
                  00018f6c    000000e0     libZStack_nwk_zr_ccs.a : nwk_util.obj (.text:NLME_ProcessNetworkStatus)
                  0001904c    000000e0     drivers_cc13x2.a : UARTCC26XX.oem4f (.text:UARTCC26XX_write)
                  0001912c    000000e0     zd_sec_mgr.obj (.text:ZDSecMgrDeviceJoin)
                  0001920c    000000de     zd_object.obj (.text:ZDO_ProcessParentAnnce)
                  000192ea    00000002     maclib_nosecure_cc13x2_2_4g.a : mac_radio.obj (.text:macRadioSetRE)
                  000192ec    000000dc     zd_sec_mgr.obj (.text:APSME_TCLinkKeySync)
                  000193c8    000000dc     libZStack_nwk_zr_ccs.a : aps.obj (.text:APS_GetBind$81)
                  000194a4    000000dc     maclib_nosecure_cc13x2_2_4g.a : mac_hl_patch.obj (.text:macBuildHeaderIes)
                  00019580    000000dc     libZStack_nwk_zr_ccs.a : nwk_util.obj (.text:nwkNeighborFindRandom)
                  0001965c    000000dc     zcl.obj (.text:zclSerializeData)
                  00019738    000000d8     driverlib.lib : aes.obj (.text:NOROM_AESWriteToKeyStore)
                  00019810    000000d8     rf_multiMode_cc13x2.a : RFCC26X2_multiMode.c.cc13x2.ccs.o (.text:RF_control)
                  000198e8    000000d8                           : RFCC26X2_multiMode.c.cc13x2.ccs.o (.text:RF_pendCmd)
                  000199c0    000000d8     driverlib.lib : setup.obj (.text:TrimAfterColdResetWakeupFromShutDown$103)
                  00019a98    000000d8     zd_app.obj (.text:ZDApp_LeaveUpdate)
                  00019b70    000000d8     bdb_reporting.obj (.text:bdb_RepChangedAttrValue)
                  00019c48    000000d8     maclib_nosecure_cc13x2_2_4g.a : mac_hl_patch.obj (.text:macEdScanISR)
                  00019d20    000000d8                                   : mac_tx.obj (.text:txCsmaPrep$77)
                  00019df8    000000d4                                   : mac_hl_patch.obj (.text:MAC_MlmeScanReq)
                  00019ecc    000000d4     zcl_sampleapps_ui.obj (.text:UI_InitCUI$10)
                  00019fa0    000000d4     zd_object.obj (.text:ZDO_ProcessNodeDescReq)
                  0001a074    000000d4     zd_sec_mgr.obj (.text:ZDSecMgrNwkKeyInit)
                  0001a148    000000d4     zstacktask.obj (.text:gpDataIndMsgSend$39)
                  0001a21c    000000d2     rf_multiMode_cc13x2.a : RFCC26X2_multiMode.c.cc13x2.ccs.o (.text:RF_updatePaConfiguration)
                  0001a2ee    00000002     nwk_globals.obj (.text:nwk_InitializeDefaultPollRates)
                  0001a2f0    000000d0     libZStack_nwk_zr_ccs.a : rtg.obj (.text:RTG_RouteMaintanence)
                  0001a3c0    000000d0     osal_port_timers.obj (.text:createTimerEntry$52)
                  0001a490    000000d0     maclib_nosecure_cc13x2_2_4g.a : mac_low_level.obj (.text:macLowLevelBufferInit)
                  0001a560    000000cc     zd_sec_mgr.obj (.text:APSME_TCLinkKeyInit)
                  0001a62c    000000cc     libZStack_nwk_zr_ccs.a : aps.obj (.text:APS_ReReflect$81)
                  0001a6f8    000000cc     cui.obj (.text:CUI_assert)
                  0001a7c4    000000cc     rf_multiMode_cc13x2.a : RFCC26X2_multiMode.c.cc13x2.ccs.o (.text:RF_swiHw)
                  0001a890    000000cc     zcl_sampleapps_ui.obj (.text:UI_UpdateBindInfoLine)
                  0001a95c    000000cc     af.obj (.text:afRegister)
                  0001aa28    000000cc     gp_proxy_table.obj (.text:gp_CheckAnnouncedDevice)
                  0001aaf4    000000ca     zstacktask.obj (.text:sendNodeDescRspInd$39)
                  0001abbe    00000002     libZStack_nwk_zr_ccs.a : nwk.obj (.text:nwk_orphan_ind_processing$90)
                  0001abc0    000000c8                            : aps_mede.obj (.text:APSME_AddTCLinkKey)
                  0001ac88    000000c8                            : nwk_util.obj (.text:NwkNotMyChildSendLeave)
                  0001ad50    000000c8     dpl_cc13x2.a : PowerCC26X2_tirtos.oem4f (.text:PowerCC26XX_standbyPolicy)
                  0001ae18    000000c4     libZStack_nwk_zr_ccs.a : aps.obj (.text:APS_UnBind$81)
                  0001aedc    000000c4     drivers_cc13x2.a : GPIOCC26XX.oem4f (.text:GPIO_init)
                  0001afa0    000000c4     maclib_nosecure_cc13x2_2_4g.a : mac_autopend.obj (.text:MAC_SrcMatchAddEntry)
                  0001b064    000000c4                                   : mac_hl_patch.obj (.text:macApiStartReq)
                  0001b128    000000c4                                   : mac_timer.obj (.text:macSymbolTimerTriggerCallback)
                  0001b1ec    000000c4     zcl_port.obj (.text:zcl_AF_DataRequest)
                  0001b2b0    000000c2     zcl.obj (.text:zclParseInReadRspCmd$23)
                  0001b372    00000002     rtsv7M4_T_le_v4SPD16_eabi.lib : div0.asm.obj (.text)
                  0001b374    000000c0     maclib_nosecure_cc13x2_2_4g.a : mac_pwr.obj (.text:MAC_PwrOffReq)
                  0001b434    000000c0     nvocmp.obj (.text:NVOCMP_erase$3)
                  0001b4f4    000000c0     drivers_cc13x2.a : PowerCC26X2.oem4f (.text:Power_releaseDependency)
                  0001b5b4    000000c0                      : TRNGCC26XX.oem4f (.text:TRNG_getRandom)
                  0001b674    000000c0                      : UARTCC26XX.oem4f (.text:UARTCC26XX_initIO)
                  0001b734    000000c0     maclib_nosecure_cc13x2_2_4g.a : mac_rx.obj (.text:rxPostRxUpdates$73)
                  0001b7f4    000000bc     libZStack_nwk_zr_ccs.a : nwk_util.obj (.text:NLDE_SendMsg)
                  0001b8b0    000000bc                            : nl_mede.obj (.text:NLME_NetworkFormationRequest)
                  0001b96c    000000bc     rf_multiMode_cc13x2.a : RFCC26X2_multiMode.c.cc13x2.ccs.o (.text:RF_initRadioSetup)
                  0001ba28    000000bc     zmac.obj (.text:ZMacStartReq)
                  0001bae4    000000bc     maclib_nosecure_cc13x2_2_4g.a : mac.obj (.text:macGetRFCmdDuration)
                  0001bba0    000000b8     drivers_cc13x2.a : PowerCC26X2.oem4f (.text:Power_setDependency)
                  0001bc58    000000b8                      : UARTCC26XX.oem4f (.text:UARTCC26XX_initHw)
                  0001bd10    000000b8     bdb.obj (.text:bdb_TCAddJoiningDevice)
                  0001bdc8    000000b8     drivers_cc13x2.a : NVSSPI25X.oem4f (.text:doErase)
                  0001be80    000000b8     maclib_nosecure_cc13x2_2_4g.a : mac_hl_patch.obj (.text:macMgmtReset)
                  0001bf38    000000b8     libZStack_nwk_zr_ccs.a : nwk.obj (.text:nwk_associate_cnf_processing$90)
                  0001bff0    000000b4     bdb_reporting.obj (.text:bdb_RepUpdateMarkBindings)
                  0001c0a4    000000b4     zcl_sampleapps_ui.obj (.text:uiActionProcessConfigureChannels$10)
                  0001c158    000000b0     libZStack_nwk_zr_ccs.a : aps_mede_cb.obj (.text:APSDE_DataIndication)
                  0001c208    000000b0                            : nl_mede.obj (.text:NLME_GetRequest)
                  0001c2b8    000000b0     zcl_sampleapps_ui.obj (.text:UI_UpdateGpStatusLine)
                  0001c368    000000b0     zd_app.obj (.text:ZDApp_LeaveReset)
                  0001c418    000000b0     zd_profile.obj (.text:ZDP_ParentAnnce)
                  0001c4c8    000000b0     maclib_nosecure_cc13x2_2_4g.a : mac_hl_patch.obj (.text:macDataTxComplete)
                  0001c578    000000b0                                   : mac_radio.obj (.text:macRadioUpdateTxPower)
                  0001c628    000000b0     zcl.obj (.text:zclParseInReportCmd)
                  0001c6d8    000000b0     zcl.obj (.text:zclParseInWriteCmd)
                  0001c788    000000ae     zstacktask.obj (.text:processSecApsLinkKeyGetReq$39)
                  0001c836    00000002     app_pem4f.oem4f (.text:ti_sysbios_BIOS_nullFunc__I)
                  0001c838    000000ac     nvocmp.obj (.text:NVOCMP_readContItemApi$3)
                  0001c8e4    000000ac     drivers_cc13x2.a : PINCC26XX.oem4f (.text:PIN_open)
                  0001c990    000000ac     maclib_nosecure_cc13x2_2_4g.a : mac_hl_patch.obj (.text:macApiBeaconStartReq)
                  0001ca3c    000000ac                                   : mac_hl_patch.obj (.text:macScanRxCoordRealign)
                  0001cae8    000000a8     driverlib.lib : setup.obj (.text:NOROM_SetupTrimDevice)
                  0001cb90    000000a8     nvocmp.obj (.text:NVOCMP_initNvApi$3)
                  0001cc38    000000a8     maclib_nosecure_cc13x2_2_4g.a : mac_hl_patch.obj (.text:macBeaconCheckTxTime)
                  0001cce0    000000a8                                   : mac_hl_patch.obj (.text:macTrackTimeoutCallback)
                  0001cd88    000000a4     libZStack_nwk_zr_ccs.a : aps_frag.obj (.text:APSF_ProcessAck)
                  0001ce2c    000000a4                            : aps_mede.obj (.text:APSME_CmdPktCM_CD$84)
                  0001ced0    000000a4     rf_multiMode_cc13x2.a : RFCC26X2_multiMode.c.cc13x2.ccs.o (.text:RF_ratRestartChannels)
                  0001cf74    000000a4     af.obj (.text:afBuildMSGIncoming$40)
                  0001d018    000000a4     maclib_nosecure_cc13x2_2_4g.a : mac.obj (.text:macSetupReceiveCmd)
                  0001d0bc    000000a4     libZStack_nwk_zr_ccs.a : nwk_util.obj (.text:nwk_SetCurrentPollRateType)
                  0001d160    000000a4     zstacktask.obj (.text:processZdoBindReq$39)
                  0001d204    000000a4     zcl_samplethermostat.obj (.text:zclSampleThermostat_processAfIncomingMsgInd$14)
                  0001d2a8    000000a2     libZStack_nwk_zr_ccs.a : rtg.obj (.text:RTG_SendRrec$94)
                  0001d34a    00000002     rom_sysbios.aem4f : rom_sysbios.obj (.text:ti_sysbios_heaps_HeapCallback_defaultDelete)
                  0001d34c    000000a0     rf_multiMode_cc13x2.a : RFCC26X2_multiMode.c.cc13x2.ccs.o (.text:RF_requestAccess)
                  0001d3ec    000000a0     libZStack_nwk_zr_ccs.a : ssp.obj (.text:SSP_SwitchNwkKey)
                  0001d48c    000000a0     zcl_sampleapps_ui.obj (.text:UI_UpdateNwkStatusLine)
                  0001d52c    000000a0     zmac.obj (.text:ZMacDataReqSec)
                  0001d5cc    000000a0     auto_init.aem4f : auto_init.oem4f (.text)
                  0001d66c    000000a0     maclib_nosecure_cc13x2_2_4g.a : mac_radio.obj (.text:scheduleNopWakeupCmd)
                  0001d70c    000000a0     rom_sysbios.aem4f : rom_sysbios.obj (.text:ti_sysbios_knl_Task_setPri__E)
                  0001d7ac    0000009c     libZStack_nwk_zr_ccs.a : aps_mede.obj (.text:APSME_RemoveDeviceReq)
                  0001d848    0000009c                            : nl_mede.obj (.text:NLME_LeaveReq)
                  0001d8e4    0000009c     nvocmp.obj (.text:NVOCMP_readHeader$3)
                  0001d980    0000009c     drivers_cc13x2.a : TRNGCC26XX.oem4f (.text:TRNG_construct)
                  0001da1c    0000009c     zd_sec_mgr.obj (.text:ZDSecMgrDeviceRemove)
                  0001dab8    0000009c     maclib_nosecure_cc13x2_2_4g.a : mac_radio.obj (.text:macRadioUpdateChannel)
                  0001db54    0000009c                                   : mac_radio.obj (.text:macRadioUpdateChannelRx)
                  0001dbf0    0000009c                                   : mac_tx.obj (.text:macTxDoneCallback)
                  0001dc8c    0000009c     rtsv7M4_T_le_v4SPD16_eabi.lib : memcpy_t2.asm.obj (.text)
                  0001dd28    0000009c     zcl_green_power.obj (.text:zclGp_SendGpProxyTableResponse)
                  0001ddc4    0000009c     zcl_port.obj (.text:zcl_HandleExternal)
                  0001de60    0000009a     libZStack_nwk_zr_ccs.a : rtg.obj (.text:RTG_RtgRecordInitiation)
                  0001defa    0000009a     zstacktask.obj (.text:sendSimpleDescRspInd$39)
                  0001df94    00000098     gp_common.obj (.text:GP_RecoveryKey$17)
                  0001e02c    00000098     nvocmp.obj (.text:NVOCMP_updateItemApi$3)
                  0001e0c4    00000098     rf_multiMode_cc13x2.a : RFCC26X2_multiMode.c.cc13x2.ccs.o (.text:RF_calculateDispatchTime)
                  0001e15c    00000098     drivers_cc13x2.a : TRNGCC26XX.oem4f (.text:TRNGCC26XX_hwiFxn)
                  0001e1f4    00000098     bdb_reporting.obj (.text:bdb_RepFindAttrEntry$43)
                  0001e28c    00000098     maclib_nosecure_cc13x2_2_4g.a : mac_hl_patch.obj (.text:macAutoPendAddSrcMatchTableEntry)
                  0001e324    00000098     zstackstartup.obj (.text:stackTask_init)
                  0001e3bc    00000098     drivers_cc13x2.a : UARTCC26XX.oem4f (.text:writeTxFifoFlush)
                  0001e454    00000096     rtsv7M4_T_le_v4SPD16_eabi.lib : ull_div_t2.asm.obj (.text)
                  0001e4ea    00000002     rom_sysbios.aem4f : rom_sysbios.obj (.text:xdc_runtime_SysCallback_defaultAbort)
                  0001e4ec    00000094     libZStack_nwk_zr_ccs.a : aps_mede.obj (.text:APSME_FrameTunnel$84)
                  0001e580    00000094     zd_profile.obj (.text:ZDP_MgmtNwkUpdateNotify)
                  0001e614    00000094     zd_sec_mgr.obj (.text:ZDSecMgrDeviceJoinDirect)
                  0001e6a8    00000094     maclib_nosecure_cc13x2_2_4g.a : mac.obj (.text:macRatCb_A)
                  0001e73c    00000094     zcl_port.obj (.text:zclport_registerEndpoint)
                  0001e7d0    00000092     drivers_cc13x2.a : UARTCC26XX.oem4f (.text:UARTCC26XX_writeCancel)
                  0001e862    00000092     zd_object.obj (.text:ZDO_ParseSimpleDescBuf)
                  0001e8f4    00000092     libZStack_nwk_zr_ccs.a : aps_util.obj (.text:apsGenerateAck)
                  0001e986    00000002     rom_sysbios.aem4f : rom_sysbios.obj (.text:xdc_runtime_SysCallback_defaultExit)
                  0001e988    00000090     zd_sec_mgr.obj (.text:APSME_LinkKeySet)
                  0001ea18    00000090     maclib_nosecure_cc13x2_2_4g.a : mac_hl_patch.obj (.text:MAC_ResumeReq)
                  0001eaa8    00000090     libZStack_nwk_zr_ccs.a : nwk_util.obj (.text:NLME_LeaveCmdSend)
                  0001eb38    00000090     rf_multiMode_cc13x2.a : RFCC26X2_multiMode.c.cc13x2.ccs.o (.text:RF_discardPendCmd)
                  0001ebc8    00000090                           : RFCC26X2_multiMode.c.cc13x2.ccs.o (.text:RF_getInfo)
                  0001ec58    00000090     bdb_finding_and_binding.obj (.text:bdb_ProcessIEEEAddrRsp)
                  0001ece8    00000090     maclib_nosecure_cc13x2_2_4g.a : mac_hl_patch.obj (.text:macCcmDecrypt)
                  0001ed78    00000090     gp_proxy.obj (.text:zclGp_GpPairingCommandCB)
                  0001ee08    0000008c     libZStack_nwk_zr_ccs.a : aps_mede.obj (.text:APSME_ConfirmKeyReq)
                  0001ee94    0000008c                            : nwk_util.obj (.text:NLME_RejoinRspSend)
                  0001ef20    0000008c     osal_port.obj (.text:OsalPort_heapMalloc$51)
                  0001efac    0000008c     osal_port.obj (.text:OsalPort_setTimer)
                  0001f038    0000008c     maclib_nosecure_cc13x2_2_4g.a : mac_hl_patch.obj (.text:macCcmEncrypt)
                  0001f0c4    0000008c                                   : mac_radio_tx.obj (.text:macRadioTxPrepCsmaSlottedIeee)
                  0001f150    0000008c                                   : mac_autopend.obj (.text:macSrcMatchCheckSrcAddr$69)
                  0001f1dc    0000008c     rom_sysbios.aem4f : rom_sysbios.obj (.text:ti_sysbios_gates_GateMutexPri_enter__E)
                  0001f268    0000008c     zcl.obj (.text:zcl_SendWriteRsp)
                  0001f2f4    0000008a     zcl.obj (.text:zclGetDataTypeLength)
                  0001f37e    00000002     rom_sysbios.aem4f : rom_sysbios.obj (.text:xdc_runtime_SysCallback_defaultFlush)
                  0001f380    00000088     libZStack_nwk_zr_ccs.a : assoc_list.obj (.text:AssocChildAging)
                  0001f408    00000088     driverlib.lib : osc.obj (.text:NOROM_OSCHF_AttemptToSwitchToXosc)
                  0001f490    00000088     nvocmp.obj (.text:NVOCMP_deleteItemApi$3)
                  0001f518    00000088     rf_multiMode_cc13x2.a : RFCC26X2_multiMode.c.cc13x2.ccs.o (.text:RF_cmdDispatchTime)
                  0001f5a0    00000088                           : RFCC26X2_multiMode.c.cc13x2.ccs.o (.text:RF_getTxPower)
                  0001f628    00000088     zd_sec_mgr.obj (.text:ZDSecMgrNewDeviceEvent)
                  0001f6b0    00000088     zd_sec_mgr.obj (.text:ZDSecMgrTclkReq)
                  0001f738    00000088     drivers_cc13x2.a : PowerCC26X2_calibrateRCOSC.oem4f (.text:calibrateRcoscHf2)
                  0001f7c0    00000088                      : PowerCC26X2.oem4f (.text:disableLFClockQualifiers)
                  0001f848    00000088     maclib_nosecure_cc13x2_2_4g.a : mac_mcu.obj (.text:macMcuOverflowSetPeriod)
                  0001f8d0    00000088                                   : mac_symbol_timer.obj (.text:macSymbolTimerInit)
                  0001f958    00000088     drivers_cc13x2.a : PowerCC26X2_calibrateRCOSC.oem4f (.text:updateSubSecInc)
                  0001f9e0    00000086     rtsv7M4_T_le_v4SPD16_eabi.lib : fd_cmp_t2.asm.obj (.text:__aeabi_cdrcmple)
                  0001fa66    00000086     libZStack_nwk_zr_ccs.a : nwk_util.obj (.text:nwkListStatusAddToSortedList)
                  0001faec    00000084     maclib_nosecure_cc13x2_2_4g.a : mac_autopend.obj (.text:MAC_SrcMatchEnable)
                  0001fb70    00000084     libZStack_nwk_zr_ccs.a : nwk_util.obj (.text:NLME_SetAssocFlags)
                  0001fbf4    00000084     nvocmp.obj (.text:NVOCMP_createItemApi$3)
                  0001fc78    00000084     drivers_cc13x2.a : NVSSPI25X.oem4f (.text:NVSSPI25X_close)
                  0001fcfc    00000084     rf_multiMode_cc13x2.a : RFCC26X2_multiMode.c.cc13x2.ccs.o (.text:RF_issueRadioFreeCb)
                  0001fd80    00000084                           : RFCC26X2_multiMode.c.cc13x2.ccs.o (.text:RF_verifyGap)
                  0001fe04    00000084     drivers_cc13x2.a : UARTCC26XX.oem4f (.text:UARTCC26XX_close)
                  0001fe88    00000084     zd_app.obj (.text:ZDApp_SaveNwkKey)
                  0001ff0c    00000084     zd_object.obj (.text:ZDO_ProcessPowerDescReq)
                  0001ff90    00000084     zd_profile.obj (.text:ZDP_BindUnbindReq)
                  00020014    00000084     bdb_finding_and_binding.obj (.text:bdb_ProcessSimpleDesc)
                  00020098    00000084     bdb_finding_and_binding.obj (.text:bdb_zclFindingBindingAddBindEntry$42)
                  0002011c    00000084     maclib_nosecure_cc13x2_2_4g.a : mac_radio.obj (.text:macRadioStartScan)
                  000201a0    00000084                                   : mac_timer.obj (.text:macTimerUpdateSymbolTimer)
                  00020224    00000084     libZStack_nwk_zr_ccs.a : nwk.obj (.text:nwk_ScanPANChanSelect)
                  000202a8    00000082     zd_nwk_mgr.obj (.text:ZDNwkMgr_BuildAndSendUpdateNotify$57)
                  0002032a    00000002     rom_sysbios.aem4f : rom_sysbios.obj (.text:xdc_runtime_SysCallback_defaultPutch)
                  0002032c    00000080     driverlib.lib : chipinfo.obj (.text:NOROM_ChipInfo_GetChipType)
                  000203ac    00000080     drivers_cc13x2.a : NVSCC26XX.oem4f (.text:NVSCC26XX_open)
                  0002042c    00000080     osal_port.obj (.text:OsalPort_msgFindDequeue)
                  000204ac    00000080     bdb_reporting.obj (.text:bdb_repAttrCfgRecordsArrayAdd$43)
                  0002052c    00000080     maclib_nosecure_cc13x2_2_4g.a : mac_mcu.obj (.text:macMcuOverflowSetCompare)
                  000205ac    00000080                                   : mac_radio.obj (.text:macRadioWakeupCb)
                  0002062c    00000080     libZStack_nwk_zr_ccs.a : nwk_bufs.obj (.text:nwk_MacDataBuffersDealloc)
                  000206ac    00000080     zstackstartup.obj (.text:stackTaskFxn$6)
                  0002072c    00000080     rom_sysbios.aem4f : rom_sysbios.obj (.text:ti_sysbios_family_arm_cc26xx_Timer_start__E)
                  000207ac    00000080     zcl_sampleapps_ui.obj (.text:uiActionProcessConfigurePriChannels$10)
                  0002082c    00000080     zcl_sampleapps_ui.obj (.text:uiActionProcessConfigureSecChannels$10)
                  000208ac    00000080     zcl.obj (.text:zclFindNextCmdRec$23)
                  0002092c    0000007c     nvocmp.obj (.text:NVOCMP_readItemApi$3)
                  000209a8    0000007c     rf_multiMode_cc13x2.a : RFCC26X2_multiMode.c.cc13x2.ccs.o (.text:RF_ratFreeChannel)
                  00020a24    0000007c     zcl_sampleapps_ui.obj (.text:UI_UpdateBdbStatusLine)
                  00020aa0    0000007c     zd_app.obj (.text:ZDO_JoinIndicationCB)
                  00020b1c    0000007c     drivers_cc13x2.a : NVSSPI25X.oem4f (.text:doRead)
                  00020b98    0000007c     zstacktask.obj (.text:processSecNwkKeyUpdateReq$39)
                  00020c14    0000007a     zd_sec_mgr.obj (.text:ZDSecMgrSendNwkKey)
                  00020c8e    0000007a     rtsv7M4_T_le_v4SPD16_eabi.lib : memset_t2.asm.obj (.text)
                  00020d08    00000078     libZStack_nwk_zr_ccs.a : addr_mgr.obj (.text:AddrMgrEntryLookupNwk)
                  00020d80    00000078     nvocmp.obj (.text:NVOCMP_checkItem$3)
                  00020df8    00000078     libZStack_nwk_zr_ccs.a : nwk_util.obj (.text:NwkNotMyChildListAdd)
                  00020e70    00000078     zd_app.obj (.text:ZDApp_RestoreNwkSecMaterial)
                  00020ee8    00000078     zd_object.obj (.text:ZDO_ProcessMgmtLeaveReq)
                  00020f60    00000078     zd_sec_mgr.obj (.text:ZDSecMgrClearNVKeyValues)
                  00020fd8    00000078     zmac.obj (.text:ZMacScanReq)
                  00021050    00000078     drivers_cc13x2.a : NVSSPI25X.oem4f (.text:doWriteVerify)
                  000210c8    00000078     maclib_nosecure_cc13x2_2_4g.a : mac_timer.obj (.text:macTimerSetRollover)
                  00021140    00000078                                   : mac_hl_patch.obj (.text:macTrackStartCallback)
                  000211b8    00000078     libZStack_nwk_zr_ccs.a : nwk_bufs.obj (.text:nwkbufs_hold)
                  00021230    00000078     zstacktask.obj (.text:processGpSecRsp$39)
                  000212a8    00000078     rom_sysbios.aem4f : rom_sysbios.obj (.text:ti_sysbios_heaps_HeapMem_allocUnprotected__E)
                  00021320    00000078     zcl_samplethermostat.obj (.text:zclSampleThermostat_ProcessIncomingMsg$14)
                  00021398    00000076     libZStack_nwk_zr_ccs.a : nwk_util.obj (.text:NLME_SendNetworkStatus)
                  0002140e    00000076     gp_common.obj (.text:gp_PopulateField)
                  00021484    00000076     zstacktask.obj (.text:sendBeaconNotifyInd$39)
                  000214fa    00000074     libZStack_nwk_zr_ccs.a : aps_mede.obj (.text:APSME_UpdateDeviceReq)
                  0002156e    00000002     zcl_samplethermostat.obj (.text:zclSampleThermostat_RemoveAppNvmData$14)
                  00021570    00000074     libZStack_nwk_zr_ccs.a : nwk_util.obj (.text:NLDE_DataIndSend)
                  000215e4    00000074     nvocmp.obj (.text:NVOCMP_writeItemApi$3)
                  00021658    00000074     drivers_cc13x2.a : PowerCC26X2_calibrateRCOSC.oem4f (.text:PowerCC26X2_auxISR)
                  000216cc    00000074     rf_multiMode_cc13x2.a : RFCC26X2_multiMode.c.cc13x2.ccs.o (.text:RF_ratDisableChannel)
                  00021740    00000074                           : RFCC26X2_multiMode.c.cc13x2.ccs.o (.text:RF_yield)
                  000217b4    00000074     libZStack_nwk_zr_ccs.a : rtg.obj (.text:RTG_GetRtgEntry)
                  00021828    00000074                            : rtg.obj (.text:RTG_ProcessRtDiscBits)
                  0002189c    00000074                            : rtg.obj (.text:RTG_UpdateRtDiscEntry$94)
                  00021910    00000074     zd_object.obj (.text:ZDO_ProcessActiveEPReq)
                  00021984    00000074     zd_sec_mgr.obj (.text:ZDSecMgrUpdateNwkKey)
                  000219f8    00000074     libZStack_nwk_zr_ccs.a : aps_groups.obj (.text:aps_AddGroup)
                  00021a6c    00000074     gp_common.obj (.text:gp_aliasDerivation)
                  00021ae0    00000074     maclib_nosecure_cc13x2_2_4g.a : mac_hl_patch.obj (.text:macAutoPoll)
                  00021b54    00000074     rom_sysbios.aem4f : rom_sysbios.obj (.text:ti_sysbios_gates_GateMutexPri_leave__E)
                  00021bc8    00000074     zd_object.obj (.text:zdoSendStateChangeMsg$58)
                  00021c3c    00000072     libZStack_nwk_zr_ccs.a : aps_mede.obj (.text:APSME_SearchTCLinkKeyEntry)
                  00021cae    00000072     rf_multiMode_cc13x2.a : RFCC26X2_multiMode.c.cc13x2.ccs.o (.text:RF_detachOverrides)
                  00021d20    00000072     zd_object.obj (.text:ZDO_CopyMatchInfo$58)
                  00021d92    00000072     drivers_cc13x2.a : SPICC26X2DMA.oem4f (.text:csnCallback)
                  00021e04    00000072     zstacktask.obj (.text:processZdoUnbindReq$39)
                  00021e76    00000002     zcl_samplethermostat.obj (.text:zclSampleThermostat_processKey$14)
                  00021e78    00000070     drivers_cc13x2.a : AESCCMCC26XX.oem4f (.text:AESCCM_cleanup)
                  00021ee8    00000070     libZStack_nwk_zr_ccs.a : aps_mede.obj (.text:APSME_FrameSecApplyCM$84)
                  00021f58    00000070                            : assoc_list.obj (.text:AssocGetWithAddress)
                  00021fc8    00000070     rf_multiMode_cc13x2.a : rfc.c.cc13x2.ccs.o (.text:NOROM_RFCAnaDivTxOverride)
                  00022038    00000070     nvocmp.obj (.text:NVOCMP_eraseNvApi$3)
                  000220a8    00000070     libZStack_nwk_zr_ccs.a : nwk_util.obj (.text:NwkNotMyChildListAging)
                  00022118    00000070     drivers_cc13x2.a : PINCC26XX.oem4f (.text:PIN_add)
                  00022188    00000070     rf_multiMode_cc13x2.a : RFCC26X2_multiMode.c.cc13x2.ccs.o (.text:RF_getCurrentTime)
                  000221f8    00000070     drivers_cc13x2.a : Random.oem4f (.text:Random_seedAutomatic)
                  00022268    00000070     bdb.obj (.text:bdb_GenerateInstallCodeCRC)
                  000222d8    00000070     gp_proxy.obj (.text:gp_ProxyTblInit)
                  00022348    00000070     gp_proxy.obj (.text:gp_getProxyTableByGpId)
                  000223b8    00000070     maclib_nosecure_cc13x2_2_4g.a : mac_tx.obj (.text:txComplete)
                  00022428    0000006e     rf_multiMode_cc13x2.a : RFCC26X2_multiMode.c.cc13x2.ccs.o (.text:RF_attachOverrides)
                  00022496    0000006e                           : RFCC26X2_multiMode.c.cc13x2.ccs.o (.text:RF_howToSchedule)
                  00022504    0000006e     rtsv7M4_T_le_v4SPD16_eabi.lib : ll_div_t2.asm.obj (.text)
                  00022572    00000002     --HOLE-- [fill = 0]
                  00022574    0000006d     rom_sysbios.aem4f : rom_sysbios.obj (.text:xdc_runtime_System_formatNum__I)
                  000225e1    00000003     --HOLE-- [fill = 0]
                  000225e4    0000006c     libZStack_nwk_zr_ccs.a : aps_mede.obj (.text:APSME_LinkKeySync$84)
                  00022650    0000006c                            : aps_mede.obj (.text:APSME_LookupExtAddr)
                  000226bc    0000006c     nvocmp.obj (.text:NVOCMP_getDstPage$3)
                  00022728    0000006c     rf_multiMode_cc13x2.a : RFCC26X2_multiMode.c.cc13x2.ccs.o (.text:RF_dispatchNextEvent)
                  00022794    0000006c     zd_object.obj (.text:ZDO_ParseAddrRsp)
                  00022800    0000006c     zd_sec_mgr.obj (.text:ZDSecMgrWriteNV$60)
                  0002286c    0000006c     maclib_nosecure_cc13x2_2_4g.a : mac_timer.obj (.text:macTimerRealign)
                  000228d8    0000006c                                   : mac_hl_patch.obj (.text:macTrackPeriodCallback)
                  00022944    0000006c     gp_proxy_table.obj (.text:pt_addProxyGroup$19)
                  000229b0    0000006c     zcl_sampleapps_ui.obj (.text:uiActionProcessConfigureBdbModes$10)
                  00022a1c    0000006c     zcl_samplethermostat.obj (.text:zclSampleThermostat_UiActionSetCoolPoint)
                  00022a88    0000006c     zcl_samplethermostat.obj (.text:zclSampleThermostat_UiActionSetHeatPoint)
                  00022af4    0000006a     libZStack_nwk_zr_ccs.a : aps_mede.obj (.text:APSME_SwitchKeyReq)
                  00022b5e    0000006a                            : rtg.obj (.text:RTG_CheckRtStatus)
                  00022bc8    00000068                            : addr_mgr.obj (.text:AddrMgrEntryLookupExt)
                  00022c30    00000068     driverlib.lib : osc.obj (.text:NOROM_OSCHF_SwitchToRcOscTurnOffXosc)
                  00022c98    00000068     libZStack_nwk_zr_ccs.a : nwk_util.obj (.text:NwkFreqAgilityIncErrorCnt$92)
                  00022d00    00000068     osal_port.obj (.text:OsalPort_registerTask)
                  00022d68    00000068     rf_multiMode_cc13x2.a : RFCC26X2_multiMode.c.cc13x2.ccs.o (.text:RF_hwiHw)
                  00022dd0    00000068     zd_profile.obj (.text:ZDP_EPRsp)
                  00022e38    00000068     binding_table.obj (.text:bindRemoveDev)
                  00022ea0    00000068     rtsv7M4_T_le_v4SPD16_eabi.lib : copy_decompress_lzss.c.obj (.text:decompress:lzss:__TI_decompress_lzss)
                  00022f08    00000068     zd_profile.obj (.text:fillAndSend$59)
                  00022f70    00000068     maclib_nosecure_cc13x2_2_4g.a : mac_radio_tx.obj (.text:macRadioTxPrepCsmaUnslottedIeee)
                  00022fd8    00000068                                   : mac_rx.obj (.text:macRxHaltCleanup)
                  00023040    00000068                                   : mac_rx_onoff.obj (.text:macRxOn)
                  000230a8    00000068     libZStack_nwk_zr_ccs.a : nwk.obj (.text:nwk_start_cnf_processing$90)
                  00023110    00000068     zstackapi.obj (.text:sendReqRsp$8)
                  00023178    00000066     zstacktask.obj (.text:processSecApsLinkKeyRemoveReq$39)
                  000231de    00000002     --HOLE-- [fill = 0]
                  000231e0    00000064     drivers_cc13x2.a : AESCCMCC26XX.oem4f (.text:AESCCM_waitForResult)
                  00023244    00000064                      : AESECBCC26XX.oem4f (.text:AESECB_waitForResult)
                  000232a8    00000064     libZStack_nwk_zr_ccs.a : aps_mede.obj (.text:APSME_CmdPkt)
                  0002330c    00000064     drivers_cc13x2.a : Button.oem4f (.text:Button_gpioCallbackFxn)
                  00023370    00000064     nvocmp.obj (.text:NVOCMP_findSignature$3)
                  000233d4    00000064     osal_port.obj (.text:OsalPort_clearEvent)
                  00023438    00000064     osal_port.obj (.text:OsalPort_pwrmgrTaskState)
                  0002349c    00000064     libZStack_nwk_zr_ccs.a : rtg.obj (.text:RTG_SendRErr)
                  00023500    00000064     drivers_cc13x2.a : UARTCC26XX.oem4f (.text:UARTCC26XX_control)
                  00023564    00000064     zd_app.obj (.text:ZDApp_StoreNwkSecMaterial)
                  000235c8    00000064     zstackapi.obj (.text:Zstackapi_sysNwkInfoReadReq)
                  0002362c    00000064     maclib_nosecure_cc13x2_2_4g.a : mac.obj (.text:macRequestBackoff)
                  00023690    00000064                                   : mac_timer.obj (.text:macSymbolTimerRolloverCallback)
                  000236f4    00000064                                   : mac_timer.obj (.text:macTimerAddTimer)
                  00023758    00000064     libZStack_nwk_zr_ccs.a : nwk.obj (.text:nwk_BeaconToNative)
                  000237bc    00000064     zstackapi.obj (.text:sendReqDefaultRsp$8)
                  00023820    00000064     zcl_sampleapps_ui.obj (.text:uiProcessIdentifyTimeChange)
                  00023884    00000064     zcl.obj (.text:zclFindNextAttrRec$23)
                  000238e8    00000064     gp_proxy.obj (.text:zclGp_GpProxyCommissioningModeCB)
                  0002394c    00000064     zcl_samplethermostat.obj (.text:zclSampleThermostat_SetpointRaiseLowerCB$14)
                  000239b0    00000062     libZStack_nwk_zr_ccs.a : aps.obj (.text:APS_ReflectMonitor$81)
                  00023a12    00000062     ti_drivers_config.obj (.text:Board_sendExtFlashByte)
                  00023a74    00000062     rf_multiMode_cc13x2.a : RFCC26X2_multiMode.c.cc13x2.ccs.o (.text:RF_syncCb)
                  00023ad6    00000062     drivers_cc13x2.a : UARTCC26XX.oem4f (.text:UARTCC26XX_swiIntFxn)
                  00023b38    00000062     zstacktask.obj (.text:sendIeeeAddrRspInd$39)
                  00023b9a    00000062     zstacktask.obj (.text:sendNwkAddrRspInd$39)
                  00023bfc    00000062     zcl.obj (.text:zclParseInWriteRspCmd$23)
                  00023c5e    00000002     --HOLE-- [fill = 0]
                  00023c60    00000060     drivers_cc13x2.a : AESCCMCC26XX.oem4f (.text:AESCCM_hwiFxn)
                  00023cc0    00000060                      : AESECBCC26XX.oem4f (.text:AESECB_hwiFxn)
                  00023d20    00000060                      : CryptoResourceCC26XX.oem4f (.text:CryptoResourceCC26XX_constructRTOSObjects)
                  00023d80    00000060                      : GPIOCC26XX.oem4f (.text:GPIO_write)
                  00023de0    00000060     libZStack_nwk_zr_ccs.a : nl_mede.obj (.text:NLME_NwkDiscReq2)
                  00023e40    00000060     rf_multiMode_cc13x2.a : RFCC26X2_multiMode.c.cc13x2.ccs.o (.text:RF_applyRfCorePatch)
                  00023ea0    00000060     drivers_cc13x2.a : TRNGCC26XX.oem4f (.text:TRNGCC26XX_startTrng)
                  00023f00    00000060     zd_object.obj (.text:ZDO_ProcessMgmtPermitJoinReq)
                  00023f60    00000060     zd_profile.obj (.text:ZDP_NwkAddrReq)
                  00023fc0    00000060     bdb_finding_and_binding.obj (.text:bdb_SendIdentifyQuery)
                  00024020    00000060     gp_common.obj (.text:gpLookForGpd)
                  00024080    00000060     maclib_nosecure_cc13x2_2_4g.a : mac_radio.obj (.text:macGetRadioTxPowerReg)
                  000240e0    00000060                                   : mac_timer.obj (.text:macTimerCancel)
                  00024140    00000060                                   : mac_timer.obj (.text:macTimerGetNextTimer)
                  000241a0    00000060     zcl_samplethermostat.obj (.text:zclSampleThermostat_UpdateLedState$14)
                  00024200    0000005e     libZStack_nwk_zr_ccs.a : ssp_hash.obj (.text:SSP_KeyedHash)
                  0002425e    0000005e     zmac.obj (.text:convertTxOptions)
                  000242bc    0000005e     zstacktask.obj (.text:gpSecRecMsgSend$39)
                  0002431a    0000005e     zstacktask.obj (.text:sendZdoSrcRtgInd$39)
                  00024378    0000005c     nvocmp.obj (.text:NVOCMP_readItem$3)
                  000243d4    0000005c     osal_port.obj (.text:OsalPort_msgReceive)
                  00024430    0000005c     osal_port.obj (.text:OsalPort_setEvent)
                  0002448c    0000005c     drivers_cc13x2.a : PINCC26XX.oem4f (.text:PIN_remove)
                  000244e8    0000005c     rf_multiMode_cc13x2.a : RFCC26X2_multiMode.c.cc13x2.ccs.o (.text:RF_hwiCpe0PowerFsm)
                  00024544    0000005c     libZStack_nwk_zr_ccs.a : rtg.obj (.text:RTG_GetRtgSrcIndex$94)
                  000245a0    0000005c     zd_object.obj (.text:ZDO_RemoveMatchMemory$58)
                  000245fc    0000005c     zd_sec_mgr.obj (.text:ZDSecMgrGenerateKeyFromSeed)
                  00024658    0000005c     zd_sec_mgr.obj (.text:ZDSecMgrReadKeyFromNv)
                  000246b4    0000005c     drivers_cc13x2.a : NVSCC26XX.oem4f (.text:doErase)
                  00024710    0000005c                      : SPICC26X2DMA.oem4f (.text:initHw)
                  0002476c    0000005c     maclib_nosecure_cc13x2_2_4g.a : mac_radio.obj (.text:macRadioSetChannel)
                  000247c8    0000005c                                   : mac_radio.obj (.text:macRadioSetChannelRx)
                  00024824    0000005c                                   : mac_hl_patch.obj (.text:macSetDefaultsByPatch)
                  00024880    0000005c     libZStack_nwk_zr_ccs.a : nwk.obj (.text:nwk_BeaconFromNative)
                  000248dc    0000005c     zstacktask.obj (.text:processApsAddGroup$39)
                  00024938    0000005c     zstacktask.obj (.text:sendActiveEPRspInd$39)
                  00024994    0000005c     zstacktask.obj (.text:sendMatchDescRspInd$39)
                  000249f0    0000005c     drivers_cc13x2.a : UARTCC26XX.oem4f (.text:startTxFifoEmptyClk)
                  00024a4c    0000005c     app_pem4f.oem4f (.text:xdc_runtime_Startup_getState__I)
                  00024aa8    0000005c     zcl_samplethermostat.obj (.text:zclSampleThermostat_initParameters$14)
                  00024b04    0000005c     zglobals.obj (.text:zgInitItems)
                  00024b60    0000005a     zcl.obj (.text:zclParseInDiscAttrsExtRspCmd$23)
                  00024bba    00000002     --HOLE-- [fill = 0]
                  00024bbc    00000058     libZStack_nwk_zr_ccs.a : addr_mgr.obj (.text:AddrMgrEntryAdd$80)
                  00024c14    00000058     nvocmp.obj (.text:NVOCMP_getItemLenApi$3)
                  00024c6c    00000058     osal_port_timers.obj (.text:OsalPortTimers_stopTimer)
                  00024cc4    00000058     drivers_cc13x2.a : PowerCC26X2_calibrateRCOSC.oem4f (.text:PowerCC26X2_initiateCalibration)
                  00024d1c    00000058     rf_multiMode_cc13x2.a : RFCC26X2_multiMode.c.cc13x2.ccs.o (.text:RF_TxPowerTable_findValue)
                  00024d74    00000058     drivers_cc13x2.a : TRNGCC26XX.oem4f (.text:TRNG_init)
                  00024dcc    00000058     zd_profile.obj (.text:ZDP_MgmtPermitJoinReq)
                  00024e24    00000058     bdb.obj (.text:bdb_TCJoiningDeviceFree$41)
                  00024e7c    00000058     boot.aem4f : boot.oem4f (.text)
                  00024ed4    00000058     drivers_cc13x2.a : NVSSPI25X.oem4f (.text:extFlashWaitReady)
                  00024f2c    00000058     maclib_nosecure_cc13x2_2_4g.a : mac_sleep.obj (.text:macCanSleep)
                  00024f84    00000058     libZStack_nwk_zr_ccs.a : nwk_util.obj (.text:nwkTransmissionFailures)
                  00024fdc    00000058                            : nwk.obj (.text:nwk_indSendError$90)
                  00025034    00000058     osal_nv.obj (.text:osal_nv_item_init_ex)
                  0002508c    00000058     rom_sysbios.aem4f : rom_sysbios.obj (.text:ti_sysbios_heaps_HeapMem_alloc__E)
                  000250e4    00000058     osal_port_timers.obj (.text:timerCb$52)
                  0002513c    00000058     zcl_general.obj (.text:zclGeneral_HdlIncoming$24)
                  00025194    00000058     zcl_samplethermostat.obj (.text:zclSampleThermostat_UpdateStatusLine$14)
                  000251ec    00000056     drivers_cc13x2.a : LED.oem4f (.text:LED_startBlinking)
                  00025242    00000056     rf_multiMode_cc13x2.a : RFCC26X2_multiMode.c.cc13x2.ccs.o (.text:RF_defaultSubmitPolicy)
                  00025298    00000056     zd_sec_mgr.obj (.text:ZDSecMgrAuthenticationCheck)
                  000252ee    00000056     libZStack_nwk_zr_ccs.a : dgp_stub.obj (.text:gp_SecBuildNonce$79)
                  00025344    00000056     zcl_sampleapps_ui.obj (.text:uiArrayToString$10)
                  0002539a    00000056     zcl.obj (.text:zclParseInReadReportCfgCmd)
                  000253f0    00000054     drivers_cc13x2.a : AESCCMCC26XX.oem4f (.text:AESCCM_construct)
                  00025444    00000054                      : AESECBCC26XX.oem4f (.text:AESECB_construct)
                  00025498    00000054     libZStack_nwk_zr_ccs.a : assoc_list.obj (.text:AssocRemove)
                  000254ec    00000054     driverlib.lib : prcm.obj (.text:NOROM_PRCMPowerDomainsAllOff)
                  00025540    00000054     nvocmp.obj (.text:NVOCMP_doNVCRC$3)
                  00025594    00000054     drivers_cc13x2.a : NVSCC26XX.oem4f (.text:NVSCC26XX_init)
                  000255e8    00000054     rf_multiMode_cc13x2.a : RFCC26X2_multiMode.c.cc13x2.ccs.o (.text:RF_fsmXOSCState)
                  0002563c    00000054     libZStack_nwk_zr_ccs.a : rtg.obj (.text:RTG_GetStochastic)
                  00025690    00000054     drivers_cc13x2.a : StructRingBuf.oem4f (.text:StructRingBuf_put)
                  000256e4    00000054     dpl_cc13x2.a : SwiP_tirtos.oem4f (.text:SwiP_construct)
                  00025738    00000054     bdb.obj (.text:bdb_ZclIdentifyCmdInd)
                  0002578c    00000054     zcl_green_power.obj (.text:gp_AddNotificationMsgNode)
                  000257e0    00000054     gp_proxy.obj (.text:gp_returnOperationalChannel)
                  00025834    00000054     zcl.obj (.text:zclParseInDiscAttrsRspCmd$23)
                  00025888    00000052     zstacktask.obj (.text:processSecNwkKeyGetReq$39)
                  000258da    00000002     --HOLE-- [fill = 0]
                  000258dc    00000051     zcl_sampleapps_ui.obj (.text:uiActionProcessConfigureFindBind$10)
                  0002592d    00000003     --HOLE-- [fill = 0]
                  00025930    00000050     libZStack_nwk_zr_ccs.a : addr_mgr.obj (.text:AddrMgrEntryGet)
                  00025980    00000050     zstacktask.obj (.text:BDBBindNotificationsendMsgToAllCBs$39)
                  000259d0    00000050     zstacktask.obj (.text:BDBTCLinkKeyExchangeNotificationsendMsgToAllCB$39)
                  00025a20    00000050     drivers_cc13x2.a : GPIOCC26XX.oem4f (.text:GPIO_enableInt)
                  00025a70    00000050     nvocmp.obj (.text:NVOCMP_compactNvApi$3)
                  00025ac0    00000050     libZStack_nwk_zr_ccs.a : nwk_util.obj (.text:NwkNotMyChildListDelete)
                  00025b10    00000050                            : rtg.obj (.text:RTG_SendBrokenRoute)
                  00025b60    00000050     drivers_cc13x2.a : SPICC26X2DMA.oem4f (.text:SPICC26X2DMA_close)
                  00025bb0    00000050     libZStack_nwk_zr_ccs.a : ssp.obj (.text:SSP_GetNwkKey)
                  00025c00    00000050     drivers_cc13x2.a : TRNGCC26XX.oem4f (.text:TRNGCC26XX_waitForResult)
                  00025c50    00000050                      : NVSSPI25X.oem4f (.text:extFlashSpiWrite)
                  00025ca0    00000050     maclib_nosecure_cc13x2_2_4g.a : mac_rx_onoff.obj (.text:macRxOffRequest)
                  00025cf0    00000050                                   : mac_timer.obj (.text:macTimerStart)
                  00025d40    00000050     libZStack_nwk_zr_ccs.a : nwk_util.obj (.text:nlmeAddConflictedAddrTable$92)
                  00025d90    00000050     osal_port.obj (.text:osalHeapInitFxn)
                  00025de0    00000050     osal_nv.obj (.text:osal_nv_delete_ex)
                  00025e30    00000050     zstacktask.obj (.text:sendLeaveInd$39)
                  00025e80    00000050     zcl_port.obj (.text:zclport_writeNV)
                  00025ed0    0000004f     zcl_sampleapps_ui.obj (.text:uiActionProcessConfigureNwkFormation$10)
                  00025f1f    00000001     --HOLE-- [fill = 0]
                  00025f20    0000004f     zcl_sampleapps_ui.obj (.text:uiActionProcessConfigureNwkSteering$10)
                  00025f6f    00000001     --HOLE-- [fill = 0]
                  00025f70    0000004e     libZStack_nwk_zr_ccs.a : aps_util.obj (.text:apsAckFindMatchCB$86)
                  00025fbe    0000004e     zstacktask.obj (.text:processSecNwkKeySetReq$39)
                  0002600c    0000004c     libZStack_nwk_zr_ccs.a : aps_mede.obj (.text:APSME_GetRequest)
                  00026058    0000004c     zstacktask.obj (.text:BDBsendMsgToAllCBs$39)
                  000260a4    0000004c     cui.obj (.text:CUI_updateCursor$9)
                  000260f0    0000004c     main.obj (.text:Main_assertHandler)
                  0002613c    0000004c     driverlib.lib : prcm.obj (.text:NOROM_PRCMPowerDomainsAllOn)
                  00026188    0000004c     nvocmp.obj (.text:NVOCMP_setItemInactive$3)
                  000261d4    0000004c     osal_port.obj (.text:OsalPort_msgSend)
                  00026220    0000004c     rf_multiMode_cc13x2.a : RFCC26X2_multiMode.c.cc13x2.ccs.o (.text:RF_wakeupNotification)
                  0002626c    0000004c     libZStack_nwk_zr_ccs.a : rtg.obj (.text:RTG_GetLinkCost$94)
                  000262b8    0000004c     drivers_cc13x2.a : StructRingBuf.oem4f (.text:StructRingBuf_get)
                  00026304    0000004c                      : UARTCC26XX.oem4f (.text:UARTCC26XX_readCancel)
                  00026350    0000004c                      : UDMACC26XX.oem4f (.text:UDMACC26XX_open)
                  0002639c    0000004c     util_timer.obj (.text:UtilTimer_construct)
                  000263e8    0000004c     zmac.obj (.text:ZMacAssociateRsp)
                  00026434    0000004c     zmac.obj (.text:ZMacSendNoData)
                  00026480    0000004c     af.obj (.text:afDelete)
                  000264cc    0000004c     bdb_finding_and_binding.obj (.text:bdb_SetIdentifyActiveEndpoint)
                  00026518    0000004c     rtsv7M4_T_le_v4SPD16_eabi.lib : cpy_tbl.c.obj (.text:copy_in)
                  00026564    0000004c     gp_proxy.obj (.text:gp_stopCommissioningMode)
                  000265b0    0000004c     maclib_nosecure_cc13x2_2_4g.a : mac_low_level.obj (.text:macLowLevelYield)
                  000265fc    0000004c     libZStack_nwk_zr_ccs.a : nwk_bufs.obj (.text:nwkDB_DeleteRecAll)
                  00026648    0000004c     osal_port.obj (.text:osalHeapGetStatsFxn)
                  00026694    0000004c     osal_nv.obj (.text:osal_nv_read_match_entry)
                  000266e0    0000004a     zcl.obj (.text:zclFindAttrRec)
                  0002672a    00000002     --HOLE-- [fill = 0]
                  0002672c    00000048     libZStack_nwk_zr_ccs.a : addr_mgr.obj (.text:AddrMgrEntrySet$80)
                  00026774    00000048     ti_drivers_config.obj (.text:Board_wakeUpExtFlash)
                  000267bc    00000048     libZStack_nwk_zr_ccs.a : nl_mede.obj (.text:NLME_PermitJoiningSet$88)
                  00026804    00000048     rf_multiMode_cc13x2.a : rfc.c.cc13x2.ccs.o (.text:NOROM_RFCSynthPowerDown)
                  0002684c    00000048     nvocmp.obj (.text:NVOCMP_write$3)
                  00026894    00000048     drivers_cc13x2.a : NVSSPI25X.oem4f (.text:NVSSPI25X_read)
                  000268dc    00000048                      : NVS.oem4f (.text:NVS_open)
                  00026924    00000048                      : PINCC26XX.oem4f (.text:PIN_setOutputEnable)
                  0002696c    00000048                      : PowerCC26X2_calibrateRCOSC.oem4f (.text:PowerCC26X2_RCOSC_clockFunc)
                  000269b4    00000048                      : PowerCC26X2.oem4f (.text:PowerCC26XX_switchXOSC_HF)
                  000269fc    00000048     cui.obj (.text:UartReadCallback$9)
                  00026a44    00000048     mac_util.obj (.text:Util_itoa)
                  00026a8c    00000048     zd_object.obj (.text:ZDO_CompareClusterLists$58)
                  00026ad4    00000048     zd_profile.obj (.text:ZDO_RegisterForZDOMsg)
                  00026b1c    00000048     af.obj (.text:afDataReqMTU)
                  00026b64    00000048     bdb_reporting.obj (.text:bdb_clusterEndpointArrayIncrementAll$43)
                  00026bac    00000048     bdb_finding_and_binding.obj (.text:bdb_setEpDescListToActiveEndpoint)
                  00026bf4    00000048     binding_table.obj (.text:bindAddressClear)
                  00026c3c    00000048     drivers_cc13x2.a : NVSCC26XX.oem4f (.text:disableFlashCache)
                  00026c84    00000048                      : NVSSPI25X.oem4f (.text:extFlashMassErase)
                  00026ccc    00000048     zstacktask.obj (.text:isDevicePartOfNetwork$39)
                  00026d14    00000048     maclib_nosecure_cc13x2_2_4g.a : mac_radio.obj (.text:macRadioNeedAdjustPower)
                  00026d5c    00000048                                   : mac_timer.obj (.text:macTimerUpdActive)
                  00026da4    00000048     libZStack_nwk_zr_ccs.a : nwk.obj (.text:nwkBuildDataCnf)
                  00026dec    00000048     zstacktask.obj (.text:sendDeviceAnnounceInd$39)
                  00026e34    00000048     zstacktask.obj (.text:sendNwkFrameFwdNotificationCBMsg$39)
                  00026e7c    00000048     drivers_cc13x2.a : PowerCC26X2.oem4f (.text:switchXOSCHF)
                  00026ec4    00000048                      : UARTCC26XX.oem4f (.text:writeFinishedDoCallback)
                  00026f0c    00000048     zcl_green_power.obj (.text:zclGp_HdlIncoming$25)
                  00026f54    00000046     drivers_cc13x2.a : RingBuf.oem4f (.text:RingBuf_put)
                  00026f9a    00000046     zstacktask.obj (.text:gpCheckAnnceMsgSend$39)
                  00026fe0    00000046     libZStack_nwk_zr_ccs.a : nwk.obj (.text:nwk_comm_status_ind_processing$90)
                  00027026    00000046                            : rtg.obj (.text:rtgRReqFindMatchCB$94)
                  0002706c    00000046     zcl.obj (.text:zclParseInReadCmd)
                  000270b2    00000002     --HOLE-- [fill = 0]
                  000270b4    00000044     drivers_cc13x2.a : GPIOCC26XX.oem4f (.text:GPIO_disableInt)
                  000270f8    00000044     maclib_nosecure_cc13x2_2_4g.a : mac_timer.obj (.text:MAC_PwrNextTimeout)
                  0002713c    00000044     driverlib.lib : chipinfo.obj (.text:NOROM_ChipInfo_GetHwRevision)
                  00027180    00000044     nvocmp.obj (.text:NVOCMP_getFreeNvApi$3)
                  000271c4    00000044     drivers_cc13x2.a : NVSCC26XX.oem4f (.text:NVSCC26XX_read)
                  00027208    00000044                      : PINCC26XX.oem4f (.text:PIN_swi)
                  0002724c    00000044                      : PWM.oem4f (.text:PWM_init)
                  00027290    00000044     libZStack_nwk_zr_ccs.a : rtg.obj (.text:RTG_MTORouteReq)
                  000272d4    00000044     drivers_cc13x2.a : SPI.oem4f (.text:SPI_init)
                  00027318    00000044                      : UART.oem4f (.text:UART_init)
                  0002735c    00000044     zd_app.obj (.text:ZDApp_RestoreNwkKey)
                  000273a0    00000044     zd_app.obj (.text:ZDO_JoinConfirmCB)
                  000273e4    00000044     zd_profile.obj (.text:ZDP_MgmtLeaveReq)
                  00027428    00000044     zd_profile.obj (.text:ZDP_SendData)
                  0002746c    00000044     bdb_reporting.obj (.text:bdb_RepLoadCfgRecords$43)
                  000274b0    00000044     bdb_reporting.obj (.text:bdb_clusterEndpointArrayUpdateAt$43)
                  000274f4    00000044     maclib_nosecure_cc13x2_2_4g.a : mac_rx_onoff.obj (.text:macRxDisable)
                  00027538    00000044                                   : mac_tx.obj (.text:macTxTimestampCallback)
                  0002757c    00000044     libZStack_nwk_zr_ccs.a : nwk_util.obj (.text:nwkHandleBrokenRoute)
                  000275c0    00000044                            : nwk_util.obj (.text:nwkNeighborAdd)
                  00027604    00000044                            : rtg.obj (.text:rtgIsValidNeighbor$94)
                  00027648    00000044     zcl_samplethermostat.obj (.text:zclSampleThermostat_initialization$14)
                  0002768c    00000044     zstacktask.obj (.text:zdoNwkDiscCnfCB$39)
                  000276d0    00000042     drivers_cc13x2.a : SPICC26X2DMA.oem4f (.text:SPICC26X2DMA_swiFxn)
                  00027712    00000042     zstacktask.obj (.text:gp_CommissioningModeInd$39)
                  00027754    00000040     libZStack_nwk_zr_ccs.a : aps_mede.obj (.text:APSDE_FrameSend)
                  00027794    00000040     zstacktask.obj (.text:BDBIdentifyTimesendMsgToAllCBs$39)
                  000277d4    00000040     dpl_cc13x2.a : ClockP_tirtos.oem4f (.text:ClockP_construct)
                  00027814    00000040                  : ClockP_tirtos.oem4f (.text:ClockP_create)
                  00027854    00000040     libZStack_nwk_zr_ccs.a : nwk_util.obj (.text:NLDE_BuildSrcRtgFrame)
                  00027894    00000040                            : nwk_util.obj (.text:NLME_IsAddressBroadcast)
                  000278d4    00000040     driverlib.lib : osc.obj (.text:NOROM_OSC_HPOSCRelativeFrequencyOffsetGet)
                  00027914    00000040     osal_port_timers.obj (.text:OsalPortTimers_getTimerTimeout)
                  00027954    00000040     osal_port.obj (.text:OsalPort_heapFree$51)
                  00027994    00000040     drivers_cc13x2.a : PWM.oem4f (.text:PWM_open)
                  000279d4    00000040                      : PowerCC26X2.oem4f (.text:PowerCC26XX_isStableXOSC_HF)
                  00027a14    00000040     libZStack_nwk_zr_ccs.a : rtg.obj (.text:RTG_BcastHold$94)
                  00027a54    00000040     drivers_cc13x2.a : Random.oem4f (.text:Random_getNumber)
                  00027a94    00000040                      : RingBuf.oem4f (.text:RingBuf_get)
                  00027ad4    00000040                      : SPI.oem4f (.text:SPI_open)
                  00027b14    00000040                      : TRNGCC26XX.oem4f (.text:TRNGCC26XX_copyToClient)
                  00027b54    00000040                      : UART.oem4f (.text:UART_open)
                  00027b94    00000040     zd_app.obj (.text:ZDO_LeaveCnf)
                  00027bd4    00000040     zd_sec_mgr.obj (.text:ZDSecMgrUpdateTCAddress)
                  00027c14    00000040     libZStack_nwk_zr_ccs.a : aps_groups.obj (.text:aps_GroupsWriteNV)
                  00027c54    00000040     bdb.obj (.text:bdb_SendMsg)
                  00027c94    00000040     bdb.obj (.text:bdb_nwkJoiningFormation$41)
                  00027cd4    00000040     bdb_reporting.obj (.text:bdb_repAttrDefaultCfgRecordsLinkedListSearch$43)
[...]
20005502  APS_TaskID                                                      
20005503  APS_AllowDataRequests                                           
20005504  AIB_MaxBindingTime                                              
20005508  apsfSendFragmented                                              
2000550c  AIB_apsTrustCenterAddress                                       
20005510  pAPS_UnBind                                                     
20005514  pAPS_GetBind                                                    
20005518  pAPS_DataConfirmReflect                                         
2000551c  pAPS_DataIndReflect                                             
20005520  pAPS_BindingTimeoutCB                                           
20005524  apsfProcessAck                                                  
20005528  apsfSendOsalMsg                                                 
20005530  APS_lastDupTime                                                 
20005534  AIB_apsUseExtendedPANID                                         
2000553c  ZDNwkMgr_TaskID                                                 
2000553d  ZDNwkMgr_MgmtNwkUpdateNotifyTransSeq                            
2000553e  ZDNwkMgr_NumUpdateNotifySent                                    
2000553f  ZDNwkMgr_WaitingForNotifyConfirm                                
20005540  ZDNwkMgr_NewChannel                                             
20005542  ZDNwkMgr_UpdateNotifyTimer                                      
20005544  ZDNwkMgr_TotalTransmissions                                     
20005546  ZDNwkMgr_TxFailures                                             
20005548  pZDNwkMgr_ProcessDataConfirm                                    
2000554c  pZDNwkMgr_ReportChannelInterference                             
20005550  pZDNwkMgr_EDScanConfirmCB                                       
20005554  pZDNwkMgr_NetworkReportCB                                       
20005558  pZDNwkMgr_NetworkUpdateCB                                       
2000555c  ZDNwkMgr_MgmtNwkUpdateNotifyAddr                                
20005568  ZDNwkMgr_MgmtNwkUpdateReq                                       
20005574  ti_sysbios_gates_GateMutex_Object__table__V                     
200055ac  macBeaconPayload                                                
200055e0  zclMenuApp                                                      
20005614  pMacDataTx                                                      
20005618  macDataTxIndirect                                               
2000561c  macDataRequeueIndirect                                          
20005620  macDataRxBeaconCritical                                         
20005624  macDataTxBeaconComplete                                         
20005628  macDataSetSched                                                 
2000562c  macDataCheckSched                                               
20005630  macDataCheckTxTime                                              
20005634  macDataBeaconRequeue                                            
20005638  csmPhy                                                          
2000563c  macTimerRollover                                                
20005640  macTimerNewRollover                                             
20005644  ti_sysbios_knl_Swi_Module_State_0_readyQ__A                     
20005674  ti_sysbios_knl_Swi_Object__table__V                             
200056a4  ti_sysbios_knl_Task_Module_State_0_readyQ__A                    
200056d4  macSpecUsecsPerSymbol                                           
200056d8  macPrevPeriodRatCount                                           
200056dc  macSymbolTimerRollover                                          
200056e0  macSymbolTimerTrigger                                           
200056fc  macTxSlottedDelayFactor                                         
200056fd  macTxType                                                       
200056fe  macTxBe                                                         
200056ff  macTxGpInterframeDelay                                          
20005700  txAckReq                                                        
20005703  txSeqn                                                          
20005705  numTx                                                           
20005706  macTxCsmaBackoffDelay                                           
20005708  macCsmaRtcTimerId                                               
2000570c  macAckDbg                                                       
20005744  _hposcCoeffs                                                    
20005768  macActionSet                                                    
2000578c  bdbIndentifyActiveEndpoint                                      
20005790  pfnIdentifyTimeChangeCB                                         
20005794  pfnBindNotificationCB                                           
20005798  bdb_FindingBindingTargetSimpleDesc                              
200057b0  pbindAddEntry                                                   
200057b4  pbindNumOfEntries                                               
200057b8  pbindRemoveDev                                                  
200057bc  pBindInitNV                                                     
200057c0  pBindSetDefaultNV                                               
200057c4  pBindRestoreFromNV                                              
200057c8  pBindWriteNV                                                    
200057cc  macTasksEvents                                                  
200057f0  ti_sysbios_knl_Clock_Object__table__V                           
20005810  xdc_runtime_Error_IgnoreBlock                                   
20005830  zcl_radius                                                      
20005831  zcl_InSeqNum                                                    
20005832  zcl_TransID                                                     
20005834  zcl_ValidateAttrDataCB                                          
2000584c  gp_TaskID                                                       
20005850  GP_DataCnfGCB                                                   
20005854  GP_stopCommissioningModeGCB                                     
20005858  GP_DataIndGCB                                                   
2000585c  GP_SecReqGCB                                                    
20005860  GP_CheckAnnouncedDeviceGCB                                      
20005864  GP_expireDuplicateFilteringGCB                                  
20005868  zgGP_ProxyCommissioningMode                                     
20005869  gpTempMaster                                                    
2000586a  gp_commissioningOptions                                         
2000586b  gp_unicastCommunication                                         
2000586c  gp_OperationalChannel                                           
2000586e  gp_commissionerAddress                                          
2000587c  NLME_PermitJoining                                              
2000587d  NLME_AssocPermission                                            
20005880  NLME_ScanFields                                                 
20005884  pnwk_ScanPANChanSelect                                          
20005888  pnwk_ScanPANChanVerify                                          
2000588c  pNLME_NetworkFormationConfirm                                   
20005892  nwkFrameCounterChanges                                          
20005894  nwkFrameCounter                                                 
20005898  distributedFrameCounter                                         
200058a4  gpioCallbackFunctions                                           
200058b8  gpioPinConfigs                                                  
200058cc  macStateTbl                                                     
20005900  macCfg                                                          
20005938  pClockHandleEDScan                                              
2000593c  APSF_taskID                                                     
20005944  pAPSF_IgnoreBlock                                               
20005954  pOverrides_ieee154                                              
20005960  ti_sysbios_heaps_HeapCallback_Object__table__V                  
2000596c  lastRatChanA                                                    
2000596d  lastRatChanB                                                    
2000596e  macRxCmdActive                                                  
2000596f  macTxCmdActive                                                  
20005970  macFsCmdActive                                                  
20005971  macRxPreempted                                                  
20005972  numRfCmd                                                        
20005973  numRxCmd                                                        
20005974  numRxPostCmd                                                    
20005988  maxSupportedEndpoints                                           
20005989  nwkUseMultiCast                                                 
20005990  AF_DataRequestDiscoverRoute                                     
20005994  epList                                                          
20005998  txCmdHandle                                                     
2000599a  macRadioAckIeeeFrame                                            
200059a8  nwkDataBufQueue                                                 
200059b8  gpTxOffset                                                      
200059bc  gp_macReq                                                       
200059c0  _lock                                                           
200059c4  _unlock                                                         
200059c8  RFCC26XX_schedulerPolicy                                        
200059d0  pinUpperBound                                                   
200059d4  pinLowerBound                                                   
200059e0  ti_sysbios_family_arm_m3_Hwi_Module__root__V                    
200059e8  ti_sysbios_gates_GateHwi_Module__root__V                        
200059f0  ti_sysbios_gates_GateMutexPri_Module__root__V                   
200059f8  ti_sysbios_gates_GateMutex_Module__root__V                      
20005a00  ti_sysbios_hal_Hwi_Module__root__V                              
20005a08  ti_sysbios_heaps_HeapCallback_Module__root__V                   
20005a10  ti_sysbios_heaps_HeapMem_Module__root__V                        
20005a18  ti_sysbios_knl_Clock_Module__root__V                            
20005a20  ti_sysbios_knl_Event_Module__root__V                            
20005a28  ti_sysbios_knl_Mailbox_Module__root__V                          
20005a30  ti_sysbios_knl_Queue_Module__root__V                            
20005a38  ti_sysbios_knl_Semaphore_Module__root__V                        
20005a40  ti_sysbios_knl_Swi_Module__root__V                              
20005a48  ti_sysbios_knl_Task_Module__root__V                             
20005a50  zTouchLinkNwkStartRtr                                           
20005a52  zgNwkCommissionedNwkAddr                                        
20005a54  zgStartDelay                                                    
20005a55  zgZdoDirectCB                                                   
20005a56  zgNwkMgrMode                                                    
20005a57  zgSapiEndpoint                                                  
20005a60  errno                                                           
20005a64  main_func_sp                                                    
20005a68  ti_sysbios_family_arm_m3_Hwi_Module_State_0_excContext__A       
20005a6c  ti_sysbios_family_arm_m3_Hwi_Module_State_0_excStack__A         
20005a70  ti_sysbios_knl_Task_Module_State_0_idleTask__A                  
20005a74  CryptoResourceCC26XX_pollingFlag                                
20005a78  ti_sysbios_family_arm_m3_Hwi_Module_State_0_excActive__A        
20005a80  macSleepState                                                   
20005a88  ti_sysbios_knl_Task_Instance_State_0_stack__A                   
20005c88  uartCC26XXObjects                                               
20005e44  spiCC26X2DMAObjects                                             
20005f54  enhancedAckBuf                                                  
20006148  ti_sysbios_family_arm_m3_Hwi_dispatchTable                      
20006220  LEDObjects                                                      
200062d8  macPib                                                          
20006360  trngCC26XXObjects                                               
200063e4  bdb_reportingClusterEndpointArrayCount                          
200063e5  bdb_reportingNextClusterEndpointIndex                           
200063e6  bdb_reportingAttrCfgRecordsArrayCount                           
200063e7  bdb_reportingAttrCfgRecordsArrayMaxSize                         
200063e8  bdb_reportingAcceptDefaultConfs                                 
200063ea  bdb_reportingNextEventTimeout                                   
200063ec  gAttrDataValue                                                  
200063f0  bdb_reportingAttrCfgRecordsArray                                
200063f4  attrDefaultCfgRecordLinkedList                                  
200063fc  bdb_reportingClusterEndpointArray                               
20006460  pinHandleTable                                                  
200064dc  macScan                                                         
20006580  ButtonObjects                                                   
200065d0  CryptoResourceCC26XX_accessSemaphore                            
20006620  CryptoResourceCC26XX_operationSemaphore                         
20006670  cuiMultiMenuData                                                
20006738  macBeaconCoord                                                  
20006774  macDeviceAction1                                                
200067ac  macBeaconDevice                                                 
200067e0  macMgmtAction1                                                  
20006810  macSrcExtAddrList                                               
20006840  macCoord                                                        
2000686c  macDevice                                                       
20006898  macRxFilter                                                     
20006899  rxPromiscuousMode                                               
2000689c  rxSeqNum                                                        
200068a4  macRxDataEntryOffset                                            
200068a8  rxRadioBufferPtr                                                
200068b4  macRxDataEntryQueue                                             
2000691c  macBeacon                                                       
2000693c  udmaCC26XXObject                                                
200069b0  CryptoResourceCC26XX_hwi                                        
200069cc  macCoordAction2                                                 
200069e8  macReset                                                        
20006a04  macSrcShortAddrList                                             
20006a20  aesccmCC26XXObjects                                             
20006a38  aesecbCC26XXObjects                                             
20006a50  macScanAction                                                   
20006a68  ZDO_Config_Power_Descriptor                                     
20006a6c  ZDO_Config_Node_Descriptor                                      
20006aa4  macDeviceAction2                                                
20006ab8  macMgmtAction2                                                  
20006adc  macBeaconDeviceAction                                           
20006aec  macCoordAction3                                                 
20006afc  macData                                                         
20006b0c  macDataTxDelay                                                  
20006b40  coexMetricsStruct                                               
20006b4c  macMain                                                         
20006b58  nvsSPI25XObjects                                                
20006b6c  macBeaconCoordAction1                                           
20006b74  macCoordAction1                                                 
20006b7c  rreqCounter                                                     
20006b88  PowerCC26XX_swiKey                                              
20006b8c  PowerCC26XX_taskKey                                             
20006b90  _ScanChannels                                                   
20006b94  macRxSymbol                                                     
20006b98  macTimerActive                                                  
20006b9c  nvsCC26XXObjects                                                
20006ba0  timerAlignedQ                                                   
20006ba4  timerUnalignedQ                                                 
20006baa  driverlib_release_0_60278                                       
20006bab  macAckTxActive                                                  
20006bac  macMgmt                                                         
20006bad  macPanCoordinator                                               
20006bae  macPhyChannel                                                   
20006baf  macPwr                                                          
20006bb0  macRxActive                                                     
20006bb1  macRxEnableFlags                                                
20006bb2  macRxOutgoingAckFlag                                            
20006bb3  macSymbolTimerImpending                                         
20006bb4  macTaskId                                                       
20006bb5  macTxActive                                                     
20006bb6  macUnitBackoffPeriod                                            
20006bb7  rxFhRsl                                                         
20006bb8  stackServiceTaskId                                              
20013a00  __stack                                                         
20014000  __STACK_END                                                     
20014000  __STACK_TOP                                                     
e000e000  ti_sysbios_family_arm_m3_Hwi_nvic                               
ffffffff  __TI_pprof_out_hndl                                             
ffffffff  __TI_prof_data_size                                             
ffffffff  __TI_prof_data_start                                            
ffffffff  __binit__                                                       
ffffffff  __c_args__                                                      
ffffffff  binit                                                           
UNDEFED   ITM_flush                                                       
UNDEFED   ITM_restore                                                     
UNDEFED   PWM_config                                                      
UNDEFED   PWM_count                                                       
UNDEFED   SHT$$INIT_ARRAY$$Base                                           
UNDEFED   SHT$$INIT_ARRAY$$Limit                                          

[2617 symbols]
