******************************************************************************
                  TI ARM Linker PC v20.2.5                     
******************************************************************************
>> Linked Wed Dec 15 03:05:14 2021

OUTPUT FILE NAME:   <zc_thermostat_CC1352R1_LAUNCHXL_tirtos_ccs.out>
ENTRY POINT SYMBOL: "ResetISR"  address: 00024fd5


MEMORY CONFIGURATION

         name            origin    length      used     unused   attr    fill
----------------------  --------  ---------  --------  --------  ----  --------
  FLASH                 00000000   00052000  000303cc  00021c34  R  X
  FLASH_NV              00052000   00004000  00004000  00000000  RW X
  FLASH_LAST            00056000   00002000  00000058  00001fa8  R  X
  GPRAM                 11000000   00002000  00000000  00002000  RW X
  SRAM                  20000000   00014000  000071b1  0000ce4f  RW X
  LOG_DATA              90000000   00040000  00000000  00040000  R   


SEGMENT ALLOCATION MAP

run origin  load origin   length   init length attrs members
----------  ----------- ---------- ----------- ----- -------
00000000    00000000    000303d0   000303d0    r-x
  00000000    00000000    0000003c   0000003c    r-- .resetVecs
  00000040    00000040    0002d824   0002d824    r-x .text
  0002d864    0002d864    0000249c   0000249c    r-- .const
  0002fd00    0002fd00    000000d0   000000d0    r-- config_const
  0002fdd0    0002fdd0    00000600   00000600    r-- .cinit
00052000    00052000    00004000   00000000    rw-
  00052000    00052000    00004000   00000000    rw- .TI.bound:flashBuf0
00057fa8    00057fa8    00000058   00000058    r--
  00057fa8    00057fa8    00000058   00000058    r-- .ccfg
200000d8    200000d8    00001758   00000000    rw-
  200000d8    200000d8    00000028   00000000    rw- .data.1
  20000100    20000100    00000004   00000000    rw- .data:xdcRomConstPtr
  20000104    20000104    00000004   00000000    rw- .data:xdcRomExternFuncPtr
  20000108    20000108    00000004   00000000    rw- .data:xdcRomStatePtr
  2000010c    2000010c    00000010   00000000    rw- .data:RAM_MAC_BASE_ADDR
  20000120    20000120    00001710   00000000    rw- .data.2
20001830    20001830    00000010   00000000    rw-
  20001830    20001830    00000010   00000000    rw- .TI.bound:dmaSpi0RxControlTableEntry
20001840    20001840    000000c0   00000000    rw-
  20001840    20001840    00000010   00000000    rw- .TI.bound:dmaSpi0TxControlTableEntry
  20001850    20001850    000000b0   00000000    rw- .data.3
20001900    20001900    00000010   00000000    rw-
  20001900    20001900    00000010   00000000    rw- .TI.bound:dmaSpi1RxControlTableEntry
20001910    20001910    00000120   00000000    rw-
  20001910    20001910    00000010   00000000    rw- .TI.bound:dmaSpi1TxControlTableEntry
  20001920    20001920    00000110   00000000    rw- .data.4
20001a30    20001a30    00000010   00000000    rw-
  20001a30    20001a30    00000010   00000000    rw- .TI.bound:dmaSpi0RxAltControlTableEntry
20001a40    20001a40    000000c0   00000000    rw-
  20001a40    20001a40    00000010   00000000    rw- .TI.bound:dmaSpi0TxAltControlTableEntry
  20001a50    20001a50    000000b0   00000000    rw- .data.5
20001b00    20001b00    00000010   00000000    rw-
  20001b00    20001b00    00000010   00000000    rw- .TI.bound:dmaSpi1RxAltControlTableEntry
20001b10    20001b10    000050a9   00000000    rw-
  20001b10    20001b10    00000010   00000000    rw- .TI.bound:dmaSpi1TxAltControlTableEntry
  20001b20    20001b20    00003f64   00000000    rw- .data.6
  20005a88    20005a88    00001131   00000000    rw- .bss
20013a00    20013a00    00000600   00000000    rw-
  20013a00    20013a00    00000600   00000000    rw- .stack


SECTION ALLOCATION MAP

 output                                  attributes/
section   page    origin      length       input sections
--------  ----  ----------  ----------   ----------------
.text      0    00000040    0002d824     
                  00000040    000017fc     zstacktask.obj (.text:appMsg$39)
                  0000183c    00000900     libZStack_nwk_zr_ccs.a : nwk.obj (.text:nwk_data_ind_processing$90)
                  0000213c    000008c8                            : nwk.obj (.text:nwk_event_loop)
                  00002a04    000008bc     main.obj (.text:taskFxn)
                  000032c0    00000880     libZStack_nwk_zr_ccs.a : nwk.obj (.text:NwkCommandPktProcessing$90)
                  00003b40    000007b0     zstackstartup.obj (.text:stackInit$6)
                  000042f0    000006f4     maclib_nosecure_cc13x2_2_4g.a : mac.obj (.text:macRxCbIeee$68)
                  000049e4    00000608     zd_app.obj (.text:ZDOInitDeviceEx)
                  00004fec    000005a0     gp_proxy.obj (.text:gp_dataIndProxy)
                  0000558c    000004c0     zd_app.obj (.text:ZDApp_event_loop)
                  00005a4c    000004b0     rf_multiMode_cc13x2.a : RFCC26X2_multiMode.c.cc13x2.ccs.o (.text:RF_fsmActiveState)
                  00005efc    0000045c     bdb.obj (.text:bdb_event_loop)
                  00006358    000003f4     libZStack_nwk_zr_ccs.a : nl_mede_cb.obj (.text:NLDE_DataIndication)
                  0000674c    000003e8                            : aps_frag.obj (.text:APSF_ProcessEvent)
                  00006b34    00000340                            : aps.obj (.text:APS_event_loop)
                  00006e74    00000340     gp_proxy_table.obj (.text:gp_UpdateProxyTbl)
                  000071b4    00000330     bdb.obj (.text:bdb_StartCommissioning)
                  000074e4    0000032c     zd_app.obj (.text:ZDApp_ProcessMsgCBs)
                  00007810    00000320     libZStack_nwk_zr_ccs.a : dgp_stub.obj (.text:gp_event_loop)
                  00007b30    0000031c     zcl_sampleapps_ui.obj (.text:UI_Init)
                  00007e4c    00000318     zd_nwk_mgr.obj (.text:ZDNwkMgr_event_loop)
                  00008164    00000304     zd_object.obj (.text:ZDO_ProcessMgmtLqiReq)
                  00008468    000002fc     zcl_hvac.obj (.text:zclHVAC_HdlIncoming$27)
                  00008764    000002f8     zstacktask.obj (.text:processSysConfigWriteReq$39)
                  00008a5c    000002f4     drivers_cc13x2.a : SPICC26X2DMA.oem4f (.text:SPICC26X2DMA_transfer)
                  00008d50    000002f0     zstacktask.obj (.text:processSysConfigReadReq$39)
                  00009040    000002da     zstacktask.obj (.text:processDevZDOCBReq$39)
                  0000931a    00000002     ti_drivers_config.obj (.text:Board_initHook)
                  0000931c    000002d4     zcl_samplethermostat.obj (.text:zclSampleThermostat_Init$14)
                  000095f0    000002c0     zmac_cb.obj (.text:MAC_CbackEvent)
                  000098b0    000002bc     libZStack_nwk_zr_ccs.a : aps_mede.obj (.text:APSME_FrameSecRemoveCM$84)
                  00009b6c    000002b0                            : nwk.obj (.text:nwk_data_cnf_processing$90)
                  00009e1c    0000029c     zstacktask.obj (.text:zsProcessZDOMsgs$39)
                  0000a0b8    0000029a     zcl.obj (.text:zclProcessInDiscAttrs$23)
                  0000a352    00000002     gp_proxy.obj (.text:GP_DataCnf)
                  0000a354    00000298     rf_multiMode_cc13x2.a : RFCC26X2_multiMode.c.cc13x2.ccs.o (.text:RF_open)
                  0000a5ec    0000028c     bdb.obj (.text:bdb_reportCommissioningState)
                  0000a878    00000288     gp_proxy_table.obj (.text:pt_ZclReadGetProxyEntry)
                  0000ab00    0000027c     binding_table.obj (.text:bindAddEntry)
                  0000ad7c    0000027c     libZStack_nwk_zr_ccs.a : dgp_stub.obj (.text:dGP_DataInd)
                  0000aff8    0000027c     gp_proxy_table.obj (.text:gp_PairingUpdateProxyTbl)
                  0000b274    00000270     zcl.obj (.text:zcl_ProcessMessageMSG)
                  0000b4e4    00000268     gp_proxy.obj (.text:zclGp_GpProxyTableReqCB)
                  0000b74c    00000264     libZStack_nwk_zr_ccs.a : dgp_stub.obj (.text:gp_scheduleGPDFTransmission$79)
                  0000b9b0    0000025c     maclib_nosecure_cc13x2_2_4g.a : mac_pwr.obj (.text:macPwrVote)
                  0000bc0c    00000234     drivers_cc13x2.a : SPICC26X2DMA.oem4f (.text:SPICC26X2DMA_hwiFxn)
                  0000be40    00000230     libZStack_nwk_zr_ccs.a : nl_mede.obj (.text:NLDE_DataReq)
                  0000c070    00000230     zcl_sampleapps_ui.obj (.text:uiActionProcessSetInstallCode$10)
                  0000c2a0    00000224     libZStack_nwk_zr_ccs.a : aps.obj (.text:APS_DataIndReflect$81)
                  0000c4c4    0000021c     maclib_nosecure_cc13x2_2_4g.a : mac.obj (.text:macSendReceiveCmdIeee)
                  0000c6e0    00000218     nvocmp.obj (.text:NVOCMP_initNv$3)
                  0000c8f8    00000214     zd_object.obj (.text:ZDO_ProcessMatchDescReq)
                  0000cb0c    00000214     zstacktask.obj (.text:ZStackTaskProcessEvent)
                  0000cd20    00000210     libZStack_nwk_zr_ccs.a : aps.obj (.text:APS_Reflect$81)
                  0000cf30    00000210     rf_multiMode_cc13x2.a : RFCC26X2_multiMode.c.cc13x2.ccs.o (.text:RF_scheduleCmd)
                  0000d140    00000210     zmac.obj (.text:ZMacEventLoop)
                  0000d350    00000210     zd_profile.obj (.text:zdpProcessAddrReq)
                  0000d560    0000020a     zcl.obj (.text:zclProcessInWriteUndividedCmd$23)
                  0000d76a    00000002     libZStack_nwk_zr_ccs.a : nwk_util.obj (.text:NLME_NetworkReportCB$92)
                  0000d76c    00000208     nvocmp.obj (.text:NVOCMP_addItem$3)
                  0000d974    00000204     maclib_nosecure_cc13x2_2_4g.a : mac_radio_tx.obj (.text:macRadioCsmaTxCbIeee$78)
                  0000db78    000001fc     libZStack_nwk_zr_ccs.a : aps_mede.obj (.text:APSDE_DataReq)
                  0000dd74    000001fc     zcl_sampleapps_ui.obj (.text:uiActionProcessConfigurePanId$10)
                  0000df70    000001f8     libZStack_nwk_zr_ccs.a : aps_mede.obj (.text:APSME_FrameSecSetupCM$84)
                  0000e168    000001f4     drivers_cc13x2.a : PINCC26XX.oem4f (.text:PIN_init)
                  0000e35c    000001f4     bdb_reporting.obj (.text:bdb_RepReport$43)
                  0000e550    000001f4     libZStack_nwk_zr_ccs.a : nwk.obj (.text:nwk_associate_ind_processing$90)
                  0000e744    000001ec     zcl_green_power.obj (.text:gp_addPairedSinksToMsgQueue$25)
                  0000e930    000001e0     zcl_sampleapps_ui.obj (.text:UI_DeviceStateUpdated)
                  0000eb10    000001dc     libZStack_nwk_zr_ccs.a : aps_mede.obj (.text:APSME_TransportKeyReq)
                  0000ecec    000001dc     rf_multiMode_cc13x2.a : RFCC26X2_multiMode.c.cc13x2.ccs.o (.text:RF_dispatchNextCmd)
                  0000eec8    000001dc     libZStack_nwk_zr_ccs.a : ssp_hash.obj (.text:sspMMOHash)
                  0000f0a4    000001d8     af.obj (.text:AF_DataRequest)
                  0000f27c    000001d8     maclib_nosecure_cc13x2_2_4g.a : mac_tx.obj (.text:macTxFrame)
                  0000f454    000001d8     libZStack_nwk_zr_ccs.a : nwk_bufs.obj (.text:nwk_MacDataBuffersAdd)
                  0000f62c    000001d4                            : dgp_stub.obj (.text:gp_ccmStar)
                  0000f800    000001c4     zcl_sampleapps_ui.obj (.text:uiActionProcessSetInstallCodeAddress$10)
                  0000f9c4    000001c2     zcl.obj (.text:zclProcessInReadCmd$23)
                  0000fb86    00000002     rf_multiMode_cc13x2.a : rfc.c.cc13x2.ccs.o (.text:NOROM_RFCCpePatchReset)
                  0000fb88    000001c0     mac_user_config.obj (.text:rfSelect)
                  0000fd48    000001b8     libZStack_nwk_zr_ccs.a : nwk_util.obj (.text:NLME_LeaveCmdProcess)
                  0000ff00    000001b8     gp_proxy.obj (.text:gp_ZclPairingParse$18)
                  000100b8    000001b6     rtsv7M4_T_le_v4SPD16_eabi.lib : fd_add_t2.asm.obj (.text)
                  0001026e    00000002     drivers_cc13x2.a : NVSSPI25X.oem4f (.text:NVSSPI25X_deinitSpiCs)
                  00010270    000001b0     gp_proxy.obj (.text:zclGp_GpResponseCommandCB)
                  00010420    000001ac     maclib_nosecure_cc13x2_2_4g.a : mac_hl_patch.obj (.text:macRxBeaconCritical)
                  000105cc    000001a8     zd_object.obj (.text:ZDMatchSendState)
                  00010774    000001a4     maclib_nosecure_cc13x2_2_4g.a : mac_hl_patch.obj (.text:macWrapperDeleteKeyAndAssociatedDevices)
                  00010918    000001a0     bdb_reporting.obj (.text:bdb_repAttrBuildClusterEndPointArrayBasedOnConfRecordsArray$43)
                  00010ab8    0000019c     zcl.obj (.text:zcl_SendCommandEx)
                  00010c54    00000198     drivers_cc13x2.a : PowerCC26X2.oem4f (.text:Power_sleep)
                  00010dec    00000190     libZStack_nwk_zr_ccs.a : nwk_util.obj (.text:NLME_CheckNewAddrSet)
                  00010f7c    00000190     drivers_cc13x2.a : PowerCC26X2_calibrateRCOSC.oem4f (.text:calibrateRcoscHf1)
                  0001110c    0000018c                      : PowerCC26X2_calibrateRCOSC.oem4f (.text:runCalibrateFsm)
                  00011298    0000018c     gp_proxy.obj (.text:zclGp_DataIndParse$18)
                  00011424    00000188     nvocmp.obj (.text:NVOCMP_compact$3)
                  000115ac    00000188     maclib_nosecure_cc13x2_2_4g.a : mac_radio_tx.obj (.text:macRadioTxGoIeee$78)
                  00011734    00000186     drivers_cc13x2.a : Button.oem4f (.text:Button_clockTimeoutHandler)
                  000118ba    00000002     rf_multiMode_cc13x2.a : RFCC26X2_multiMode.c.cc13x2.ccs.o (.text:RF_defaultCallback)
                  000118bc    00000184     zcl_sampleapps_ui.obj (.text:generateBdbInfoString$10)
                  00011a40    0000017c     zd_object.obj (.text:ZDO_ProcessBindUnbindReq)
                  00011bbc    00000178     libZStack_nwk_zr_ccs.a : dgp_stub.obj (.text:GP_DataReq)
                  00011d34    00000178     drivers_cc13x2.a : SPICC26X2DMA.oem4f (.text:SPICC26X2DMA_transferCancel)
                  00011eac    00000178                      : SPICC26X2DMA.oem4f (.text:configNextTransfer)
                  00012024    00000174                      : PowerCC26X2.oem4f (.text:Power_init)
                  00012198    00000168                      : NVSSPI25X.oem4f (.text:NVSSPI25X_write)
                  00012300    00000168     libZStack_nwk_zr_ccs.a : nwk.obj (.text:nwk_beacon_notify_ind_processing$90)
                  00012468    00000164                            : ssp.obj (.text:SSP_NwkSecurityProc)
                  000125cc    00000164     drivers_cc13x2.a : UARTCC26XX.oem4f (.text:UARTCC26XX_open)
                  00012730    00000164     maclib_nosecure_cc13x2_2_4g.a : mac_hl_patch.obj (.text:macWrapperDeleteAllDevices)
                  00012894    00000164     libZStack_nwk_zr_ccs.a : nwk_bufs.obj (.text:nwk_SendNextDataBuf)
                  000129f8    00000164     zcl_samplethermostat.obj (.text:zclSampleThermostat_UpdateStatusLine$14)
                  00012b5c    00000162     bdb_reporting.obj (.text:bdb_isAttrValueChangedSurpassDelta$43)
                  00012cbe    00000002     zd_object.obj (.text:ZDO_ProcessNodeDescRsp)
                  00012cc0    00000160     gp_common.obj (.text:GP_SecReq)
                  00012e20    00000160     libZStack_nwk_zr_ccs.a : rtg.obj (.text:RTG_DataReq)
                  00012f80    00000160     zd_object.obj (.text:ZDO_ProcessDeviceAnnce)
                  000130e0    0000015e     zcl.obj (.text:zclProcessInDiscCmd$23)
                  0001323e    00000002     zd_object.obj (.text:ZDO_ProcessSimpleDescRsp)
                  00013240    0000015c     maclib_nosecure_cc13x2_2_4g.a : mac_hl_patch.obj (.text:macScanNextChan)
                  0001339c    0000015c     zcl_general.obj (.text:zclGeneral_ProcessInIdentity$24)
                  000134f8    00000158     driverlib.lib : sys_ctrl.obj (.text:NOROM_SysCtrlStandby)
                  00013650    00000154     rf_multiMode_cc13x2.a : RFCC26X2_multiMode.c.cc13x2.ccs.o (.text:RF_radioOpDoneCb)
                  000137a4    00000154     drivers_cc13x2.a : UARTCC26XX.oem4f (.text:UARTCC26XX_hwiIntFxn)
                  000138f8    00000154     mac_util.obj (.text:Util_ltoa)
                  00013a4c    00000154     maclib_nosecure_cc13x2_2_4g.a : mac_rx.obj (.text:rxPayloadIsr$73)
                  00013ba0    00000150     drivers_cc13x2.a : SPICC26X2DMA.oem4f (.text:SPICC26X2DMA_open)
                  00013cf0    0000014e     zcl.obj (.text:zclProcessInWriteCmd$23)
                  00013e3e    00000002     zmac_cb.obj (.text:ZMacLqiAdjust$62)
                  00013e40    00000148     rf_multiMode_cc13x2.a : RFCC26X2_multiMode.c.cc13x2.ccs.o (.text:RF_fsmSetupState)
                  00013f88    00000148     bdb_finding_and_binding.obj (.text:bdb_checkMatchingEndpoints)
                  000140d0    00000148     drivers_cc13x2.a : SPICC26X2DMA.oem4f (.text:initIO)
                  00014218    00000144     libZStack_nwk_zr_ccs.a : nwk.obj (.text:nwk_scan_cnf_processing$90)
                  0001435c    00000140                            : nwk_util.obj (.text:NLME_CmdCnf)
                  0001449c    00000140     maclib_nosecure_cc13x2_2_4g.a : mac_tx.obj (.text:txCsmaDelay)
                  000145dc    0000013c     drivers_cc13x2.a : AESCCMCC26XX.oem4f (.text:AESCCM_startOperation)
                  00014718    0000013c     libZStack_nwk_zr_ccs.a : nwk_util.obj (.text:NLDE_BuildMsg$92)
                  00014854    0000013c     zd_object.obj (.text:ZDO_ProcessSimpleDescReq)
                  00014990    0000013c     gp_proxy.obj (.text:gp_SecurityOperationProxy)
                  00014acc    0000013a     drivers_cc13x2.a : UARTCC26XX.oem4f (.text:UARTCC26XX_read)
                  00014c06    00000002     rtsv7M4_T_le_v4SPD16_eabi.lib : _lock.c.obj (.text:_nop)
                  00014c08    00000138     zd_sec_mgr.obj (.text:APSME_TCLinkKeyLoad)
                  00014d40    00000138     cui.obj (.text:CUI_dispMenu$9)
                  00014e78    00000138     drivers_cc13x2.a : NVSCC26XX.oem4f (.text:NVSCC26XX_write)
                  00014fb0    00000138     rf_multiMode_cc13x2.a : RFCC26X2_multiMode.c.cc13x2.ccs.o (.text:RF_abortCmd)
                  000150e8    00000138                           : RFCC26X2_multiMode.c.cc13x2.ccs.o (.text:RF_ratSetupChannel)
                  00015220    00000134     libZStack_nwk_zr_ccs.a : rtg.obj (.text:RTG_AddRtgEntry$94)
                  00015354    00000134     zd_object.obj (.text:ZDO_ProcessMgmtBindReq)
                  00015488    00000132     zcl.obj (.text:zclParseInConfigReportCmd)
                  000155ba    00000002     drivers_cc13x2.a : PowerCC26X2.oem4f (.text:emptyClockFunc)
                  000155bc    00000130     libZStack_nwk_zr_ccs.a : rtg.obj (.text:RTG_BcastAdd)
                  000156ec    00000130     zd_app.obj (.text:ZDApp_ProcessSecMsg)
                  0001581c    00000130     libZStack_nwk_zr_ccs.a : nwk.obj (.text:nwk_init)
                  0001594c    00000130     rtsv7M4_T_le_v4SPD16_eabi.lib : strtol.c.obj (.text:strtol)
                  00015a7c    00000128     zd_sec_mgr.obj (.text:ZDSecMgrDeviceRemoveByExtAddr)
                  00015ba4    00000128     main.obj (.text:main)
                  00015ccc    00000128     libZStack_nwk_zr_ccs.a : nwk.obj (.text:nwk_start_coord)
                  00015df4    00000124                            : aps_frag.obj (.text:APSF_SendFragmented)
                  00015f18    00000124     cui.obj (.text:CUI_statusLinePrintf)
                  0001603c    00000124     maclib_nosecure_cc13x2_2_4g.a : mac_hl_patch.obj (.text:macBuildDataFrame)
                  00016160    00000120     cui.obj (.text:CUI_init)
                  00016280    00000120     libZStack_nwk_zr_ccs.a : rtg.obj (.text:NLME_RouteDiscoveryRequest)
                  000163a0    00000120     nvocmp.obj (.text:NVOCMP_compactPage$3)
                  000164c0    00000120     rf_multiMode_cc13x2.a : RFCC26X2_multiMode.c.cc13x2.ccs.o (.text:RF_close)
                  000165e0    00000120     drivers_cc13x2.a : PowerCC26X2.oem4f (.text:configureXOSCHF)
                  00016700    0000011e     zstacktask.obj (.text:processSecApsLinkKeySetReq$39)
                  0001681e    00000002     drivers_cc13x2.a : CryptoResourceCC26XX.oem4f (.text:errorSpin)
                  00016820    00000118     zd_profile.obj (.text:ZDP_IncomingData)
                  00016938    00000118     maclib_nosecure_cc13x2_2_4g.a : mac.obj (.text:macSetupRATChanCompare)
                  00016a50    00000114     drivers_cc13x2.a : PINCC26XX.oem4f (.text:PINCC26XX_setIoCfg)
                  00016b64    00000114     maclib_nosecure_cc13x2_2_4g.a : mac_radio.obj (.text:macRadioInitIeee)
                  00016c78    00000110     libZStack_nwk_zr_ccs.a : aps_mede.obj (.text:APSDE_FrameAlloc)
                  00016d88    00000110     cui.obj (.text:CUI_menuActionHelp)
                  00016e98    00000110     drivers_cc13x2.a : GPIOCC26XX.oem4f (.text:GPIO_setConfig)
                  00016fa8    00000110                      : LED.oem4f (.text:LED_open)
                  000170b8    00000110     libZStack_nwk_zr_ccs.a : ssp.obj (.text:SSP_Process)
                  000171c8    00000110     bdb.obj (.text:bdb_TCProcessJoiningList$41)
                  000172d8    0000010c     libZStack_nwk_zr_ccs.a : nwk_util.obj (.text:NLDE_ParseMsg)
                  000173e4    0000010c                            : nwk_util.obj (.text:RTG_UpdateNeighborEntry)
                  000174f0    00000108     drivers_cc13x2.a : AESECBCC26XX.oem4f (.text:AESECB_startOperation)
                  000175f8    00000108     libZStack_nwk_zr_ccs.a : aps_mede.obj (.text:APSDE_FrameHdrSet$84)
                  00017700    00000108                            : addr_mgr.obj (.text:AddrMgrEntryUpdate)
                  00017808    00000108                            : ssp.obj (.text:ccmStar)
                  00017910    00000108                            : nwk.obj (.text:nwk_ScanPANChanVerify)
                  00017a18    00000106     app_pem4f.oem4f (.text:xdc_runtime_System_printfExtend__I)
                  00017b1e    00000002     maclib_nosecure_cc13x2_2_4g.a : mac_pwr.obj (.text:macApiPwrOnReq)
                  00017b20    00000104     rf_multiMode_cc13x2.a : RFCC26X2_multiMode.c.cc13x2.ccs.o (.text:RF_hwiCpe0Active)
                  00017c24    00000100     nvocmp.obj (.text:NVOCMP_findItem$3)
                  00017d24    000000fc     libZStack_nwk_zr_ccs.a : assoc_list.obj (.text:AssocRestoreFromNV)
                  00017e20    000000fc     rf_multiMode_cc13x2.a : RFCC26X2_multiMode.c.cc13x2.ccs.o (.text:RF_decodeOverridePointers)
                  00017f1c    000000fc     zd_app.obj (.text:ZDO_beaconNotifyIndCB)
                  00018018    000000f8     cui.obj (.text:CUI_statusLineResourceRequest)
                  00018110    000000f8     drivers_cc13x2.a : NVSSPI25X.oem4f (.text:NVSSPI25X_open)
                  00018208    000000f4     libZStack_nwk_zr_ccs.a : assoc_list.obj (.text:AssocAddNew)
                  000182fc    000000f4     drivers_cc13x2.a : SPICC26X2DMA.oem4f (.text:SPICC26X2DMA_control)
                  000183f0    000000f4     zcl_sampleapps_ui.obj (.text:UI_UpdateDeviceInfoLine)
                  000184e4    000000f4     zcl_sampleapps_ui.obj (.text:uiActionProcessApplyInstallCode$10)
                  000185d8    000000f0     nwk_globals.obj (.text:NIB_init)
                  000186c8    000000f0     rf_multiMode_cc13x2.a : RFCC26X2_multiMode.c.cc13x2.ccs.o (.text:RF_fsmPowerUpState)
                  000187b8    000000f0     zd_app.obj (.text:ZDO_NetworkFormationConfirmCB)
                  000188a8    000000ec     libZStack_nwk_zr_ccs.a : nwk_util.obj (.text:NLME_InitNV)
                  00018994    000000ec     zd_sec_mgr.obj (.text:ZDSecMgrUpdateDeviceInd)
                  00018a80    000000e8     libZStack_nwk_zr_ccs.a : aps_mede_cb.obj (.text:APSME_VerifyKeyInd)
                  00018b68    000000e8     drivers_cc13x2.a : Button.oem4f (.text:Button_open)
                  00018c50    000000e8     cui.obj (.text:CUI_writeString$9)
                  00018d38    000000e8     libZStack_nwk_zr_ccs.a : rtg.obj (.text:RTG_SendRrep$94)
                  00018e20    000000e8     zd_sec_mgr.obj (.text:ZDSecMgrAppKeyReq)
                  00018f08    000000e4     libZStack_nwk_zr_ccs.a : nwk_util.obj (.text:NLME_ProcessAddressConflictLocal)
                  00018fec    000000e4     zcl_green_power.obj (.text:zclGp_ProcessInBasicProxy$25)
                  000190d0    000000e0     libZStack_nwk_zr_ccs.a : nwk_util.obj (.text:NLME_ProcessNetworkStatus)
                  000191b0    000000e0     drivers_cc13x2.a : UARTCC26XX.oem4f (.text:UARTCC26XX_write)
                  00019290    000000e0     zd_sec_mgr.obj (.text:ZDSecMgrDeviceJoin)
                  00019370    000000de     zd_object.obj (.text:ZDO_ProcessParentAnnce)
                  0001944e    00000002     maclib_nosecure_cc13x2_2_4g.a : mac_radio.obj (.text:macRadioSetRE)
                  00019450    000000dc     zd_sec_mgr.obj (.text:APSME_TCLinkKeySync)
                  0001952c    000000dc     libZStack_nwk_zr_ccs.a : aps.obj (.text:APS_GetBind$81)
                  00019608    000000dc     maclib_nosecure_cc13x2_2_4g.a : mac_hl_patch.obj (.text:macBuildHeaderIes)
                  000196e4    000000dc     libZStack_nwk_zr_ccs.a : nwk_util.obj (.text:nwkNeighborFindRandom)
                  000197c0    000000dc     zcl.obj (.text:zclSerializeData)
                  0001989c    000000d8     driverlib.lib : aes.obj (.text:NOROM_AESWriteToKeyStore)
                  00019974    000000d8     rf_multiMode_cc13x2.a : RFCC26X2_multiMode.c.cc13x2.ccs.o (.text:RF_control)
                  00019a4c    000000d8                           : RFCC26X2_multiMode.c.cc13x2.ccs.o (.text:RF_pendCmd)
                  00019b24    000000d8     driverlib.lib : setup.obj (.text:TrimAfterColdResetWakeupFromShutDown$103)
                  00019bfc    000000d8     zd_app.obj (.text:ZDApp_LeaveUpdate)
                  00019cd4    000000d8     bdb_reporting.obj (.text:bdb_RepChangedAttrValue)
                  00019dac    000000d8     maclib_nosecure_cc13x2_2_4g.a : mac_hl_patch.obj (.text:macEdScanISR)
                  00019e84    000000d8                                   : mac_tx.obj (.text:txCsmaPrep$77)
                  00019f5c    000000d4                                   : mac_hl_patch.obj (.text:MAC_MlmeScanReq)
                  0001a030    000000d4     zcl_sampleapps_ui.obj (.text:UI_InitCUI$10)
                  0001a104    000000d4     zd_object.obj (.text:ZDO_ProcessNodeDescReq)
                  0001a1d8    000000d4     zd_sec_mgr.obj (.text:ZDSecMgrNwkKeyInit)
                  0001a2ac    000000d4     zstacktask.obj (.text:gpDataIndMsgSend$39)
                  0001a380    000000d2     rf_multiMode_cc13x2.a : RFCC26X2_multiMode.c.cc13x2.ccs.o (.text:RF_updatePaConfiguration)
                  0001a452    00000002     nwk_globals.obj (.text:nwk_InitializeDefaultPollRates)
                  0001a454    000000d0     libZStack_nwk_zr_ccs.a : rtg.obj (.text:RTG_RouteMaintanence)
                  0001a524    000000d0     osal_port_timers.obj (.text:createTimerEntry$52)
                  0001a5f4    000000d0     maclib_nosecure_cc13x2_2_4g.a : mac_low_level.obj (.text:macLowLevelBufferInit)
                  0001a6c4    000000cc     zd_sec_mgr.obj (.text:APSME_TCLinkKeyInit)
                  0001a790    000000cc     libZStack_nwk_zr_ccs.a : aps.obj (.text:APS_ReReflect$81)
                  0001a85c    000000cc     cui.obj (.text:CUI_assert)
                  0001a928    000000cc     rf_multiMode_cc13x2.a : RFCC26X2_multiMode.c.cc13x2.ccs.o (.text:RF_swiHw)
                  0001a9f4    000000cc     zcl_sampleapps_ui.obj (.text:UI_UpdateBindInfoLine)
                  0001aac0    000000cc     af.obj (.text:afRegister)
                  0001ab8c    000000cc     gp_proxy_table.obj (.text:gp_CheckAnnouncedDevice)
                  0001ac58    000000ca     zstacktask.obj (.text:sendNodeDescRspInd$39)
                  0001ad22    00000002     libZStack_nwk_zr_ccs.a : nwk.obj (.text:nwk_orphan_ind_processing$90)
                  0001ad24    000000c8                            : aps_mede.obj (.text:APSME_AddTCLinkKey)
                  0001adec    000000c8                            : nwk_util.obj (.text:NwkNotMyChildSendLeave)
                  0001aeb4    000000c8     dpl_cc13x2.a : PowerCC26X2_tirtos.oem4f (.text:PowerCC26XX_standbyPolicy)
                  0001af7c    000000c4     libZStack_nwk_zr_ccs.a : aps.obj (.text:APS_UnBind$81)
                  0001b040    000000c4     drivers_cc13x2.a : GPIOCC26XX.oem4f (.text:GPIO_init)
                  0001b104    000000c4     maclib_nosecure_cc13x2_2_4g.a : mac_autopend.obj (.text:MAC_SrcMatchAddEntry)
                  0001b1c8    000000c4                                   : mac_hl_patch.obj (.text:macApiStartReq)
                  0001b28c    000000c4                                   : mac_timer.obj (.text:macSymbolTimerTriggerCallback)
                  0001b350    000000c4     zcl_port.obj (.text:zcl_AF_DataRequest)
                  0001b414    000000c2     zcl.obj (.text:zclParseInReadRspCmd$23)
                  0001b4d6    00000002     rtsv7M4_T_le_v4SPD16_eabi.lib : div0.asm.obj (.text)
                  0001b4d8    000000c0     maclib_nosecure_cc13x2_2_4g.a : mac_pwr.obj (.text:MAC_PwrOffReq)
                  0001b598    000000c0     nvocmp.obj (.text:NVOCMP_erase$3)
                  0001b658    000000c0     drivers_cc13x2.a : PowerCC26X2.oem4f (.text:Power_releaseDependency)
                  0001b718    000000c0                      : TRNGCC26XX.oem4f (.text:TRNG_getRandom)
                  0001b7d8    000000c0                      : UARTCC26XX.oem4f (.text:UARTCC26XX_initIO)
                  0001b898    000000c0     maclib_nosecure_cc13x2_2_4g.a : mac_rx.obj (.text:rxPostRxUpdates$73)
                  0001b958    000000bc     libZStack_nwk_zr_ccs.a : nwk_util.obj (.text:NLDE_SendMsg)
                  0001ba14    000000bc                            : nl_mede.obj (.text:NLME_NetworkFormationRequest)
                  0001bad0    000000bc     rf_multiMode_cc13x2.a : RFCC26X2_multiMode.c.cc13x2.ccs.o (.text:RF_initRadioSetup)
                  0001bb8c    000000bc     zmac.obj (.text:ZMacStartReq)
                  0001bc48    000000bc     maclib_nosecure_cc13x2_2_4g.a : mac.obj (.text:macGetRFCmdDuration)
                  0001bd04    000000b8     drivers_cc13x2.a : PowerCC26X2.oem4f (.text:Power_setDependency)
                  0001bdbc    000000b8                      : UARTCC26XX.oem4f (.text:UARTCC26XX_initHw)
                  0001be74    000000b8     bdb.obj (.text:bdb_TCAddJoiningDevice)
                  0001bf2c    000000b8     drivers_cc13x2.a : NVSSPI25X.oem4f (.text:doErase)
                  0001bfe4    000000b8     maclib_nosecure_cc13x2_2_4g.a : mac_hl_patch.obj (.text:macMgmtReset)
                  0001c09c    000000b8     libZStack_nwk_zr_ccs.a : nwk.obj (.text:nwk_associate_cnf_processing$90)
                  0001c154    000000b4     bdb_reporting.obj (.text:bdb_RepUpdateMarkBindings)
                  0001c208    000000b4     zcl_sampleapps_ui.obj (.text:uiActionProcessConfigureChannels$10)
                  0001c2bc    000000b0     libZStack_nwk_zr_ccs.a : aps_mede_cb.obj (.text:APSDE_DataIndication)
                  0001c36c    000000b0                            : nl_mede.obj (.text:NLME_GetRequest)
                  0001c41c    000000b0     zcl_sampleapps_ui.obj (.text:UI_UpdateGpStatusLine)
                  0001c4cc    000000b0     zd_app.obj (.text:ZDApp_LeaveReset)
                  0001c57c    000000b0     zd_profile.obj (.text:ZDP_ParentAnnce)
                  0001c62c    000000b0     maclib_nosecure_cc13x2_2_4g.a : mac_hl_patch.obj (.text:macDataTxComplete)
                  0001c6dc    000000b0                                   : mac_radio.obj (.text:macRadioUpdateTxPower)
                  0001c78c    000000b0     zcl.obj (.text:zclParseInReportCmd)
                  0001c83c    000000b0     zcl.obj (.text:zclParseInWriteCmd)
                  0001c8ec    000000ae     zstacktask.obj (.text:processSecApsLinkKeyGetReq$39)
                  0001c99a    00000002     app_pem4f.oem4f (.text:ti_sysbios_BIOS_nullFunc__I)
                  0001c99c    000000ac     nvocmp.obj (.text:NVOCMP_readContItemApi$3)
                  0001ca48    000000ac     drivers_cc13x2.a : PINCC26XX.oem4f (.text:PIN_open)
                  0001caf4    000000ac     maclib_nosecure_cc13x2_2_4g.a : mac_hl_patch.obj (.text:macApiBeaconStartReq)
                  0001cba0    000000ac                                   : mac_hl_patch.obj (.text:macScanRxCoordRealign)
                  0001cc4c    000000a8     driverlib.lib : setup.obj (.text:NOROM_SetupTrimDevice)
                  0001ccf4    000000a8     nvocmp.obj (.text:NVOCMP_initNvApi$3)
                  0001cd9c    000000a8     maclib_nosecure_cc13x2_2_4g.a : mac_hl_patch.obj (.text:macBeaconCheckTxTime)
                  0001ce44    000000a8                                   : mac_hl_patch.obj (.text:macTrackTimeoutCallback)
                  0001ceec    000000a4     libZStack_nwk_zr_ccs.a : aps_frag.obj (.text:APSF_ProcessAck)
                  0001cf90    000000a4                            : aps_mede.obj (.text:APSME_CmdPktCM_CD$84)
                  0001d034    000000a4     rf_multiMode_cc13x2.a : RFCC26X2_multiMode.c.cc13x2.ccs.o (.text:RF_ratRestartChannels)
                  0001d0d8    000000a4     af.obj (.text:afBuildMSGIncoming$40)
                  0001d17c    000000a4     maclib_nosecure_cc13x2_2_4g.a : mac.obj (.text:macSetupReceiveCmd)
                  0001d220    000000a4     libZStack_nwk_zr_ccs.a : nwk_util.obj (.text:nwk_SetCurrentPollRateType)
                  0001d2c4    000000a4     zstacktask.obj (.text:processZdoBindReq$39)
                  0001d368    000000a4     zcl_samplethermostat.obj (.text:zclSampleThermostat_processAfIncomingMsgInd$14)
                  0001d40c    000000a2     libZStack_nwk_zr_ccs.a : rtg.obj (.text:RTG_SendRrec$94)
                  0001d4ae    00000002     rom_sysbios.aem4f : rom_sysbios.obj (.text:ti_sysbios_heaps_HeapCallback_defaultDelete)
                  0001d4b0    000000a0     rf_multiMode_cc13x2.a : RFCC26X2_multiMode.c.cc13x2.ccs.o (.text:RF_requestAccess)
                  0001d550    000000a0     libZStack_nwk_zr_ccs.a : ssp.obj (.text:SSP_SwitchNwkKey)
                  0001d5f0    000000a0     zcl_sampleapps_ui.obj (.text:UI_UpdateNwkStatusLine)
                  0001d690    000000a0     zmac.obj (.text:ZMacDataReqSec)
                  0001d730    000000a0     auto_init.aem4f : auto_init.oem4f (.text)
                  0001d7d0    000000a0     maclib_nosecure_cc13x2_2_4g.a : mac_radio.obj (.text:scheduleNopWakeupCmd)
                  0001d870    000000a0     rom_sysbios.aem4f : rom_sysbios.obj (.text:ti_sysbios_knl_Task_setPri__E)
                  0001d910    0000009c     libZStack_nwk_zr_ccs.a : aps_mede.obj (.text:APSME_RemoveDeviceReq)
                  0001d9ac    0000009c                            : nl_mede.obj (.text:NLME_LeaveReq)
                  0001da48    0000009c     nvocmp.obj (.text:NVOCMP_readHeader$3)
                  0001dae4    0000009c     drivers_cc13x2.a : TRNGCC26XX.oem4f (.text:TRNG_construct)
                  0001db80    0000009c     zd_sec_mgr.obj (.text:ZDSecMgrDeviceRemove)
                  0001dc1c    0000009c     maclib_nosecure_cc13x2_2_4g.a : mac_radio.obj (.text:macRadioUpdateChannel)
                  0001dcb8    0000009c                                   : mac_radio.obj (.text:macRadioUpdateChannelRx)
                  0001dd54    0000009c                                   : mac_tx.obj (.text:macTxDoneCallback)
                  0001ddf0    0000009c     rtsv7M4_T_le_v4SPD16_eabi.lib : memcpy_t2.asm.obj (.text)
                  0001de8c    0000009c     zcl_green_power.obj (.text:zclGp_SendGpProxyTableResponse)
                  0001df28    0000009c     zcl_port.obj (.text:zcl_HandleExternal)
                  0001dfc4    0000009a     libZStack_nwk_zr_ccs.a : rtg.obj (.text:RTG_RtgRecordInitiation)
                  0001e05e    0000009a     zstacktask.obj (.text:sendSimpleDescRspInd$39)
                  0001e0f8    00000098     gp_common.obj (.text:GP_RecoveryKey$17)
                  0001e190    00000098     nvocmp.obj (.text:NVOCMP_updateItemApi$3)
                  0001e228    00000098     rf_multiMode_cc13x2.a : RFCC26X2_multiMode.c.cc13x2.ccs.o (.text:RF_calculateDispatchTime)
                  0001e2c0    00000098     drivers_cc13x2.a : TRNGCC26XX.oem4f (.text:TRNGCC26XX_hwiFxn)
                  0001e358    00000098     bdb_reporting.obj (.text:bdb_RepFindAttrEntry$43)
                  0001e3f0    00000098     maclib_nosecure_cc13x2_2_4g.a : mac_hl_patch.obj (.text:macAutoPendAddSrcMatchTableEntry)
                  0001e488    00000098     zstackstartup.obj (.text:stackTask_init)
                  0001e520    00000098     drivers_cc13x2.a : UARTCC26XX.oem4f (.text:writeTxFifoFlush)
                  0001e5b8    00000096     rtsv7M4_T_le_v4SPD16_eabi.lib : ull_div_t2.asm.obj (.text)
                  0001e64e    00000002     rom_sysbios.aem4f : rom_sysbios.obj (.text:xdc_runtime_SysCallback_defaultAbort)
                  0001e650    00000094     libZStack_nwk_zr_ccs.a : aps_mede.obj (.text:APSME_FrameTunnel$84)
                  0001e6e4    00000094     zd_profile.obj (.text:ZDP_MgmtNwkUpdateNotify)
                  0001e778    00000094     zd_sec_mgr.obj (.text:ZDSecMgrDeviceJoinDirect)
                  0001e80c    00000094     maclib_nosecure_cc13x2_2_4g.a : mac.obj (.text:macRatCb_A)
                  0001e8a0    00000094     zcl_port.obj (.text:zclport_registerEndpoint)
                  0001e934    00000092     drivers_cc13x2.a : UARTCC26XX.oem4f (.text:UARTCC26XX_writeCancel)
                  0001e9c6    00000092     zd_object.obj (.text:ZDO_ParseSimpleDescBuf)
                  0001ea58    00000092     libZStack_nwk_zr_ccs.a : aps_util.obj (.text:apsGenerateAck)
                  0001eaea    00000002     rom_sysbios.aem4f : rom_sysbios.obj (.text:xdc_runtime_SysCallback_defaultExit)
                  0001eaec    00000090     zd_sec_mgr.obj (.text:APSME_LinkKeySet)
                  0001eb7c    00000090     maclib_nosecure_cc13x2_2_4g.a : mac_hl_patch.obj (.text:MAC_ResumeReq)
                  0001ec0c    00000090     libZStack_nwk_zr_ccs.a : nwk_util.obj (.text:NLME_LeaveCmdSend)
                  0001ec9c    00000090     rf_multiMode_cc13x2.a : RFCC26X2_multiMode.c.cc13x2.ccs.o (.text:RF_discardPendCmd)
                  0001ed2c    00000090                           : RFCC26X2_multiMode.c.cc13x2.ccs.o (.text:RF_getInfo)
                  0001edbc    00000090     bdb_finding_and_binding.obj (.text:bdb_ProcessIEEEAddrRsp)
                  0001ee4c    00000090     maclib_nosecure_cc13x2_2_4g.a : mac_hl_patch.obj (.text:macCcmDecrypt)
                  0001eedc    00000090     gp_proxy.obj (.text:zclGp_GpPairingCommandCB)
                  0001ef6c    0000008c     libZStack_nwk_zr_ccs.a : aps_mede.obj (.text:APSME_ConfirmKeyReq)
                  0001eff8    0000008c                            : nwk_util.obj (.text:NLME_RejoinRspSend)
                  0001f084    0000008c     osal_port.obj (.text:OsalPort_heapMalloc$51)
                  0001f110    0000008c     osal_port.obj (.text:OsalPort_setTimer)
                  0001f19c    0000008c     maclib_nosecure_cc13x2_2_4g.a : mac_hl_patch.obj (.text:macCcmEncrypt)
                  0001f228    0000008c                                   : mac_radio_tx.obj (.text:macRadioTxPrepCsmaSlottedIeee)
                  0001f2b4    0000008c                                   : mac_autopend.obj (.text:macSrcMatchCheckSrcAddr$69)
                  0001f340    0000008c     rom_sysbios.aem4f : rom_sysbios.obj (.text:ti_sysbios_gates_GateMutexPri_enter__E)
                  0001f3cc    0000008c     zcl.obj (.text:zcl_SendWriteRsp)
                  0001f458    0000008a     zcl.obj (.text:zclGetDataTypeLength)
                  0001f4e2    00000002     rom_sysbios.aem4f : rom_sysbios.obj (.text:xdc_runtime_SysCallback_defaultFlush)
                  0001f4e4    00000088     libZStack_nwk_zr_ccs.a : assoc_list.obj (.text:AssocChildAging)
                  0001f56c    00000088     driverlib.lib : osc.obj (.text:NOROM_OSCHF_AttemptToSwitchToXosc)
                  0001f5f4    00000088     nvocmp.obj (.text:NVOCMP_deleteItemApi$3)
                  0001f67c    00000088     rf_multiMode_cc13x2.a : RFCC26X2_multiMode.c.cc13x2.ccs.o (.text:RF_cmdDispatchTime)
                  0001f704    00000088                           : RFCC26X2_multiMode.c.cc13x2.ccs.o (.text:RF_getTxPower)
                  0001f78c    00000088     zd_sec_mgr.obj (.text:ZDSecMgrNewDeviceEvent)
                  0001f814    00000088     zd_sec_mgr.obj (.text:ZDSecMgrTclkReq)
                  0001f89c    00000088     drivers_cc13x2.a : PowerCC26X2_calibrateRCOSC.oem4f (.text:calibrateRcoscHf2)
                  0001f924    00000088                      : PowerCC26X2.oem4f (.text:disableLFClockQualifiers)
                  0001f9ac    00000088     maclib_nosecure_cc13x2_2_4g.a : mac_mcu.obj (.text:macMcuOverflowSetPeriod)
                  0001fa34    00000088                                   : mac_symbol_timer.obj (.text:macSymbolTimerInit)
                  0001fabc    00000088     drivers_cc13x2.a : PowerCC26X2_calibrateRCOSC.oem4f (.text:updateSubSecInc)
                  0001fb44    00000086     rtsv7M4_T_le_v4SPD16_eabi.lib : fd_cmp_t2.asm.obj (.text:__aeabi_cdrcmple)
                  0001fbca    00000086     libZStack_nwk_zr_ccs.a : nwk_util.obj (.text:nwkListStatusAddToSortedList)
                  0001fc50    00000084     maclib_nosecure_cc13x2_2_4g.a : mac_autopend.obj (.text:MAC_SrcMatchEnable)
                  0001fcd4    00000084     libZStack_nwk_zr_ccs.a : nwk_util.obj (.text:NLME_SetAssocFlags)
                  0001fd58    00000084     nvocmp.obj (.text:NVOCMP_createItemApi$3)
                  0001fddc    00000084     drivers_cc13x2.a : NVSSPI25X.oem4f (.text:NVSSPI25X_close)
                  0001fe60    00000084     rf_multiMode_cc13x2.a : RFCC26X2_multiMode.c.cc13x2.ccs.o (.text:RF_issueRadioFreeCb)
                  0001fee4    00000084                           : RFCC26X2_multiMode.c.cc13x2.ccs.o (.text:RF_verifyGap)
                  0001ff68    00000084     drivers_cc13x2.a : UARTCC26XX.oem4f (.text:UARTCC26XX_close)
                  0001ffec    00000084     zd_app.obj (.text:ZDApp_SaveNwkKey)
                  00020070    00000084     zd_object.obj (.text:ZDO_ProcessPowerDescReq)
                  000200f4    00000084     zd_profile.obj (.text:ZDP_BindUnbindReq)
                  00020178    00000084     bdb_finding_and_binding.obj (.text:bdb_ProcessSimpleDesc)
                  000201fc    00000084     bdb_finding_and_binding.obj (.text:bdb_zclFindingBindingAddBindEntry$42)
                  00020280    00000084     maclib_nosecure_cc13x2_2_4g.a : mac_radio.obj (.text:macRadioStartScan)
                  00020304    00000084                                   : mac_timer.obj (.text:macTimerUpdateSymbolTimer)
                  00020388    00000084     libZStack_nwk_zr_ccs.a : nwk.obj (.text:nwk_ScanPANChanSelect)
                  0002040c    00000082     zd_nwk_mgr.obj (.text:ZDNwkMgr_BuildAndSendUpdateNotify$57)
                  0002048e    00000002     rom_sysbios.aem4f : rom_sysbios.obj (.text:xdc_runtime_SysCallback_defaultPutch)
                  00020490    00000080     driverlib.lib : chipinfo.obj (.text:NOROM_ChipInfo_GetChipType)
                  00020510    00000080     drivers_cc13x2.a : NVSCC26XX.oem4f (.text:NVSCC26XX_open)
                  00020590    00000080     osal_port.obj (.text:OsalPort_msgFindDequeue)
                  00020610    00000080     bdb_reporting.obj (.text:bdb_repAttrCfgRecordsArrayAdd$43)
                  00020690    00000080     maclib_nosecure_cc13x2_2_4g.a : mac_mcu.obj (.text:macMcuOverflowSetCompare)
                  00020710    00000080                                   : mac_radio.obj (.text:macRadioWakeupCb)
                  00020790    00000080     libZStack_nwk_zr_ccs.a : nwk_bufs.obj (.text:nwk_MacDataBuffersDealloc)
                  00020810    00000080     zstackstartup.obj (.text:stackTaskFxn$6)
                  00020890    00000080     rom_sysbios.aem4f : rom_sysbios.obj (.text:ti_sysbios_family_arm_cc26xx_Timer_start__E)
                  00020910    00000080     zcl_sampleapps_ui.obj (.text:uiActionProcessConfigurePriChannels$10)
                  00020990    00000080     zcl_sampleapps_ui.obj (.text:uiActionProcessConfigureSecChannels$10)
                  00020a10    00000080     zcl.obj (.text:zclFindNextCmdRec$23)
                  00020a90    0000007c     nvocmp.obj (.text:NVOCMP_readItemApi$3)
                  00020b0c    0000007c     rf_multiMode_cc13x2.a : RFCC26X2_multiMode.c.cc13x2.ccs.o (.text:RF_ratFreeChannel)
                  00020b88    0000007c     zcl_sampleapps_ui.obj (.text:UI_UpdateBdbStatusLine)
                  00020c04    0000007c     zd_app.obj (.text:ZDO_JoinIndicationCB)
                  00020c80    0000007c     drivers_cc13x2.a : NVSSPI25X.oem4f (.text:doRead)
                  00020cfc    0000007c     zstacktask.obj (.text:processSecNwkKeyUpdateReq$39)
                  00020d78    0000007a     zd_sec_mgr.obj (.text:ZDSecMgrSendNwkKey)
                  00020df2    0000007a     rtsv7M4_T_le_v4SPD16_eabi.lib : memset_t2.asm.obj (.text)
                  00020e6c    00000078     libZStack_nwk_zr_ccs.a : addr_mgr.obj (.text:AddrMgrEntryLookupNwk)
                  00020ee4    00000078     nvocmp.obj (.text:NVOCMP_checkItem$3)
                  00020f5c    00000078     libZStack_nwk_zr_ccs.a : nwk_util.obj (.text:NwkNotMyChildListAdd)
                  00020fd4    00000078     zd_app.obj (.text:ZDApp_RestoreNwkSecMaterial)
                  0002104c    00000078     zd_object.obj (.text:ZDO_ProcessMgmtLeaveReq)
                  000210c4    00000078     zd_sec_mgr.obj (.text:ZDSecMgrClearNVKeyValues)
                  0002113c    00000078     zmac.obj (.text:ZMacScanReq)
                  000211b4    00000078     drivers_cc13x2.a : NVSSPI25X.oem4f (.text:doWriteVerify)
                  0002122c    00000078     maclib_nosecure_cc13x2_2_4g.a : mac_timer.obj (.text:macTimerSetRollover)
                  000212a4    00000078                                   : mac_hl_patch.obj (.text:macTrackStartCallback)
                  0002131c    00000078     libZStack_nwk_zr_ccs.a : nwk_bufs.obj (.text:nwkbufs_hold)
                  00021394    00000078     zstacktask.obj (.text:processGpSecRsp$39)
                  0002140c    00000078     rom_sysbios.aem4f : rom_sysbios.obj (.text:ti_sysbios_heaps_HeapMem_allocUnprotected__E)
                  00021484    00000076     libZStack_nwk_zr_ccs.a : nwk_util.obj (.text:NLME_SendNetworkStatus)
                  000214fa    00000076     gp_common.obj (.text:gp_PopulateField)
                  00021570    00000076     zstacktask.obj (.text:sendBeaconNotifyInd$39)
                  000215e6    00000074     libZStack_nwk_zr_ccs.a : aps_mede.obj (.text:APSME_UpdateDeviceReq)
                  0002165a    00000002     zcl_samplethermostat.obj (.text:zclSampleThermostat_RemoveAppNvmData$14)
                  0002165c    00000074     libZStack_nwk_zr_ccs.a : nwk_util.obj (.text:NLDE_DataIndSend)
                  000216d0    00000074     nvocmp.obj (.text:NVOCMP_writeItemApi$3)
                  00021744    00000074     drivers_cc13x2.a : PowerCC26X2_calibrateRCOSC.oem4f (.text:PowerCC26X2_auxISR)
                  000217b8    00000074     rf_multiMode_cc13x2.a : RFCC26X2_multiMode.c.cc13x2.ccs.o (.text:RF_ratDisableChannel)
                  0002182c    00000074                           : RFCC26X2_multiMode.c.cc13x2.ccs.o (.text:RF_yield)
                  000218a0    00000074     libZStack_nwk_zr_ccs.a : rtg.obj (.text:RTG_GetRtgEntry)
                  00021914    00000074                            : rtg.obj (.text:RTG_ProcessRtDiscBits)
                  00021988    00000074                            : rtg.obj (.text:RTG_UpdateRtDiscEntry$94)
                  000219fc    00000074     zd_object.obj (.text:ZDO_ProcessActiveEPReq)
                  00021a70    00000074     zd_sec_mgr.obj (.text:ZDSecMgrUpdateNwkKey)
                  00021ae4    00000074     libZStack_nwk_zr_ccs.a : aps_groups.obj (.text:aps_AddGroup)
                  00021b58    00000074     gp_common.obj (.text:gp_aliasDerivation)
                  00021bcc    00000074     maclib_nosecure_cc13x2_2_4g.a : mac_hl_patch.obj (.text:macAutoPoll)
                  00021c40    00000074     rom_sysbios.aem4f : rom_sysbios.obj (.text:ti_sysbios_gates_GateMutexPri_leave__E)
                  00021cb4    00000074     zd_object.obj (.text:zdoSendStateChangeMsg$58)
                  00021d28    00000072     libZStack_nwk_zr_ccs.a : aps_mede.obj (.text:APSME_SearchTCLinkKeyEntry)
                  00021d9a    00000072     rf_multiMode_cc13x2.a : RFCC26X2_multiMode.c.cc13x2.ccs.o (.text:RF_detachOverrides)
                  00021e0c    00000072     zd_object.obj (.text:ZDO_CopyMatchInfo$58)
                  00021e7e    00000072     drivers_cc13x2.a : SPICC26X2DMA.oem4f (.text:csnCallback)
                  00021ef0    00000072     zstacktask.obj (.text:processZdoUnbindReq$39)
                  00021f62    00000002     --HOLE-- [fill = 0]
                  00021f64    00000070     drivers_cc13x2.a : AESCCMCC26XX.oem4f (.text:AESCCM_cleanup)
                  00021fd4    00000070     libZStack_nwk_zr_ccs.a : aps_mede.obj (.text:APSME_FrameSecApplyCM$84)
                  00022044    00000070                            : assoc_list.obj (.text:AssocGetWithAddress)
                  000220b4    00000070     rf_multiMode_cc13x2.a : rfc.c.cc13x2.ccs.o (.text:NOROM_RFCAnaDivTxOverride)
                  00022124    00000070     nvocmp.obj (.text:NVOCMP_eraseNvApi$3)
                  00022194    00000070     libZStack_nwk_zr_ccs.a : nwk_util.obj (.text:NwkNotMyChildListAging)
                  00022204    00000070     drivers_cc13x2.a : PINCC26XX.oem4f (.text:PIN_add)
                  00022274    00000070     rf_multiMode_cc13x2.a : RFCC26X2_multiMode.c.cc13x2.ccs.o (.text:RF_getCurrentTime)
                  000222e4    00000070     drivers_cc13x2.a : Random.oem4f (.text:Random_seedAutomatic)
                  00022354    00000070     bdb.obj (.text:bdb_GenerateInstallCodeCRC)
                  000223c4    00000070     gp_proxy.obj (.text:gp_ProxyTblInit)
                  00022434    00000070     gp_proxy.obj (.text:gp_getProxyTableByGpId)
                  000224a4    00000070     maclib_nosecure_cc13x2_2_4g.a : mac_tx.obj (.text:txComplete)
                  00022514    0000006e     rf_multiMode_cc13x2.a : RFCC26X2_multiMode.c.cc13x2.ccs.o (.text:RF_attachOverrides)
                  00022582    0000006e                           : RFCC26X2_multiMode.c.cc13x2.ccs.o (.text:RF_howToSchedule)
                  000225f0    0000006e     rtsv7M4_T_le_v4SPD16_eabi.lib : ll_div_t2.asm.obj (.text)
                  0002265e    00000002     --HOLE-- [fill = 0]
                  00022660    0000006d     rom_sysbios.aem4f : rom_sysbios.obj (.text:xdc_runtime_System_formatNum__I)
                  000226cd    00000003     --HOLE-- [fill = 0]
                  000226d0    0000006c     libZStack_nwk_zr_ccs.a : aps_mede.obj (.text:APSME_LinkKeySync$84)
                  0002273c    0000006c                            : aps_mede.obj (.text:APSME_LookupExtAddr)
                  000227a8    0000006c     nvocmp.obj (.text:NVOCMP_getDstPage$3)
                  00022814    0000006c     rf_multiMode_cc13x2.a : RFCC26X2_multiMode.c.cc13x2.ccs.o (.text:RF_dispatchNextEvent)
                  00022880    0000006c     zd_object.obj (.text:ZDO_ParseAddrRsp)
                  000228ec    0000006c     zd_sec_mgr.obj (.text:ZDSecMgrWriteNV$60)
                  00022958    0000006c     maclib_nosecure_cc13x2_2_4g.a : mac_timer.obj (.text:macTimerRealign)
                  000229c4    0000006c                                   : mac_hl_patch.obj (.text:macTrackPeriodCallback)
                  00022a30    0000006c     gp_proxy_table.obj (.text:pt_addProxyGroup$19)
                  00022a9c    0000006c     zcl_sampleapps_ui.obj (.text:uiActionProcessConfigureBdbModes$10)
                  00022b08    0000006c     zcl_samplethermostat.obj (.text:zclSampleThermostat_ProcessIncomingMsg$14)
                  00022b74    0000006c     zcl_samplethermostat.obj (.text:zclSampleThermostat_UiActionSetCoolPoint)
                  00022be0    0000006c     zcl_samplethermostat.obj (.text:zclSampleThermostat_UiActionSetHeatPoint)
                  00022c4c    0000006a     libZStack_nwk_zr_ccs.a : aps_mede.obj (.text:APSME_SwitchKeyReq)
                  00022cb6    0000006a                            : rtg.obj (.text:RTG_CheckRtStatus)
                  00022d20    00000068                            : addr_mgr.obj (.text:AddrMgrEntryLookupExt)
                  00022d88    00000068     driverlib.lib : osc.obj (.text:NOROM_OSCHF_SwitchToRcOscTurnOffXosc)
                  00022df0    00000068     libZStack_nwk_zr_ccs.a : nwk_util.obj (.text:NwkFreqAgilityIncErrorCnt$92)
                  00022e58    00000068     osal_port.obj (.text:OsalPort_registerTask)
                  00022ec0    00000068     rf_multiMode_cc13x2.a : RFCC26X2_multiMode.c.cc13x2.ccs.o (.text:RF_hwiHw)
                  00022f28    00000068     zd_profile.obj (.text:ZDP_EPRsp)
                  00022f90    00000068     binding_table.obj (.text:bindRemoveDev)
                  00022ff8    00000068     rtsv7M4_T_le_v4SPD16_eabi.lib : copy_decompress_lzss.c.obj (.text:decompress:lzss:__TI_decompress_lzss)
                  00023060    00000068     zd_profile.obj (.text:fillAndSend$59)
                  000230c8    00000068     maclib_nosecure_cc13x2_2_4g.a : mac_radio_tx.obj (.text:macRadioTxPrepCsmaUnslottedIeee)
                  00023130    00000068                                   : mac_rx.obj (.text:macRxHaltCleanup)
                  00023198    00000068                                   : mac_rx_onoff.obj (.text:macRxOn)
                  00023200    00000068     libZStack_nwk_zr_ccs.a : nwk.obj (.text:nwk_start_cnf_processing$90)
                  00023268    00000068     zstackapi.obj (.text:sendReqRsp$8)
                  000232d0    00000066     zstacktask.obj (.text:processSecApsLinkKeyRemoveReq$39)
                  00023336    00000002     --HOLE-- [fill = 0]
                  00023338    00000064     drivers_cc13x2.a : AESCCMCC26XX.oem4f (.text:AESCCM_waitForResult)
                  0002339c    00000064                      : AESECBCC26XX.oem4f (.text:AESECB_waitForResult)
                  00023400    00000064     libZStack_nwk_zr_ccs.a : aps_mede.obj (.text:APSME_CmdPkt)
                  00023464    00000064     drivers_cc13x2.a : Button.oem4f (.text:Button_gpioCallbackFxn)
                  000234c8    00000064     nvocmp.obj (.text:NVOCMP_findSignature$3)
                  0002352c    00000064     osal_port.obj (.text:OsalPort_clearEvent)
                  00023590    00000064     osal_port.obj (.text:OsalPort_pwrmgrTaskState)
                  000235f4    00000064     libZStack_nwk_zr_ccs.a : rtg.obj (.text:RTG_SendRErr)
                  00023658    00000064     drivers_cc13x2.a : UARTCC26XX.oem4f (.text:UARTCC26XX_control)
                  000236bc    00000064     zd_app.obj (.text:ZDApp_StoreNwkSecMaterial)
                  00023720    00000064     zstackapi.obj (.text:Zstackapi_sysNwkInfoReadReq)
                  00023784    00000064     maclib_nosecure_cc13x2_2_4g.a : mac.obj (.text:macRequestBackoff)
                  000237e8    00000064                                   : mac_timer.obj (.text:macSymbolTimerRolloverCallback)
                  0002384c    00000064                                   : mac_timer.obj (.text:macTimerAddTimer)
                  000238b0    00000064     libZStack_nwk_zr_ccs.a : nwk.obj (.text:nwk_BeaconToNative)
                  00023914    00000064     zstackapi.obj (.text:sendReqDefaultRsp$8)
                  00023978    00000064     zcl_sampleapps_ui.obj (.text:uiProcessIdentifyTimeChange)
                  000239dc    00000064     zcl.obj (.text:zclFindNextAttrRec$23)
                  00023a40    00000064     gp_proxy.obj (.text:zclGp_GpProxyCommissioningModeCB)
                  00023aa4    00000064     zcl_samplethermostat.obj (.text:zclSampleThermostat_SetpointRaiseLowerCB$14)
                  00023b08    00000062     libZStack_nwk_zr_ccs.a : aps.obj (.text:APS_ReflectMonitor$81)
                  00023b6a    00000062     ti_drivers_config.obj (.text:Board_sendExtFlashByte)
                  00023bcc    00000062     rf_multiMode_cc13x2.a : RFCC26X2_multiMode.c.cc13x2.ccs.o (.text:RF_syncCb)
                  00023c2e    00000062     drivers_cc13x2.a : UARTCC26XX.oem4f (.text:UARTCC26XX_swiIntFxn)
                  00023c90    00000062     zstacktask.obj (.text:sendIeeeAddrRspInd$39)
                  00023cf2    00000062     zstacktask.obj (.text:sendNwkAddrRspInd$39)
                  00023d54    00000062     zcl.obj (.text:zclParseInWriteRspCmd$23)
                  00023db6    00000002     --HOLE-- [fill = 0]
                  00023db8    00000060     drivers_cc13x2.a : AESCCMCC26XX.oem4f (.text:AESCCM_hwiFxn)
                  00023e18    00000060                      : AESECBCC26XX.oem4f (.text:AESECB_hwiFxn)
                  00023e78    00000060                      : CryptoResourceCC26XX.oem4f (.text:CryptoResourceCC26XX_constructRTOSObjects)
                  00023ed8    00000060                      : GPIOCC26XX.oem4f (.text:GPIO_write)
                  00023f38    00000060     libZStack_nwk_zr_ccs.a : nl_mede.obj (.text:NLME_NwkDiscReq2)
                  00023f98    00000060     rf_multiMode_cc13x2.a : RFCC26X2_multiMode.c.cc13x2.ccs.o (.text:RF_applyRfCorePatch)
                  00023ff8    00000060     drivers_cc13x2.a : TRNGCC26XX.oem4f (.text:TRNGCC26XX_startTrng)
                  00024058    00000060     zd_object.obj (.text:ZDO_ProcessMgmtPermitJoinReq)
                  000240b8    00000060     zd_profile.obj (.text:ZDP_NwkAddrReq)
                  00024118    00000060     bdb_finding_and_binding.obj (.text:bdb_SendIdentifyQuery)
                  00024178    00000060     gp_common.obj (.text:gpLookForGpd)
                  000241d8    00000060     maclib_nosecure_cc13x2_2_4g.a : mac_radio.obj (.text:macGetRadioTxPowerReg)
                  00024238    00000060                                   : mac_timer.obj (.text:macTimerCancel)
                  00024298    00000060                                   : mac_timer.obj (.text:macTimerGetNextTimer)
                  000242f8    00000060     zcl_samplethermostat.obj (.text:zclSampleThermostat_UpdateLedState$14)
                  00024358    0000005e     libZStack_nwk_zr_ccs.a : ssp_hash.obj (.text:SSP_KeyedHash)
                  000243b6    0000005e     zmac.obj (.text:convertTxOptions)
                  00024414    0000005e     zstacktask.obj (.text:gpSecRecMsgSend$39)
                  00024472    0000005e     zstacktask.obj (.text:sendZdoSrcRtgInd$39)
                  000244d0    0000005c     nvocmp.obj (.text:NVOCMP_readItem$3)
                  0002452c    0000005c     osal_port.obj (.text:OsalPort_msgReceive)
                  00024588    0000005c     osal_port.obj (.text:OsalPort_setEvent)
                  000245e4    0000005c     drivers_cc13x2.a : PINCC26XX.oem4f (.text:PIN_remove)
                  00024640    0000005c     rf_multiMode_cc13x2.a : RFCC26X2_multiMode.c.cc13x2.ccs.o (.text:RF_hwiCpe0PowerFsm)
                  0002469c    0000005c     libZStack_nwk_zr_ccs.a : rtg.obj (.text:RTG_GetRtgSrcIndex$94)
                  000246f8    0000005c     zd_object.obj (.text:ZDO_RemoveMatchMemory$58)
                  00024754    0000005c     zd_sec_mgr.obj (.text:ZDSecMgrGenerateKeyFromSeed)
                  000247b0    0000005c     zd_sec_mgr.obj (.text:ZDSecMgrReadKeyFromNv)
                  0002480c    0000005c     drivers_cc13x2.a : NVSCC26XX.oem4f (.text:doErase)
                  00024868    0000005c                      : SPICC26X2DMA.oem4f (.text:initHw)
                  000248c4    0000005c     maclib_nosecure_cc13x2_2_4g.a : mac_radio.obj (.text:macRadioSetChannel)
                  00024920    0000005c                                   : mac_radio.obj (.text:macRadioSetChannelRx)
                  0002497c    0000005c                                   : mac_hl_patch.obj (.text:macSetDefaultsByPatch)
                  000249d8    0000005c     libZStack_nwk_zr_ccs.a : nwk.obj (.text:nwk_BeaconFromNative)
                  00024a34    0000005c     zstacktask.obj (.text:processApsAddGroup$39)
                  00024a90    0000005c     zstacktask.obj (.text:sendActiveEPRspInd$39)
                  00024aec    0000005c     zstacktask.obj (.text:sendMatchDescRspInd$39)
                  00024b48    0000005c     drivers_cc13x2.a : UARTCC26XX.oem4f (.text:startTxFifoEmptyClk)
                  00024ba4    0000005c     app_pem4f.oem4f (.text:xdc_runtime_Startup_getState__I)
                  00024c00    0000005c     zcl_samplethermostat.obj (.text:zclSampleThermostat_initParameters$14)
                  00024c5c    0000005c     zglobals.obj (.text:zgInitItems)
                  00024cb8    0000005a     zcl.obj (.text:zclParseInDiscAttrsExtRspCmd$23)
                  00024d12    00000002     --HOLE-- [fill = 0]
                  00024d14    00000058     libZStack_nwk_zr_ccs.a : addr_mgr.obj (.text:AddrMgrEntryAdd$80)
                  00024d6c    00000058     nvocmp.obj (.text:NVOCMP_getItemLenApi$3)
                  00024dc4    00000058     osal_port_timers.obj (.text:OsalPortTimers_stopTimer)
                  00024e1c    00000058     drivers_cc13x2.a : PowerCC26X2_calibrateRCOSC.oem4f (.text:PowerCC26X2_initiateCalibration)
                  00024e74    00000058     rf_multiMode_cc13x2.a : RFCC26X2_multiMode.c.cc13x2.ccs.o (.text:RF_TxPowerTable_findValue)
                  00024ecc    00000058     drivers_cc13x2.a : TRNGCC26XX.oem4f (.text:TRNG_init)
                  00024f24    00000058     zd_profile.obj (.text:ZDP_MgmtPermitJoinReq)
                  00024f7c    00000058     bdb.obj (.text:bdb_TCJoiningDeviceFree$41)
                  00024fd4    00000058     boot.aem4f : boot.oem4f (.text)
                  0002502c    00000058     drivers_cc13x2.a : NVSSPI25X.oem4f (.text:extFlashWaitReady)
                  00025084    00000058     maclib_nosecure_cc13x2_2_4g.a : mac_sleep.obj (.text:macCanSleep)
                  000250dc    00000058     libZStack_nwk_zr_ccs.a : nwk_util.obj (.text:nwkTransmissionFailures)
                  00025134    00000058                            : nwk.obj (.text:nwk_indSendError$90)
                  0002518c    00000058     osal_nv.obj (.text:osal_nv_item_init_ex)
                  000251e4    00000058     rom_sysbios.aem4f : rom_sysbios.obj (.text:ti_sysbios_heaps_HeapMem_alloc__E)
                  0002523c    00000058     osal_port_timers.obj (.text:timerCb$52)
                  00025294    00000058     zcl_general.obj (.text:zclGeneral_HdlIncoming$24)
                  000252ec    00000056     drivers_cc13x2.a : LED.oem4f (.text:LED_startBlinking)
                  00025342    00000056     rf_multiMode_cc13x2.a : RFCC26X2_multiMode.c.cc13x2.ccs.o (.text:RF_defaultSubmitPolicy)
                  00025398    00000056     zd_sec_mgr.obj (.text:ZDSecMgrAuthenticationCheck)
                  000253ee    00000056     libZStack_nwk_zr_ccs.a : dgp_stub.obj (.text:gp_SecBuildNonce$79)
                  00025444    00000056     zcl_sampleapps_ui.obj (.text:uiArrayToString$10)
                  0002549a    00000056     zcl.obj (.text:zclParseInReadReportCfgCmd)
                  000254f0    00000054     drivers_cc13x2.a : AESCCMCC26XX.oem4f (.text:AESCCM_construct)
                  00025544    00000054                      : AESECBCC26XX.oem4f (.text:AESECB_construct)
                  00025598    00000054     libZStack_nwk_zr_ccs.a : assoc_list.obj (.text:AssocRemove)
                  000255ec    00000054     driverlib.lib : prcm.obj (.text:NOROM_PRCMPowerDomainsAllOff)
                  00025640    00000054     nvocmp.obj (.text:NVOCMP_doNVCRC$3)
                  00025694    00000054     drivers_cc13x2.a : NVSCC26XX.oem4f (.text:NVSCC26XX_init)
                  000256e8    00000054     rf_multiMode_cc13x2.a : RFCC26X2_multiMode.c.cc13x2.ccs.o (.text:RF_fsmXOSCState)
                  0002573c    00000054     libZStack_nwk_zr_ccs.a : rtg.obj (.text:RTG_GetStochastic)
                  00025790    00000054     drivers_cc13x2.a : StructRingBuf.oem4f (.text:StructRingBuf_put)
                  000257e4    00000054     dpl_cc13x2.a : SwiP_tirtos.oem4f (.text:SwiP_construct)
                  00025838    00000054     bdb.obj (.text:bdb_ZclIdentifyCmdInd)
                  0002588c    00000054     zcl_green_power.obj (.text:gp_AddNotificationMsgNode)
                  000258e0    00000054     gp_proxy.obj (.text:gp_returnOperationalChannel)
                  00025934    00000054     zcl.obj (.text:zclParseInDiscAttrsRspCmd$23)
                  00025988    00000052     zstacktask.obj (.text:processSecNwkKeyGetReq$39)
                  000259da    00000002     --HOLE-- [fill = 0]
                  000259dc    00000051     zcl_sampleapps_ui.obj (.text:uiActionProcessConfigureFindBind$10)
                  00025a2d    00000003     --HOLE-- [fill = 0]
                  00025a30    00000050     libZStack_nwk_zr_ccs.a : addr_mgr.obj (.text:AddrMgrEntryGet)
                  00025a80    00000050     zstacktask.obj (.text:BDBBindNotificationsendMsgToAllCBs$39)
                  00025ad0    00000050     zstacktask.obj (.text:BDBTCLinkKeyExchangeNotificationsendMsgToAllCB$39)
                  00025b20    00000050     drivers_cc13x2.a : GPIOCC26XX.oem4f (.text:GPIO_enableInt)
                  00025b70    00000050     nvocmp.obj (.text:NVOCMP_compactNvApi$3)
                  00025bc0    00000050     libZStack_nwk_zr_ccs.a : nwk_util.obj (.text:NwkNotMyChildListDelete)
                  00025c10    00000050                            : rtg.obj (.text:RTG_SendBrokenRoute)
                  00025c60    00000050     drivers_cc13x2.a : SPICC26X2DMA.oem4f (.text:SPICC26X2DMA_close)
                  00025cb0    00000050     libZStack_nwk_zr_ccs.a : ssp.obj (.text:SSP_GetNwkKey)
                  00025d00    00000050     drivers_cc13x2.a : TRNGCC26XX.oem4f (.text:TRNGCC26XX_waitForResult)
                  00025d50    00000050                      : NVSSPI25X.oem4f (.text:extFlashSpiWrite)
                  00025da0    00000050     maclib_nosecure_cc13x2_2_4g.a : mac_rx_onoff.obj (.text:macRxOffRequest)
                  00025df0    00000050                                   : mac_timer.obj (.text:macTimerStart)
                  00025e40    00000050     libZStack_nwk_zr_ccs.a : nwk_util.obj (.text:nlmeAddConflictedAddrTable$92)
                  00025e90    00000050     osal_port.obj (.text:osalHeapInitFxn)
                  00025ee0    00000050     osal_nv.obj (.text:osal_nv_delete_ex)
                  00025f30    00000050     zstacktask.obj (.text:sendLeaveInd$39)
                  00025f80    00000050     zcl_port.obj (.text:zclport_writeNV)
                  00025fd0    0000004f     zcl_sampleapps_ui.obj (.text:uiActionProcessConfigureNwkFormation$10)
                  0002601f    00000001     --HOLE-- [fill = 0]
                  00026020    0000004f     zcl_sampleapps_ui.obj (.text:uiActionProcessConfigureNwkSteering$10)
                  0002606f    00000001     --HOLE-- [fill = 0]
                  00026070    0000004e     libZStack_nwk_zr_ccs.a : aps_util.obj (.text:apsAckFindMatchCB$86)
                  000260be    0000004e     zstacktask.obj (.text:processSecNwkKeySetReq$39)
                  0002610c    0000004c     libZStack_nwk_zr_ccs.a : aps_mede.obj (.text:APSME_GetRequest)
                  00026158    0000004c     zstacktask.obj (.text:BDBsendMsgToAllCBs$39)
                  000261a4    0000004c     cui.obj (.text:CUI_updateCursor$9)
                  000261f0    0000004c     main.obj (.text:Main_assertHandler)
                  0002623c    0000004c     driverlib.lib : prcm.obj (.text:NOROM_PRCMPowerDomainsAllOn)
                  00026288    0000004c     nvocmp.obj (.text:NVOCMP_setItemInactive$3)
                  000262d4    0000004c     osal_port.obj (.text:OsalPort_msgSend)
                  00026320    0000004c     rf_multiMode_cc13x2.a : RFCC26X2_multiMode.c.cc13x2.ccs.o (.text:RF_wakeupNotification)
                  0002636c    0000004c     libZStack_nwk_zr_ccs.a : rtg.obj (.text:RTG_GetLinkCost$94)
                  000263b8    0000004c     drivers_cc13x2.a : StructRingBuf.oem4f (.text:StructRingBuf_get)
                  00026404    0000004c                      : UARTCC26XX.oem4f (.text:UARTCC26XX_readCancel)
                  00026450    0000004c                      : UDMACC26XX.oem4f (.text:UDMACC26XX_open)
                  0002649c    0000004c     util_timer.obj (.text:UtilTimer_construct)
                  000264e8    0000004c     zmac.obj (.text:ZMacAssociateRsp)
                  00026534    0000004c     zmac.obj (.text:ZMacSendNoData)
                  00026580    0000004c     af.obj (.text:afDelete)
                  000265cc    0000004c     bdb_finding_and_binding.obj (.text:bdb_SetIdentifyActiveEndpoint)
                  00026618    0000004c     rtsv7M4_T_le_v4SPD16_eabi.lib : cpy_tbl.c.obj (.text:copy_in)
                  00026664    0000004c     gp_proxy.obj (.text:gp_stopCommissioningMode)
                  000266b0    0000004c     maclib_nosecure_cc13x2_2_4g.a : mac_low_level.obj (.text:macLowLevelYield)
                  000266fc    0000004c     libZStack_nwk_zr_ccs.a : nwk_bufs.obj (.text:nwkDB_DeleteRecAll)
                  00026748    0000004c     osal_port.obj (.text:osalHeapGetStatsFxn)
                  00026794    0000004c     osal_nv.obj (.text:osal_nv_read_match_entry)
                  000267e0    0000004a     zcl.obj (.text:zclFindAttrRec)
                  0002682a    00000002     --HOLE-- [fill = 0]
                  0002682c    00000048     libZStack_nwk_zr_ccs.a : addr_mgr.obj (.text:AddrMgrEntrySet$80)
                  00026874    00000048     ti_drivers_config.obj (.text:Board_wakeUpExtFlash)
                  000268bc    00000048     libZStack_nwk_zr_ccs.a : nl_mede.obj (.text:NLME_PermitJoiningSet$88)
                  00026904    00000048     rf_multiMode_cc13x2.a : rfc.c.cc13x2.ccs.o (.text:NOROM_RFCSynthPowerDown)
                  0002694c    00000048     nvocmp.obj (.text:NVOCMP_write$3)
                  00026994    00000048     drivers_cc13x2.a : NVSSPI25X.oem4f (.text:NVSSPI25X_read)
                  000269dc    00000048                      : NVS.oem4f (.text:NVS_open)
                  00026a24    00000048                      : PINCC26XX.oem4f (.text:PIN_setOutputEnable)
                  00026a6c    00000048                      : PowerCC26X2_calibrateRCOSC.oem4f (.text:PowerCC26X2_RCOSC_clockFunc)
                  00026ab4    00000048                      : PowerCC26X2.oem4f (.text:PowerCC26XX_switchXOSC_HF)
                  00026afc    00000048     cui.obj (.text:UartReadCallback$9)
                  00026b44    00000048     mac_util.obj (.text:Util_itoa)
                  00026b8c    00000048     zd_object.obj (.text:ZDO_CompareClusterLists$58)
                  00026bd4    00000048     zd_profile.obj (.text:ZDO_RegisterForZDOMsg)
                  00026c1c    00000048     af.obj (.text:afDataReqMTU)
                  00026c64    00000048     bdb_reporting.obj (.text:bdb_clusterEndpointArrayIncrementAll$43)
                  00026cac    00000048     bdb_finding_and_binding.obj (.text:bdb_setEpDescListToActiveEndpoint)
                  00026cf4    00000048     binding_table.obj (.text:bindAddressClear)
                  00026d3c    00000048     drivers_cc13x2.a : NVSCC26XX.oem4f (.text:disableFlashCache)
                  00026d84    00000048                      : NVSSPI25X.oem4f (.text:extFlashMassErase)
                  00026dcc    00000048     zstacktask.obj (.text:isDevicePartOfNetwork$39)
                  00026e14    00000048     maclib_nosecure_cc13x2_2_4g.a : mac_radio.obj (.text:macRadioNeedAdjustPower)
                  00026e5c    00000048                                   : mac_timer.obj (.text:macTimerUpdActive)
                  00026ea4    00000048     libZStack_nwk_zr_ccs.a : nwk.obj (.text:nwkBuildDataCnf)
                  00026eec    00000048     zstacktask.obj (.text:sendDeviceAnnounceInd$39)
                  00026f34    00000048     zstacktask.obj (.text:sendNwkFrameFwdNotificationCBMsg$39)
                  00026f7c    00000048     drivers_cc13x2.a : PowerCC26X2.oem4f (.text:switchXOSCHF)
                  00026fc4    00000048                      : UARTCC26XX.oem4f (.text:writeFinishedDoCallback)
                  0002700c    00000048     zcl_green_power.obj (.text:zclGp_HdlIncoming$25)
                  00027054    00000046     drivers_cc13x2.a : RingBuf.oem4f (.text:RingBuf_put)
                  0002709a    00000046     zstacktask.obj (.text:gpCheckAnnceMsgSend$39)
                  000270e0    00000046     libZStack_nwk_zr_ccs.a : nwk.obj (.text:nwk_comm_status_ind_processing$90)
                  00027126    00000046                            : rtg.obj (.text:rtgRReqFindMatchCB$94)
                  0002716c    00000046     zcl.obj (.text:zclParseInReadCmd)
                  000271b2    00000002     --HOLE-- [fill = 0]
                  000271b4    00000044     drivers_cc13x2.a : GPIOCC26XX.oem4f (.text:GPIO_disableInt)
                  000271f8    00000044     maclib_nosecure_cc13x2_2_4g.a : mac_timer.obj (.text:MAC_PwrNextTimeout)
                  0002723c    00000044     driverlib.lib : chipinfo.obj (.text:NOROM_ChipInfo_GetHwRevision)
                  00027280    00000044     nvocmp.obj (.text:NVOCMP_getFreeNvApi$3)
                  000272c4    00000044     drivers_cc13x2.a : NVSCC26XX.oem4f (.text:NVSCC26XX_read)
                  00027308    00000044                      : PINCC26XX.oem4f (.text:PIN_swi)
                  0002734c    00000044                      : PWM.oem4f (.text:PWM_init)
                  00027390    00000044     libZStack_nwk_zr_ccs.a : rtg.obj (.text:RTG_MTORouteReq)
                  000273d4    00000044     drivers_cc13x2.a : SPI.oem4f (.text:SPI_init)
                  00027418    00000044                      : UART.oem4f (.text:UART_init)
                  0002745c    00000044     zd_app.obj (.text:ZDApp_RestoreNwkKey)
                  000274a0    00000044     zd_app.obj (.text:ZDO_JoinConfirmCB)
                  000274e4    00000044     zd_profile.obj (.text:ZDP_MgmtLeaveReq)
                  00027528    00000044     zd_profile.obj (.text:ZDP_SendData)
                  0002756c    00000044     bdb_reporting.obj (.text:bdb_RepLoadCfgRecords$43)
                  000275b0    00000044     bdb_reporting.obj (.text:bdb_clusterEndpointArrayUpdateAt$43)
                  000275f4    00000044     maclib_nosecure_cc13x2_2_4g.a : mac_rx_onoff.obj (.text:macRxDisable)
                  00027638    00000044                                   : mac_tx.obj (.text:macTxTimestampCallback)
                  0002767c    00000044     libZStack_nwk_zr_ccs.a : nwk_util.obj (.text:nwkHandleBrokenRoute)
                  000276c0    00000044                            : nwk_util.obj (.text:nwkNeighborAdd)
                  00027704    00000044                            : rtg.obj (.text:rtgIsValidNeighbor$94)
                  00027748    00000044     zcl_samplethermostat.obj (.text:zclSampleThermostat_initialization$14)
                  0002778c    00000044     zstacktask.obj (.text:zdoNwkDiscCnfCB$39)
                  000277d0    00000042     drivers_cc13x2.a : SPICC26X2DMA.oem4f (.text:SPICC26X2DMA_swiFxn)
                  00027812    00000042     zstacktask.obj (.text:gp_CommissioningModeInd$39)
                  00027854    00000040     libZStack_nwk_zr_ccs.a : aps_mede.obj (.text:APSDE_FrameSend)
                  00027894    00000040     zstacktask.obj (.text:BDBIdentifyTimesendMsgToAllCBs$39)
                  000278d4    00000040     dpl_cc13x2.a : ClockP_tirtos.oem4f (.text:ClockP_construct)
                  00027914    00000040                  : ClockP_tirtos.oem4f (.text:ClockP_create)
                  00027954    00000040     libZStack_nwk_zr_ccs.a : nwk_util.obj (.text:NLDE_BuildSrcRtgFrame)
                  00027994    00000040                            : nwk_util.obj (.text:NLME_IsAddressBroadcast)
                  000279d4    00000040     driverlib.lib : osc.obj (.text:NOROM_OSC_HPOSCRelativeFrequencyOffsetGet)
                  00027a14    00000040     osal_port_timers.obj (.text:OsalPortTimers_getTimerTimeout)
                  00027a54    00000040     osal_port.obj (.text:OsalPort_heapFree$51)
                  00027a94    00000040     drivers_cc13x2.a : PWM.oem4f (.text:PWM_open)
                  00027ad4    00000040                      : PowerCC26X2.oem4f (.text:PowerCC26XX_isStableXOSC_HF)
                  00027b14    00000040     libZStack_nwk_zr_ccs.a : rtg.obj (.text:RTG_BcastHold$94)
                  00027b54    00000040     drivers_cc13x2.a : Random.oem4f (.text:Random_getNumber)
                  00027b94    00000040                      : RingBuf.oem4f (.text:RingBuf_get)
                  00027bd4    00000040                      : SPI.oem4f (.text:SPI_open)
                  00027c14    00000040                      : TRNGCC26XX.oem4f (.text:TRNGCC26XX_copyToClient)
                  00027c54    00000040                      : UART.oem4f (.text:UART_open)
                  00027c94    00000040     zd_app.obj (.text:ZDO_LeaveCnf)
                  00027cd4    00000040     zd_sec_mgr.obj (.text:ZDSecMgrUpdateTCAddress)
                  00027d14    00000040     libZStack_nwk_zr_ccs.a : aps_groups.obj (.text:aps_GroupsWriteNV)
                  00027d54    00000040     bdb.obj (.text:bdb_SendMsg)
                  00027d94    00000040     bdb.obj (.text:bdb_nwkJoiningFormation$41)
                  00027dd4    00000040     bdb_reporting.obj (.text:bdb_repAttrDefaultCfgRecordsLinkedListSearch$43)
                  00027e14    00000040     libZStack_nwk_zr_ccs.a : dgp_stub.obj (.text:gp_DataIndReleaseFromList$79)
[...]
20005503  APS_AllowDataRequests                                           
20005504  AIB_MaxBindingTime                                              
20005508  apsfSendFragmented                                              
2000550c  AIB_apsTrustCenterAddress                                       
20005510  pAPS_UnBind                                                     
20005514  pAPS_GetBind                                                    
20005518  pAPS_DataConfirmReflect                                         
2000551c  pAPS_DataIndReflect                                             
20005520  pAPS_BindingTimeoutCB                                           
20005524  apsfProcessAck                                                  
20005528  apsfSendOsalMsg                                                 
20005530  APS_lastDupTime                                                 
20005534  AIB_apsUseExtendedPANID                                         
2000553c  ZDNwkMgr_TaskID                                                 
2000553d  ZDNwkMgr_MgmtNwkUpdateNotifyTransSeq                            
2000553e  ZDNwkMgr_NumUpdateNotifySent                                    
2000553f  ZDNwkMgr_WaitingForNotifyConfirm                                
20005540  ZDNwkMgr_NewChannel                                             
20005542  ZDNwkMgr_UpdateNotifyTimer                                      
20005544  ZDNwkMgr_TotalTransmissions                                     
20005546  ZDNwkMgr_TxFailures                                             
20005548  pZDNwkMgr_ProcessDataConfirm                                    
2000554c  pZDNwkMgr_ReportChannelInterference                             
20005550  pZDNwkMgr_EDScanConfirmCB                                       
20005554  pZDNwkMgr_NetworkReportCB                                       
20005558  pZDNwkMgr_NetworkUpdateCB                                       
2000555c  ZDNwkMgr_MgmtNwkUpdateNotifyAddr                                
20005568  ZDNwkMgr_MgmtNwkUpdateReq                                       
20005574  ti_sysbios_gates_GateMutex_Object__table__V                     
200055ac  macBeaconPayload                                                
200055e0  zclMenuApp                                                      
20005614  pMacDataTx                                                      
20005618  macDataTxIndirect                                               
2000561c  macDataRequeueIndirect                                          
20005620  macDataRxBeaconCritical                                         
20005624  macDataTxBeaconComplete                                         
20005628  macDataSetSched                                                 
2000562c  macDataCheckSched                                               
20005630  macDataCheckTxTime                                              
20005634  macDataBeaconRequeue                                            
20005638  csmPhy                                                          
2000563c  macTimerRollover                                                
20005640  macTimerNewRollover                                             
20005644  ti_sysbios_knl_Swi_Module_State_0_readyQ__A                     
20005674  ti_sysbios_knl_Swi_Object__table__V                             
200056a4  ti_sysbios_knl_Task_Module_State_0_readyQ__A                    
200056d4  macSpecUsecsPerSymbol                                           
200056d8  macPrevPeriodRatCount                                           
200056dc  macSymbolTimerRollover                                          
200056e0  macSymbolTimerTrigger                                           
200056fc  macTxSlottedDelayFactor                                         
200056fd  macTxType                                                       
200056fe  macTxBe                                                         
200056ff  macTxGpInterframeDelay                                          
20005700  txAckReq                                                        
20005703  txSeqn                                                          
20005705  numTx                                                           
20005706  macTxCsmaBackoffDelay                                           
20005708  macCsmaRtcTimerId                                               
2000570c  macAckDbg                                                       
20005744  _hposcCoeffs                                                    
20005768  macActionSet                                                    
2000578c  bdbIndentifyActiveEndpoint                                      
20005790  pfnIdentifyTimeChangeCB                                         
20005794  pfnBindNotificationCB                                           
20005798  bdb_FindingBindingTargetSimpleDesc                              
200057b0  pbindAddEntry                                                   
200057b4  pbindNumOfEntries                                               
200057b8  pbindRemoveDev                                                  
200057bc  pBindInitNV                                                     
200057c0  pBindSetDefaultNV                                               
200057c4  pBindRestoreFromNV                                              
200057c8  pBindWriteNV                                                    
200057cc  macTasksEvents                                                  
200057f0  ti_sysbios_knl_Clock_Object__table__V                           
20005810  xdc_runtime_Error_IgnoreBlock                                   
20005830  zcl_radius                                                      
20005831  zcl_InSeqNum                                                    
20005832  zcl_TransID                                                     
20005834  zcl_ValidateAttrDataCB                                          
2000584c  gp_TaskID                                                       
20005850  GP_DataCnfGCB                                                   
20005854  GP_stopCommissioningModeGCB                                     
20005858  GP_DataIndGCB                                                   
2000585c  GP_SecReqGCB                                                    
20005860  GP_CheckAnnouncedDeviceGCB                                      
20005864  GP_expireDuplicateFilteringGCB                                  
20005868  zgGP_ProxyCommissioningMode                                     
20005869  gpTempMaster                                                    
2000586a  gp_commissioningOptions                                         
2000586b  gp_unicastCommunication                                         
2000586c  gp_OperationalChannel                                           
2000586e  gp_commissionerAddress                                          
2000587c  NLME_PermitJoining                                              
2000587d  NLME_AssocPermission                                            
20005880  NLME_ScanFields                                                 
20005884  pnwk_ScanPANChanSelect                                          
20005888  pnwk_ScanPANChanVerify                                          
2000588c  pNLME_NetworkFormationConfirm                                   
20005892  nwkFrameCounterChanges                                          
20005894  nwkFrameCounter                                                 
20005898  distributedFrameCounter                                         
200058a4  gpioCallbackFunctions                                           
200058b8  gpioPinConfigs                                                  
200058cc  macStateTbl                                                     
20005900  macCfg                                                          
20005938  pClockHandleEDScan                                              
2000593c  APSF_taskID                                                     
20005944  pAPSF_IgnoreBlock                                               
20005954  pOverrides_ieee154                                              
20005960  ti_sysbios_heaps_HeapCallback_Object__table__V                  
2000596c  lastRatChanA                                                    
2000596d  lastRatChanB                                                    
2000596e  macRxCmdActive                                                  
2000596f  macTxCmdActive                                                  
20005970  macFsCmdActive                                                  
20005971  macRxPreempted                                                  
20005972  numRfCmd                                                        
20005973  numRxCmd                                                        
20005974  numRxPostCmd                                                    
20005988  maxSupportedEndpoints                                           
20005989  nwkUseMultiCast                                                 
20005990  AF_DataRequestDiscoverRoute                                     
20005994  epList                                                          
20005998  txCmdHandle                                                     
2000599a  macRadioAckIeeeFrame                                            
200059a8  nwkDataBufQueue                                                 
200059b8  gpTxOffset                                                      
200059bc  gp_macReq                                                       
200059c0  _lock                                                           
200059c4  _unlock                                                         
200059c8  RFCC26XX_schedulerPolicy                                        
200059d0  pinUpperBound                                                   
200059d4  pinLowerBound                                                   
200059e0  ti_sysbios_family_arm_m3_Hwi_Module__root__V                    
200059e8  ti_sysbios_gates_GateHwi_Module__root__V                        
200059f0  ti_sysbios_gates_GateMutexPri_Module__root__V                   
200059f8  ti_sysbios_gates_GateMutex_Module__root__V                      
20005a00  ti_sysbios_hal_Hwi_Module__root__V                              
20005a08  ti_sysbios_heaps_HeapCallback_Module__root__V                   
20005a10  ti_sysbios_heaps_HeapMem_Module__root__V                        
20005a18  ti_sysbios_knl_Clock_Module__root__V                            
20005a20  ti_sysbios_knl_Event_Module__root__V                            
20005a28  ti_sysbios_knl_Mailbox_Module__root__V                          
20005a30  ti_sysbios_knl_Queue_Module__root__V                            
20005a38  ti_sysbios_knl_Semaphore_Module__root__V                        
20005a40  ti_sysbios_knl_Swi_Module__root__V                              
20005a48  ti_sysbios_knl_Task_Module__root__V                             
20005a50  zTouchLinkNwkStartRtr                                           
20005a52  zgNwkCommissionedNwkAddr                                        
20005a54  zgStartDelay                                                    
20005a55  zgZdoDirectCB                                                   
20005a56  zgNwkMgrMode                                                    
20005a57  zgSapiEndpoint                                                  
20005a60  errno                                                           
20005a64  main_func_sp                                                    
20005a68  ti_sysbios_family_arm_m3_Hwi_Module_State_0_excContext__A       
20005a6c  ti_sysbios_family_arm_m3_Hwi_Module_State_0_excStack__A         
20005a70  ti_sysbios_knl_Task_Module_State_0_idleTask__A                  
20005a74  CryptoResourceCC26XX_pollingFlag                                
20005a78  ti_sysbios_family_arm_m3_Hwi_Module_State_0_excActive__A        
20005a7a  data_custom                                                     
20005a82  macSleepState                                                   
20005a88  ti_sysbios_knl_Task_Instance_State_0_stack__A                   
20005c88  uartCC26XXObjects                                               
20005e44  spiCC26X2DMAObjects                                             
20005f54  enhancedAckBuf                                                  
20006148  ti_sysbios_family_arm_m3_Hwi_dispatchTable                      
20006220  LEDObjects                                                      
200062d8  macPib                                                          
20006360  trngCC26XXObjects                                               
200063e4  bdb_reportingClusterEndpointArrayCount                          
200063e5  bdb_reportingNextClusterEndpointIndex                           
200063e6  bdb_reportingAttrCfgRecordsArrayCount                           
200063e7  bdb_reportingAttrCfgRecordsArrayMaxSize                         
200063e8  bdb_reportingAcceptDefaultConfs                                 
200063ea  bdb_reportingNextEventTimeout                                   
200063ec  gAttrDataValue                                                  
200063f0  bdb_reportingAttrCfgRecordsArray                                
200063f4  attrDefaultCfgRecordLinkedList                                  
200063fc  bdb_reportingClusterEndpointArray                               
20006460  pinHandleTable                                                  
200064dc  macScan                                                         
20006580  ButtonObjects                                                   
200065d0  CryptoResourceCC26XX_accessSemaphore                            
20006620  CryptoResourceCC26XX_operationSemaphore                         
20006670  cuiMultiMenuData                                                
20006738  macBeaconCoord                                                  
20006774  macDeviceAction1                                                
200067ac  macBeaconDevice                                                 
200067e0  macMgmtAction1                                                  
20006810  macSrcExtAddrList                                               
20006840  macCoord                                                        
2000686c  macDevice                                                       
20006898  macRxFilter                                                     
20006899  rxPromiscuousMode                                               
2000689c  rxSeqNum                                                        
200068a4  macRxDataEntryOffset                                            
200068a8  rxRadioBufferPtr                                                
200068b4  macRxDataEntryQueue                                             
2000691c  macBeacon                                                       
2000693c  udmaCC26XXObject                                                
200069b0  CryptoResourceCC26XX_hwi                                        
200069cc  macCoordAction2                                                 
200069e8  macReset                                                        
20006a04  macSrcShortAddrList                                             
20006a20  aesccmCC26XXObjects                                             
20006a38  aesecbCC26XXObjects                                             
20006a50  macScanAction                                                   
20006a68  ZDO_Config_Power_Descriptor                                     
20006a6c  ZDO_Config_Node_Descriptor                                      
20006aa4  macDeviceAction2                                                
20006ab8  macMgmtAction2                                                  
20006adc  macBeaconDeviceAction                                           
20006aec  macCoordAction3                                                 
20006afc  macData                                                         
20006b0c  macDataTxDelay                                                  
20006b40  coexMetricsStruct                                               
20006b4c  macMain                                                         
20006b58  nvsSPI25XObjects                                                
20006b6c  macBeaconCoordAction1                                           
20006b74  macCoordAction1                                                 
20006b7c  rreqCounter                                                     
20006b88  PowerCC26XX_swiKey                                              
20006b8c  PowerCC26XX_taskKey                                             
20006b90  _ScanChannels                                                   
20006b94  macRxSymbol                                                     
20006b98  macTimerActive                                                  
20006b9c  nvsCC26XXObjects                                                
20006ba0  timerAlignedQ                                                   
20006ba4  timerUnalignedQ                                                 
20006baa  driverlib_release_0_60278                                       
20006bab  macAckTxActive                                                  
20006bac  macMgmt                                                         
20006bad  macPanCoordinator                                               
20006bae  macPhyChannel                                                   
20006baf  macPwr                                                          
20006bb0  macRxActive                                                     
20006bb1  macRxEnableFlags                                                
20006bb2  macRxOutgoingAckFlag                                            
20006bb3  macSymbolTimerImpending                                         
20006bb4  macTaskId                                                       
20006bb5  macTxActive                                                     
20006bb6  macUnitBackoffPeriod                                            
20006bb7  rxFhRsl                                                         
20006bb8  stackServiceTaskId                                              
20013a00  __stack                                                         
20014000  __STACK_END                                                     
20014000  __STACK_TOP                                                     
e000e000  ti_sysbios_family_arm_m3_Hwi_nvic                               
ffffffff  __TI_pprof_out_hndl                                             
ffffffff  __TI_prof_data_size                                             
ffffffff  __TI_prof_data_start                                            
ffffffff  __binit__                                                       
ffffffff  __c_args__                                                      
ffffffff  binit                                                           
UNDEFED   ITM_flush                                                       
UNDEFED   ITM_restore                                                     
UNDEFED   PWM_config                                                      
UNDEFED   PWM_count                                                       
UNDEFED   SHT$$INIT_ARRAY$$Base                                           
UNDEFED   SHT$$INIT_ARRAY$$Limit                                          

[2617 symbols]
