******************************************************************************
                  TI ARM Linker PC v20.2.5                     
******************************************************************************
>> Linked Mon Dec 13 13:36:13 2021

OUTPUT FILE NAME:   <zed_temperaturesensor_CC1352R1_LAUNCHXL_tirtos_ccs.out>
ENTRY POINT SYMBOL: "ResetISR"  address: 0001dda1


MEMORY CONFIGURATION

         name            origin    length      used     unused   attr    fill
----------------------  --------  ---------  --------  --------  ----  --------
  FLASH                 00000000   00052000  00028498  00029b68  R  X
  FLASH_NV              00052000   00004000  00004000  00000000  RW X
  FLASH_LAST            00056000   00002000  00000058  00001fa8  R  X
  GPRAM                 11000000   00002000  00000000  00002000  RW X
  SRAM                  20000000   00014000  00006d2d  0000d2d3  RW X
  LOG_DATA              90000000   00040000  00000000  00040000  R   


SEGMENT ALLOCATION MAP

run origin  load origin   length   init length attrs members
----------  ----------- ---------- ----------- ----- -------
00000000    00000000    000284a0   000284a0    r-x
  00000000    00000000    0000003c   0000003c    r-- .resetVecs
  00000040    00000040    00025ba0   00025ba0    r-x .text
  00025be0    00025be0    0000227c   0000227c    r-- .const
  00027e5c    00027e5c    000000d0   000000d0    r-- config_const
  00027f30    00027f30    00000570   00000570    r-- .cinit
00052000    00052000    00004000   00000000    rw-
  00052000    00052000    00004000   00000000    rw- .TI.bound:flashBuf0
00057fa8    00057fa8    00000058   00000058    r--
  00057fa8    00057fa8    00000058   00000058    r-- .ccfg
200000d8    200000d8    00001758   00000000    rw-
  200000d8    200000d8    00000028   00000000    rw- .data.1
  20000100    20000100    00000004   00000000    rw- .data:xdcRomConstPtr
  20000104    20000104    00000004   00000000    rw- .data:xdcRomExternFuncPtr
  20000108    20000108    00000004   00000000    rw- .data:xdcRomStatePtr
  2000010c    2000010c    00000010   00000000    rw- .data:RAM_MAC_BASE_ADDR
  20000120    20000120    00001710   00000000    rw- .data.2
20001830    20001830    00000010   00000000    rw-
  20001830    20001830    00000010   00000000    rw- .TI.bound:dmaSpi0RxControlTableEntry
20001840    20001840    000000c0   00000000    rw-
  20001840    20001840    00000010   00000000    rw- .TI.bound:dmaSpi0TxControlTableEntry
  20001850    20001850    000000b0   00000000    rw- .data.3
20001900    20001900    00000010   00000000    rw-
  20001900    20001900    00000010   00000000    rw- .TI.bound:dmaSpi1RxControlTableEntry
20001910    20001910    00000120   00000000    rw-
  20001910    20001910    00000010   00000000    rw- .TI.bound:dmaSpi1TxControlTableEntry
  20001920    20001920    00000110   00000000    rw- .data.4
20001a30    20001a30    00000010   00000000    rw-
  20001a30    20001a30    00000010   00000000    rw- .TI.bound:dmaSpi0RxAltControlTableEntry
20001a40    20001a40    000000c0   00000000    rw-
  20001a40    20001a40    00000010   00000000    rw- .TI.bound:dmaSpi0TxAltControlTableEntry
  20001a50    20001a50    000000b0   00000000    rw- .data.5
20001b00    20001b00    00000010   00000000    rw-
  20001b00    20001b00    00000010   00000000    rw- .TI.bound:dmaSpi1RxAltControlTableEntry
20001b10    20001b10    00004c21   00000000    rw-
  20001b10    20001b10    00000010   00000000    rw- .TI.bound:dmaSpi1TxAltControlTableEntry
  20001b20    20001b20    00003ae0   00000000    rw- .data.6
  20005600    20005600    00001131   00000000    rw- .bss
20013a00    20013a00    00000600   00000000    rw-
  20013a00    20013a00    00000600   00000000    rw- .stack


SECTION ALLOCATION MAP

 output                                  attributes/
section   page    origin      length       input sections
--------  ----  ----------  ----------   ----------------
.text      0    00000040    00025ba0     
                  00000040    00001900     zstacktask.obj (.text:ZStackTaskProcessEvent)
                  00001940    000006fc     bdb.obj (.text:bdb_event_loop)
                  0000203c    000006f4     maclib_nosecure_cc13x2_2_4g.a : mac.obj (.text:macRxCbIeee$65)
                  00002730    00000644     zstackstartup.obj (.text:stackInit$6)
                  00002d74    00000598     main.obj (.text:taskFxn)
                  0000330c    00000570     zd_app.obj (.text:ZDOInitDeviceEx)
                  0000387c    00000554     zd_app.obj (.text:ZDApp_event_loop)
                  00003dd0    00000528     libZStack_nwk_zed_ccs.a : nwk.obj (.text:nwk_data_ind_processing$86)
                  000042f8    000004b0     rf_multiMode_cc13x2.a : RFCC26X2_multiMode.c.cc13x2.ccs.o (.text:RF_fsmActiveState)
                  000047a8    000003f4     libZStack_nwk_zed_ccs.a : nl_mede_cb.obj (.text:NLDE_DataIndication)
                  00004b9c    000003e8                             : aps_frag.obj (.text:APSF_ProcessEvent)
                  00004f84    000003e0     bdb.obj (.text:bdb_reportCommissioningState)
                  00005364    00000340     bdb.obj (.text:bdb_StartCommissioning)
                  000056a4    0000032c     libZStack_nwk_zed_ccs.a : aps.obj (.text:APS_event_loop)
                  000059d0    0000032c     zstacktask.obj (.text:processSysConfigReadReq$36)
                  00005cfc    0000030c     libZStack_nwk_zed_ccs.a : nwk.obj (.text:nwk_event_loop)
                  00006008    00000304     zd_object.obj (.text:ZDO_ProcessMgmtLqiReq)
                  0000630c    00000300     zcl_sampleapps_ui.obj (.text:UI_Init)
                  0000660c    000002f8     zstacktask.obj (.text:processSysConfigWriteReq$36)
                  00006904    000002f4     drivers_cc13x2.a : SPICC26X2DMA.oem4f (.text:SPICC26X2DMA_transfer)
                  00006bf8    000002da     zstacktask.obj (.text:processDevZDOCBReq$36)
                  00006ed2    00000002     ti_drivers_config.obj (.text:Board_initHook)
                  00006ed4    000002bc     libZStack_nwk_zed_ccs.a : aps_mede.obj (.text:APSME_FrameSecRemoveCM$80)
                  00007190    0000029a     zcl.obj (.text:zclProcessInDiscAttrs$22)
                  0000742a    00000002     libZStack_nwk_zed_ccs.a : nwk_util.obj (.text:NLME_NetworkReportCB$88)
                  0000742c    00000298     rf_multiMode_cc13x2.a : RFCC26X2_multiMode.c.cc13x2.ccs.o (.text:RF_open)
                  000076c4    00000294     zmac_cb.obj (.text:MAC_CbackEvent)
                  00007958    0000027c     binding_table.obj (.text:bindAddEntry)
                  00007bd4    0000027c     zcl_general.obj (.text:zclGeneral_ProcessInGroupsServer$23)
                  00007e50    0000027c     zcl.obj (.text:zcl_ProcessMessageMSG)
                  000080cc    0000025c     maclib_nosecure_cc13x2_2_4g.a : mac_pwr.obj (.text:macPwrVote)
                  00008328    00000234     drivers_cc13x2.a : SPICC26X2DMA.oem4f (.text:SPICC26X2DMA_hwiFxn)
                  0000855c    00000230     bdb_finding_and_binding.obj (.text:bdb_checkMatchingEndpoints)
                  0000878c    0000022c     zcl_sampleapps_ui.obj (.text:uiActionProcessSetInstallCode$9)
                  000089b8    00000224     libZStack_nwk_zed_ccs.a : aps.obj (.text:APS_DataIndReflect$77)
                  00008bdc    0000021c     maclib_nosecure_cc13x2_2_4g.a : mac.obj (.text:macSendReceiveCmdIeee)
                  00008df8    00000218     nvocmp.obj (.text:NVOCMP_initNv$3)
                  00009010    00000210     rf_multiMode_cc13x2.a : RFCC26X2_multiMode.c.cc13x2.ccs.o (.text:RF_scheduleCmd)
                  00009220    00000210     zd_sec_mgr.obj (.text:ZDSecMgrTransportKeyInd)
                  00009430    00000210     zmac.obj (.text:ZMacEventLoop)
                  00009640    0000020a     zcl.obj (.text:zclProcessInWriteUndividedCmd$22)
                  0000984a    00000002     rf_multiMode_cc13x2.a : rfc.c.cc13x2.ccs.o (.text:NOROM_RFCCpePatchReset)
                  0000984c    00000208     nvocmp.obj (.text:NVOCMP_addItem$3)
                  00009a54    00000204     maclib_nosecure_cc13x2_2_4g.a : mac_radio_tx.obj (.text:macRadioCsmaTxCbIeee$75)
                  00009c58    00000200     zd_object.obj (.text:ZDO_ProcessMatchDescReq)
                  00009e58    000001fc     libZStack_nwk_zed_ccs.a : aps_mede.obj (.text:APSDE_DataReq)
                  0000a054    000001fc                             : aps_mede.obj (.text:APSME_FrameSecSetupCM$80)
                  0000a250    000001f8     bdb_reporting.obj (.text:bdb_RepReport$40)
                  0000a448    000001f8     zcl_sampleapps_ui.obj (.text:uiActionProcessConfigurePanId$9)
                  0000a640    000001f4     drivers_cc13x2.a : PINCC26XX.oem4f (.text:PIN_init)
                  0000a834    000001e0     zcl_sampleapps_ui.obj (.text:UI_DeviceStateUpdated)
                  0000aa14    000001dc     rf_multiMode_cc13x2.a : RFCC26X2_multiMode.c.cc13x2.ccs.o (.text:RF_dispatchNextCmd)
                  0000abf0    000001dc     libZStack_nwk_zed_ccs.a : ssp_hash.obj (.text:sspMMOHash)
                  0000adcc    000001d8     af.obj (.text:AF_DataRequest)
                  0000afa4    000001d8     maclib_nosecure_cc13x2_2_4g.a : mac_tx.obj (.text:macTxFrame)
                  0000b17c    000001d8     libZStack_nwk_zed_ccs.a : nwk_bufs.obj (.text:nwk_MacDataBuffersAdd)
                  0000b354    000001d4                             : aps.obj (.text:APS_Reflect$77)
                  0000b528    000001c8     zstacktask.obj (.text:zsProcessZDOMsgs$36)
                  0000b6f0    000001c2     zcl.obj (.text:zclProcessInReadCmd$22)
                  0000b8b2    00000002     drivers_cc13x2.a : NVSSPI25X.oem4f (.text:NVSSPI25X_deinitSpiCs)
                  0000b8b4    000001c0     mac_user_config.obj (.text:rfSelect)
                  0000ba74    000001b6     rtsv7M4_T_le_v4SPD16_eabi.lib : fd_add_t2.asm.obj (.text)
                  0000bc2a    00000002     rf_multiMode_cc13x2.a : RFCC26X2_multiMode.c.cc13x2.ccs.o (.text:RF_defaultCallback)
                  0000bc2c    000001ac     maclib_nosecure_cc13x2_2_4g.a : mac_hl_patch.obj (.text:macRxBeaconCritical)
                  0000bdd8    000001a4                                   : mac_hl_patch.obj (.text:macWrapperDeleteKeyAndAssociatedDevices)
                  0000bf7c    000001a4     zcl_sampletemperaturesensor.obj (.text:zclSampleTemperatureSensor_Init$13)
                  0000c120    000001a0     bdb_reporting.obj (.text:bdb_repAttrBuildClusterEndPointArrayBasedOnConfRecordsArray$40)
                  0000c2c0    00000198     drivers_cc13x2.a : PowerCC26X2.oem4f (.text:Power_sleep)
                  0000c458    00000198     zcl.obj (.text:zcl_SendCommandEx)
                  0000c5f0    00000194     libZStack_nwk_zed_ccs.a : nwk.obj (.text:nwk_data_cnf_processing$86)
                  0000c784    00000190     drivers_cc13x2.a : PowerCC26X2_calibrateRCOSC.oem4f (.text:calibrateRcoscHf1)
                  0000c914    0000018c                      : PowerCC26X2_calibrateRCOSC.oem4f (.text:runCalibrateFsm)
                  0000caa0    00000188     nvocmp.obj (.text:NVOCMP_compact$3)
                  0000cc28    00000188     maclib_nosecure_cc13x2_2_4g.a : mac_radio_tx.obj (.text:macRadioTxGoIeee$75)
                  0000cdb0    00000186     drivers_cc13x2.a : Button.oem4f (.text:Button_clockTimeoutHandler)
                  0000cf36    00000002     zd_object.obj (.text:ZDO_ProcessNodeDescRsp)
                  0000cf38    0000017c     zd_object.obj (.text:ZDO_ProcessBindUnbindReq)
                  0000d0b4    00000178     drivers_cc13x2.a : SPICC26X2DMA.oem4f (.text:SPICC26X2DMA_transferCancel)
                  0000d22c    00000178                      : SPICC26X2DMA.oem4f (.text:configNextTransfer)
                  0000d3a4    00000174     libZStack_nwk_zed_ccs.a : nwk_util.obj (.text:NLME_LeaveCmdProcess)
                  0000d518    00000174     drivers_cc13x2.a : PowerCC26X2.oem4f (.text:Power_init)
                  0000d68c    00000170     libZStack_nwk_zed_ccs.a : nl_mede.obj (.text:NLME_ReJoinReq$84)
                  0000d7fc    00000168                             : nl_mede.obj (.text:NLDE_DataReq)
                  0000d964    00000168     drivers_cc13x2.a : NVSSPI25X.oem4f (.text:NVSSPI25X_write)
                  0000dacc    00000168     libZStack_nwk_zed_ccs.a : nwk.obj (.text:nwk_beacon_notify_ind_processing$86)
                  0000dc34    00000164                             : ssp.obj (.text:SSP_NwkSecurityProc)
                  0000dd98    00000164     drivers_cc13x2.a : UARTCC26XX.oem4f (.text:UARTCC26XX_open)
                  0000defc    00000164     maclib_nosecure_cc13x2_2_4g.a : mac_hl_patch.obj (.text:macWrapperDeleteAllDevices)
                  0000e060    00000162     bdb_reporting.obj (.text:bdb_isAttrValueChangedSurpassDelta$40)
                  0000e1c2    00000002     zd_object.obj (.text:ZDO_ProcessSimpleDescRsp)
                  0000e1c4    00000160     mac_util.obj (.text:Util_ltoa)
                  0000e324    0000015e     zcl.obj (.text:zclProcessInDiscCmd$22)
                  0000e482    00000002     zmac_cb.obj (.text:ZMacLqiAdjust$59)
                  0000e484    0000015c     libZStack_nwk_zed_ccs.a : nwk_util.obj (.text:NLDE_BuildMsg$88)
                  0000e5e0    0000015c     maclib_nosecure_cc13x2_2_4g.a : mac_hl_patch.obj (.text:macScanNextChan)
                  0000e73c    0000015c     zcl_general.obj (.text:zclGeneral_ProcessInIdentity$23)
                  0000e898    00000158     driverlib.lib : sys_ctrl.obj (.text:NOROM_SysCtrlStandby)
                  0000e9f0    00000154     zd_sec_mgr.obj (.text:APSME_TCLinkKeyLoad)
                  0000eb44    00000154     rf_multiMode_cc13x2.a : RFCC26X2_multiMode.c.cc13x2.ccs.o (.text:RF_radioOpDoneCb)
                  0000ec98    00000154     drivers_cc13x2.a : UARTCC26XX.oem4f (.text:UARTCC26XX_hwiIntFxn)
                  0000edec    00000154     maclib_nosecure_cc13x2_2_4g.a : mac_rx.obj (.text:rxPayloadIsr$70)
                  0000ef40    00000150     drivers_cc13x2.a : SPICC26X2DMA.oem4f (.text:SPICC26X2DMA_open)
                  0000f090    0000014e     zcl.obj (.text:zclProcessInWriteCmd$22)
                  0000f1de    00000002     rtsv7M4_T_le_v4SPD16_eabi.lib : _lock.c.obj (.text:_nop)
                  0000f1e0    00000148     rf_multiMode_cc13x2.a : RFCC26X2_multiMode.c.cc13x2.ccs.o (.text:RF_fsmSetupState)
                  0000f328    00000148     drivers_cc13x2.a : SPICC26X2DMA.oem4f (.text:initIO)
                  0000f470    00000140     libZStack_nwk_zed_ccs.a : nwk_util.obj (.text:NLME_CmdCnf)
                  0000f5b0    00000140     zcl_sampleapps_ui.obj (.text:generateBdbInfoString$9)
                  0000f6f0    00000140     maclib_nosecure_cc13x2_2_4g.a : mac_tx.obj (.text:txCsmaDelay)
                  0000f830    0000013c     drivers_cc13x2.a : AESCCMCC26XX.oem4f (.text:AESCCM_startOperation)
                  0000f96c    0000013a                      : UARTCC26XX.oem4f (.text:UARTCC26XX_read)
                  0000faa6    00000002                      : PowerCC26X2.oem4f (.text:emptyClockFunc)
                  0000faa8    00000138     cui.obj (.text:CUI_dispMenu$8)
                  0000fbe0    00000138     drivers_cc13x2.a : NVSCC26XX.oem4f (.text:NVSCC26XX_write)
                  0000fd18    00000138     rf_multiMode_cc13x2.a : RFCC26X2_multiMode.c.cc13x2.ccs.o (.text:RF_abortCmd)
                  0000fe50    00000138                           : RFCC26X2_multiMode.c.cc13x2.ccs.o (.text:RF_ratSetupChannel)
                  0000ff88    00000134     zd_object.obj (.text:ZDO_ProcessMgmtBindReq)
                  000100bc    00000134     zd_object.obj (.text:ZDO_ProcessSimpleDescReq)
                  000101f0    00000134     libZStack_nwk_zed_ccs.a : nwk_util.obj (.text:nwk_SetCurrentPollRateType)
                  00010324    00000130     rtsv7M4_T_le_v4SPD16_eabi.lib : strtol.c.obj (.text:strtol)
                  00010454    00000130     zcl.obj (.text:zclParseInConfigReportCmd)
                  00010584    0000012c     libZStack_nwk_zed_ccs.a : rtg.obj (.text:RTG_AddRtgEntry$90)
                  000106b0    00000128     zd_sec_mgr.obj (.text:ZDSecMgrDeviceRemoveByExtAddr)
                  000107d8    00000128     main.obj (.text:main)
                  00010900    00000124     libZStack_nwk_zed_ccs.a : aps_frag.obj (.text:APSF_SendFragmented)
                  00010a24    00000124     cui.obj (.text:CUI_statusLinePrintf)
                  00010b48    00000124     maclib_nosecure_cc13x2_2_4g.a : mac_hl_patch.obj (.text:macBuildDataFrame)
                  00010c6c    00000124     libZStack_nwk_zed_ccs.a : nwk.obj (.text:nwk_scan_cnf_processing$86)
                  00010d90    00000120     zd_sec_mgr.obj (.text:APSME_TCLinkKeySync)
                  00010eb0    00000120     cui.obj (.text:CUI_init)
                  00010fd0    00000120     nvocmp.obj (.text:NVOCMP_compactPage$3)
                  000110f0    00000120     rf_multiMode_cc13x2.a : RFCC26X2_multiMode.c.cc13x2.ccs.o (.text:RF_close)
                  00011210    00000120     drivers_cc13x2.a : PowerCC26X2.oem4f (.text:configureXOSCHF)
                  00011330    0000011e     zstacktask.obj (.text:processSecApsLinkKeySetReq$36)
                  0001144e    00000002     drivers_cc13x2.a : CryptoResourceCC26XX.oem4f (.text:errorSpin)
                  00011450    00000118     libZStack_nwk_zed_ccs.a : rtg.obj (.text:NLME_RouteDiscoveryRequest)
                  00011568    00000118     zd_profile.obj (.text:ZDP_IncomingData)
                  00011680    00000118     maclib_nosecure_cc13x2_2_4g.a : mac.obj (.text:macSetupRATChanCompare)
                  00011798    00000114     drivers_cc13x2.a : PINCC26XX.oem4f (.text:PINCC26XX_setIoCfg)
                  000118ac    00000114     maclib_nosecure_cc13x2_2_4g.a : mac_radio.obj (.text:macRadioInitIeee)
                  000119c0    00000110     libZStack_nwk_zed_ccs.a : aps_mede.obj (.text:APSDE_FrameAlloc)
                  00011ad0    00000110     cui.obj (.text:CUI_menuActionHelp)
                  00011be0    00000110     drivers_cc13x2.a : GPIOCC26XX.oem4f (.text:GPIO_setConfig)
                  00011cf0    00000110                      : LED.oem4f (.text:LED_open)
                  00011e00    00000110     libZStack_nwk_zed_ccs.a : ssp.obj (.text:SSP_Process)
                  00011f10    0000010c                             : nwk_util.obj (.text:NLDE_ParseMsg)
                  0001201c    00000108     drivers_cc13x2.a : AESECBCC26XX.oem4f (.text:AESECB_startOperation)
                  00012124    00000108     libZStack_nwk_zed_ccs.a : aps_mede.obj (.text:APSDE_FrameHdrSet$80)
                  0001222c    00000108                             : addr_mgr.obj (.text:AddrMgrEntryUpdate)
                  00012334    00000108                             : ssp.obj (.text:ccmStar)
                  0001243c    00000106     app_pem4f.oem4f (.text:xdc_runtime_System_printfExtend__I)
                  00012542    00000002     maclib_nosecure_cc13x2_2_4g.a : mac_pwr.obj (.text:macApiPwrOnReq)
                  00012544    00000104     rf_multiMode_cc13x2.a : RFCC26X2_multiMode.c.cc13x2.ccs.o (.text:RF_hwiCpe0Active)
                  00012648    00000104     libZStack_nwk_zed_ccs.a : nwk_util.obj (.text:RTG_UpdateNeighborEntry)
                  0001274c    00000100     nvocmp.obj (.text:NVOCMP_findItem$3)
                  0001284c    000000fc     rf_multiMode_cc13x2.a : RFCC26X2_multiMode.c.cc13x2.ccs.o (.text:RF_decodeOverridePointers)
                  00012948    000000fc     zd_app.obj (.text:ZDO_beaconNotifyIndCB)
                  00012a44    000000fc     zd_profile.obj (.text:zdpProcessAddrReq)
                  00012b40    000000fa     zcl_general.obj (.text:zclGeneral_ProcessInGroupsClient$23)
                  00012c3a    00000002     maclib_nosecure_cc13x2_2_4g.a : mac_radio.obj (.text:macRadioSetRE)
                  00012c3c    000000f8     cui.obj (.text:CUI_statusLineResourceRequest)
                  00012d34    000000f8     drivers_cc13x2.a : NVSSPI25X.oem4f (.text:NVSSPI25X_open)
                  00012e2c    000000f4     nwk_globals.obj (.text:NIB_init)
                  00012f20    000000f4     drivers_cc13x2.a : SPICC26X2DMA.oem4f (.text:SPICC26X2DMA_control)
                  00013014    000000f4     zcl_sampleapps_ui.obj (.text:UI_UpdateDeviceInfoLine)
                  00013108    000000f0     libZStack_nwk_zed_ccs.a : nwk_util.obj (.text:NLME_CheckNewAddrSet)
                  000131f8    000000f0     rf_multiMode_cc13x2.a : RFCC26X2_multiMode.c.cc13x2.ccs.o (.text:RF_fsmPowerUpState)
                  000132e8    000000f0     zcl_sampleapps_ui.obj (.text:uiActionProcessApplyInstallCode$9)
                  000133d8    000000ec     libZStack_nwk_zed_ccs.a : aps_mede.obj (.text:APSME_VerifyKeyReq)
                  000134c4    000000ec     zcl_sampleapps_ui.obj (.text:UI_UpdateNwkStatusLine)
                  000135b0    000000e8     drivers_cc13x2.a : Button.oem4f (.text:Button_open)
                  00013698    000000e8     cui.obj (.text:CUI_writeString$8)
                  00013780    000000e4     libZStack_nwk_zed_ccs.a : nl_mede.obj (.text:NLME_NetworkFormationRequest)
                  00013864    000000e0     drivers_cc13x2.a : UARTCC26XX.oem4f (.text:UARTCC26XX_write)
                  00013944    000000dc     libZStack_nwk_zed_ccs.a : aps.obj (.text:APS_GetBind$77)
                  00013a20    000000dc     maclib_nosecure_cc13x2_2_4g.a : mac_hl_patch.obj (.text:macBuildHeaderIes)
                  00013afc    000000dc     libZStack_nwk_zed_ccs.a : nwk.obj (.text:nwk_associate_cnf_processing$86)
                  00013bd8    000000dc     zcl.obj (.text:zclSerializeData)
                  00013cb4    000000d8     driverlib.lib : aes.obj (.text:NOROM_AESWriteToKeyStore)
                  00013d8c    000000d8     rf_multiMode_cc13x2.a : RFCC26X2_multiMode.c.cc13x2.ccs.o (.text:RF_control)
                  00013e64    000000d8                           : RFCC26X2_multiMode.c.cc13x2.ccs.o (.text:RF_pendCmd)
                  00013f3c    000000d8     driverlib.lib : setup.obj (.text:TrimAfterColdResetWakeupFromShutDown$98)
                  00014014    000000d8     bdb_reporting.obj (.text:bdb_RepChangedAttrValue)
                  000140ec    000000d8     maclib_nosecure_cc13x2_2_4g.a : mac_hl_patch.obj (.text:macEdScanISR)
                  000141c4    000000d8                                   : mac_tx.obj (.text:txCsmaPrep$74)
                  0001429c    000000d4                                   : mac_hl_patch.obj (.text:MAC_MlmeScanReq)
                  00014370    000000d4     zcl_sampleapps_ui.obj (.text:UI_InitCUI$9)
                  00014444    000000d4     zd_object.obj (.text:ZDO_ProcessNodeDescReq)
                  00014518    000000d4     zd_sec_mgr.obj (.text:ZDSecMgrNwkKeyInit)
                  000145ec    000000d2     rf_multiMode_cc13x2.a : RFCC26X2_multiMode.c.cc13x2.ccs.o (.text:RF_updatePaConfiguration)
                  000146be    00000002     rtsv7M4_T_le_v4SPD16_eabi.lib : div0.asm.obj (.text)
                  000146c0    000000d0     libZStack_nwk_zed_ccs.a : nl_mede.obj (.text:NLME_JoinRequest)
                  00014790    000000d0     osal_port_timers.obj (.text:createTimerEntry$49)
                  00014860    000000d0     maclib_nosecure_cc13x2_2_4g.a : mac_low_level.obj (.text:macLowLevelBufferInit)
                  00014930    000000cc     zd_sec_mgr.obj (.text:APSME_TCLinkKeyInit)
                  000149fc    000000cc     libZStack_nwk_zed_ccs.a : aps.obj (.text:APS_ReReflect$77)
                  00014ac8    000000cc     cui.obj (.text:CUI_assert)
                  00014b94    000000cc     rf_multiMode_cc13x2.a : RFCC26X2_multiMode.c.cc13x2.ccs.o (.text:RF_swiHw)
                  00014c60    000000cc     zcl_sampleapps_ui.obj (.text:UI_UpdateBindInfoLine)
                  00014d2c    000000cc     af.obj (.text:afRegister)
                  00014df8    000000ca     zstacktask.obj (.text:sendNodeDescRspInd$36)
                  00014ec2    00000002     app_pem4f.oem4f (.text:ti_sysbios_BIOS_nullFunc__I)
                  00014ec4    000000c8     dpl_cc13x2.a : PowerCC26X2_tirtos.oem4f (.text:PowerCC26XX_standbyPolicy)
                  00014f8c    000000c4     libZStack_nwk_zed_ccs.a : aps.obj (.text:APS_UnBind$77)
                  00015050    000000c4     drivers_cc13x2.a : GPIOCC26XX.oem4f (.text:GPIO_init)
                  00015114    000000c4     maclib_nosecure_cc13x2_2_4g.a : mac_autopend.obj (.text:MAC_SrcMatchAddEntry)
                  000151d8    000000c4                                   : mac_hl_patch.obj (.text:macApiStartReq)
                  0001529c    000000c4                                   : mac_timer.obj (.text:macSymbolTimerTriggerCallback)
                  00015360    000000c2     zcl.obj (.text:zclParseInReadRspCmd$22)
                  00015422    00000002     rom_sysbios.aem4f : rom_sysbios.obj (.text:ti_sysbios_heaps_HeapCallback_defaultDelete)
                  00015424    000000c0     maclib_nosecure_cc13x2_2_4g.a : mac_pwr.obj (.text:MAC_PwrOffReq)
                  000154e4    000000c0     libZStack_nwk_zed_ccs.a : nwk_util.obj (.text:NLME_InitNV)
                  000155a4    000000c0     nvocmp.obj (.text:NVOCMP_erase$3)
                  00015664    000000c0     drivers_cc13x2.a : PowerCC26X2.oem4f (.text:Power_releaseDependency)
                  00015724    000000c0                      : TRNGCC26XX.oem4f (.text:TRNG_getRandom)
                  000157e4    000000c0                      : UARTCC26XX.oem4f (.text:UARTCC26XX_initIO)
                  000158a4    000000c0     maclib_nosecure_cc13x2_2_4g.a : mac_rx.obj (.text:rxPostRxUpdates$70)
                  00015964    000000bc     rf_multiMode_cc13x2.a : RFCC26X2_multiMode.c.cc13x2.ccs.o (.text:RF_initRadioSetup)
                  00015a20    000000bc     maclib_nosecure_cc13x2_2_4g.a : mac.obj (.text:macGetRFCmdDuration)
                  00015adc    000000bc     zcl_port.obj (.text:zcl_AF_DataRequest)
                  00015b98    000000b8     drivers_cc13x2.a : PowerCC26X2.oem4f (.text:Power_setDependency)
                  00015c50    000000b8                      : UARTCC26XX.oem4f (.text:UARTCC26XX_initHw)
                  00015d08    000000b8                      : NVSSPI25X.oem4f (.text:doErase)
                  00015dc0    000000b8     maclib_nosecure_cc13x2_2_4g.a : mac_hl_patch.obj (.text:macMgmtReset)
                  00015e78    000000b8     zcl_sampleapps_ui.obj (.text:uiActionProcessConfigureChannels$9)
                  00015f30    000000b4     libZStack_nwk_zed_ccs.a : aps_mede.obj (.text:APSME_AddTCLinkKey)
                  00015fe4    000000b4     bdb_reporting.obj (.text:bdb_RepUpdateMarkBindings)
                  00016098    000000b0     libZStack_nwk_zed_ccs.a : aps_mede_cb.obj (.text:APSDE_DataIndication)
                  00016148    000000b0     zmac.obj (.text:ZMacAssociateReq)
                  000161f8    000000b0     maclib_nosecure_cc13x2_2_4g.a : mac_hl_patch.obj (.text:macDataTxComplete)
                  000162a8    000000b0                                   : mac_radio.obj (.text:macRadioUpdateTxPower)
                  00016358    000000b0     zcl.obj (.text:zclParseInWriteCmd)
                  00016408    000000b0     zcl_sampletemperaturesensor.obj (.text:zclSampleTemperatureSensor_UiActionChangeTemp)
                  000164b8    000000ae     zstacktask.obj (.text:processSecApsLinkKeyGetReq$36)
                  00016566    00000002     rom_sysbios.aem4f : rom_sysbios.obj (.text:xdc_runtime_SysCallback_defaultAbort)
                  00016568    000000ac     nvocmp.obj (.text:NVOCMP_readContItemApi$3)
                  00016614    000000ac     drivers_cc13x2.a : PINCC26XX.oem4f (.text:PIN_open)
                  000166c0    000000ac     bdb.obj (.text:bdb_rejoinNwk)
                  0001676c    000000ac     maclib_nosecure_cc13x2_2_4g.a : mac_hl_patch.obj (.text:macApiBeaconStartReq)
                  00016818    000000ac                                   : mac_hl_patch.obj (.text:macScanRxCoordRealign)
                  000168c4    000000aa     zd_object.obj (.text:ZDO_ParseNodeDescRsp)
                  0001696e    00000002     rom_sysbios.aem4f : rom_sysbios.obj (.text:xdc_runtime_SysCallback_defaultExit)
                  00016970    000000a8     driverlib.lib : setup.obj (.text:NOROM_SetupTrimDevice)
                  00016a18    000000a8     nvocmp.obj (.text:NVOCMP_initNvApi$3)
                  00016ac0    000000a8     maclib_nosecure_cc13x2_2_4g.a : mac_hl_patch.obj (.text:macBeaconCheckTxTime)
                  00016b68    000000a8                                   : mac_hl_patch.obj (.text:macTrackTimeoutCallback)
                  00016c10    000000a6     zd_app.obj (.text:ZDApp_ProcessMsgCBs)
                  00016cb6    00000002     rom_sysbios.aem4f : rom_sysbios.obj (.text:xdc_runtime_SysCallback_defaultFlush)
                  00016cb8    000000a4     libZStack_nwk_zed_ccs.a : aps_frag.obj (.text:APSF_ProcessAck)
                  00016d5c    000000a4     rf_multiMode_cc13x2.a : RFCC26X2_multiMode.c.cc13x2.ccs.o (.text:RF_ratRestartChannels)
                  00016e00    000000a4     af.obj (.text:afBuildMSGIncoming$37)
                  00016ea4    000000a4     bdb.obj (.text:bdb_ProcessNodeDescRsp$38)
                  00016f48    000000a4     maclib_nosecure_cc13x2_2_4g.a : mac.obj (.text:macSetupReceiveCmd)
                  00016fec    000000a4     zcl_sampletemperaturesensor.obj (.text:zclSampleTemperatureSensor_processAfIncomingMsgInd$13)
                  00017090    000000a0     rf_multiMode_cc13x2.a : RFCC26X2_multiMode.c.cc13x2.ccs.o (.text:RF_requestAccess)
                  00017130    000000a0     libZStack_nwk_zed_ccs.a : ssp.obj (.text:SSP_SwitchNwkKey)
                  000171d0    000000a0     zmac.obj (.text:ZMacDataReqSec)
                  00017270    000000a0     auto_init.aem4f : auto_init.oem4f (.text)
                  00017310    000000a0     zstacktask.obj (.text:processZdoBindReq$36)
                  000173b0    000000a0     maclib_nosecure_cc13x2_2_4g.a : mac_radio.obj (.text:scheduleNopWakeupCmd)
                  00017450    000000a0     rom_sysbios.aem4f : rom_sysbios.obj (.text:ti_sysbios_knl_Task_setPri__E)
                  000174f0    0000009c     libZStack_nwk_zed_ccs.a : aps_mede.obj (.text:APSME_CmdTransportKey$80)
                  0001758c    0000009c                             : aps_mede.obj (.text:APSME_RemoveDeviceReq)
                  00017628    0000009c     nvocmp.obj (.text:NVOCMP_readHeader$3)
                  000176c4    0000009c     drivers_cc13x2.a : TRNGCC26XX.oem4f (.text:TRNG_construct)
                  00017760    0000009c     zd_sec_mgr.obj (.text:ZDSecMgrDeviceRemove)
                  000177fc    0000009c     maclib_nosecure_cc13x2_2_4g.a : mac_radio.obj (.text:macRadioUpdateChannel)
                  00017898    0000009c                                   : mac_radio.obj (.text:macRadioUpdateChannelRx)
                  00017934    0000009c                                   : mac_tx.obj (.text:macTxDoneCallback)
                  000179d0    0000009c     rtsv7M4_T_le_v4SPD16_eabi.lib : memcpy_t2.asm.obj (.text)
                  00017a6c    0000009c     zcl_port.obj (.text:zcl_HandleExternal)
                  00017b08    0000009a     zstacktask.obj (.text:sendSimpleDescRspInd$36)
                  00017ba2    00000002     rom_sysbios.aem4f : rom_sysbios.obj (.text:xdc_runtime_SysCallback_defaultPutch)
                  00017ba4    00000098     nvocmp.obj (.text:NVOCMP_updateItemApi$3)
                  00017c3c    00000098     rf_multiMode_cc13x2.a : RFCC26X2_multiMode.c.cc13x2.ccs.o (.text:RF_calculateDispatchTime)
                  00017cd4    00000098     drivers_cc13x2.a : TRNGCC26XX.oem4f (.text:TRNGCC26XX_hwiFxn)
                  00017d6c    00000098     zd_object.obj (.text:ZDO_ProcessMgmtLeaveReq)
                  00017e04    00000098     maclib_nosecure_cc13x2_2_4g.a : mac_hl_patch.obj (.text:macAutoPendAddSrcMatchTableEntry)
                  00017e9c    00000098     drivers_cc13x2.a : UARTCC26XX.oem4f (.text:writeTxFifoFlush)
                  00017f34    00000098     zcl_port.obj (.text:zclport_registerEndpoint)
                  00017fcc    00000096     rtsv7M4_T_le_v4SPD16_eabi.lib : ull_div_t2.asm.obj (.text)
                  00018062    00000002     zcl_sampletemperaturesensor.obj (.text:zclSampleTemperatureSensor_RemoveAppNvmData$13)
                  00018064    00000094     bdb_reporting.obj (.text:bdb_RepFindAttrEntry$40)
                  000180f8    00000094     maclib_nosecure_cc13x2_2_4g.a : mac.obj (.text:macRatCb_A)
                  0001818c    00000094     libZStack_nwk_zed_ccs.a : nwk_util.obj (.text:nwk_SetConfigPollRate)
                  00018220    00000094     zstackstartup.obj (.text:stackTask_init)
                  000182b4    00000092     drivers_cc13x2.a : UARTCC26XX.oem4f (.text:UARTCC26XX_writeCancel)
                  00018346    00000092     zd_object.obj (.text:ZDO_ParseSimpleDescBuf)
                  000183d8    00000092     libZStack_nwk_zed_ccs.a : aps_util.obj (.text:apsGenerateAck)
                  0001846a    00000002     --HOLE-- [fill = 0]
                  0001846c    00000090     zd_sec_mgr.obj (.text:APSME_LinkKeySet)
                  000184fc    00000090     maclib_nosecure_cc13x2_2_4g.a : mac_hl_patch.obj (.text:MAC_ResumeReq)
                  0001858c    00000090     libZStack_nwk_zed_ccs.a : nwk_util.obj (.text:NLME_LeaveCmdSend)
                  0001861c    00000090     rf_multiMode_cc13x2.a : RFCC26X2_multiMode.c.cc13x2.ccs.o (.text:RF_discardPendCmd)
                  000186ac    00000090                           : RFCC26X2_multiMode.c.cc13x2.ccs.o (.text:RF_getInfo)
                  0001873c    00000090     zd_app.obj (.text:ZDApp_LeaveReset)
                  000187cc    00000090     bdb_finding_and_binding.obj (.text:bdb_ProcessIEEEAddrRsp)
                  0001885c    00000090     maclib_nosecure_cc13x2_2_4g.a : mac_hl_patch.obj (.text:macCcmDecrypt)
                  000188ec    00000090     libZStack_nwk_zed_ccs.a : nwk_bufs.obj (.text:nwk_SendNextDataBuf)
                  0001897c    0000008c     osal_port.obj (.text:OsalPort_heapMalloc$48)
                  00018a08    0000008c     osal_port.obj (.text:OsalPort_setTimer)
                  00018a94    0000008c     maclib_nosecure_cc13x2_2_4g.a : mac_hl_patch.obj (.text:macCcmEncrypt)
                  00018b20    0000008c                                   : mac_radio_tx.obj (.text:macRadioTxPrepCsmaSlottedIeee)
                  00018bac    0000008c                                   : mac_autopend.obj (.text:macSrcMatchCheckSrcAddr$66)
                  00018c38    0000008c     libZStack_nwk_zed_ccs.a : nwk_util.obj (.text:nwkNeighborFindRandom)
                  00018cc4    0000008c     rom_sysbios.aem4f : rom_sysbios.obj (.text:ti_sysbios_gates_GateMutexPri_enter__E)
                  00018d50    0000008c     zcl.obj (.text:zcl_SendWriteRsp)
                  00018ddc    0000008a     zcl.obj (.text:zclGetDataTypeLength)
                  00018e66    00000002     --HOLE-- [fill = 0]
                  00018e68    00000088     libZStack_nwk_zed_ccs.a : nwk_util.obj (.text:NLDE_SendMsg)
                  00018ef0    00000088     driverlib.lib : osc.obj (.text:NOROM_OSCHF_AttemptToSwitchToXosc)
                  00018f78    00000088     nvocmp.obj (.text:NVOCMP_deleteItemApi$3)
                  00019000    00000088     rf_multiMode_cc13x2.a : RFCC26X2_multiMode.c.cc13x2.ccs.o (.text:RF_cmdDispatchTime)
                  00019088    00000088                           : RFCC26X2_multiMode.c.cc13x2.ccs.o (.text:RF_getTxPower)
                  00019110    00000088     drivers_cc13x2.a : PowerCC26X2_calibrateRCOSC.oem4f (.text:calibrateRcoscHf2)
                  00019198    00000088                      : PowerCC26X2.oem4f (.text:disableLFClockQualifiers)
                  00019220    00000088     maclib_nosecure_cc13x2_2_4g.a : mac_mcu.obj (.text:macMcuOverflowSetPeriod)
                  000192a8    00000088                                   : mac_symbol_timer.obj (.text:macSymbolTimerInit)
                  00019330    00000088     drivers_cc13x2.a : PowerCC26X2_calibrateRCOSC.oem4f (.text:updateSubSecInc)
                  000193b8    00000086     rtsv7M4_T_le_v4SPD16_eabi.lib : fd_cmp_t2.asm.obj (.text:__aeabi_cdrcmple)
                  0001943e    00000002     --HOLE-- [fill = 0]
                  00019440    00000084     maclib_nosecure_cc13x2_2_4g.a : mac_autopend.obj (.text:MAC_SrcMatchEnable)
                  000194c4    00000084     nvocmp.obj (.text:NVOCMP_createItemApi$3)
                  00019548    00000084     drivers_cc13x2.a : NVSSPI25X.oem4f (.text:NVSSPI25X_close)
                  000195cc    00000084     rf_multiMode_cc13x2.a : RFCC26X2_multiMode.c.cc13x2.ccs.o (.text:RF_issueRadioFreeCb)
                  00019650    00000084                           : RFCC26X2_multiMode.c.cc13x2.ccs.o (.text:RF_verifyGap)
                  000196d4    00000084     drivers_cc13x2.a : UARTCC26XX.oem4f (.text:UARTCC26XX_close)
                  00019758    00000084     zd_app.obj (.text:ZDApp_SaveNwkKey)
                  000197dc    00000084     zd_object.obj (.text:ZDO_ProcessPowerDescReq)
                  00019860    00000084     zd_profile.obj (.text:ZDP_BindUnbindReq)
                  000198e4    00000084     bdb_finding_and_binding.obj (.text:bdb_ProcessSimpleDesc)
                  00019968    00000084     bdb.obj (.text:bdb_tryNwkAssoc)
                  000199ec    00000084     bdb_finding_and_binding.obj (.text:bdb_zclFindingBindingAddBindEntry$39)
                  00019a70    00000084     maclib_nosecure_cc13x2_2_4g.a : mac_radio.obj (.text:macRadioStartScan)
                  00019af4    00000084                                   : mac_timer.obj (.text:macTimerUpdateSymbolTimer)
                  00019b78    00000082     libZStack_nwk_zed_ccs.a : aps_mede.obj (.text:APSME_RequestKeyReq)
                  00019bfa    00000002     --HOLE-- [fill = 0]
                  00019bfc    00000080     driverlib.lib : chipinfo.obj (.text:NOROM_ChipInfo_GetChipType)
                  00019c7c    00000080     drivers_cc13x2.a : NVSCC26XX.oem4f (.text:NVSCC26XX_open)
                  00019cfc    00000080     osal_port.obj (.text:OsalPort_msgFindDequeue)
                  00019d7c    00000080     libZStack_nwk_zed_ccs.a : rtg.obj (.text:RTG_UpdateRtDiscEntry$90)
                  00019dfc    00000080     bdb_reporting.obj (.text:bdb_repAttrCfgRecordsArrayAdd$40)
                  00019e7c    00000080     maclib_nosecure_cc13x2_2_4g.a : mac_mcu.obj (.text:macMcuOverflowSetCompare)
                  00019efc    00000080                                   : mac_radio.obj (.text:macRadioWakeupCb)
                  00019f7c    00000080     libZStack_nwk_zed_ccs.a : nwk_bufs.obj (.text:nwk_MacDataBuffersDealloc)
                  00019ffc    00000080     zstackstartup.obj (.text:stackTaskFxn$6)
                  0001a07c    00000080     rom_sysbios.aem4f : rom_sysbios.obj (.text:ti_sysbios_family_arm_cc26xx_Timer_start__E)
                  0001a0fc    00000080     zcl_sampleapps_ui.obj (.text:uiActionProcessConfigurePriChannels$9)
                  0001a17c    00000080     zcl_sampleapps_ui.obj (.text:uiActionProcessConfigureSecChannels$9)
                  0001a1fc    00000080     zcl.obj (.text:zclFindNextCmdRec$22)
                  0001a27c    0000007c     nvocmp.obj (.text:NVOCMP_readItemApi$3)
                  0001a2f8    0000007c     rf_multiMode_cc13x2.a : RFCC26X2_multiMode.c.cc13x2.ccs.o (.text:RF_ratFreeChannel)
                  0001a374    0000007c     drivers_cc13x2.a : NVSSPI25X.oem4f (.text:doRead)
                  0001a3f0    0000007a     libZStack_nwk_zed_ccs.a : aps_mede.obj (.text:APSME_SearchTCLinkKeyEntry)
                  0001a46a    0000007a     rtsv7M4_T_le_v4SPD16_eabi.lib : memset_t2.asm.obj (.text)
                  0001a4e4    00000078     libZStack_nwk_zed_ccs.a : addr_mgr.obj (.text:AddrMgrEntryLookupNwk)
                  0001a55c    00000078     nvocmp.obj (.text:NVOCMP_checkItem$3)
                  0001a5d4    00000078     zcl_sampleapps_ui.obj (.text:UI_UpdateBdbStatusLine)
                  0001a64c    00000078     zd_app.obj (.text:ZDApp_RestoreNwkSecMaterial)
                  0001a6c4    00000078     zd_app.obj (.text:ZDO_JoinConfirmCB)
                  0001a73c    00000078     zd_sec_mgr.obj (.text:ZDSecMgrClearNVKeyValues)
                  0001a7b4    00000078     zmac.obj (.text:ZMacScanReq)
                  0001a82c    00000078     drivers_cc13x2.a : NVSSPI25X.oem4f (.text:doWriteVerify)
                  0001a8a4    00000078     maclib_nosecure_cc13x2_2_4g.a : mac_timer.obj (.text:macTimerSetRollover)
                  0001a91c    00000078                                   : mac_hl_patch.obj (.text:macTrackStartCallback)
                  0001a994    00000078     rom_sysbios.aem4f : rom_sysbios.obj (.text:ti_sysbios_heaps_HeapMem_allocUnprotected__E)
                  0001aa0c    00000076     zstacktask.obj (.text:sendBeaconNotifyInd$36)
                  0001aa82    00000002     --HOLE-- [fill = 0]
                  0001aa84    00000074     libZStack_nwk_zed_ccs.a : nwk_util.obj (.text:NLDE_DataIndSend)
                  0001aaf8    00000074     nvocmp.obj (.text:NVOCMP_writeItemApi$3)
                  0001ab6c    00000074     drivers_cc13x2.a : PowerCC26X2_calibrateRCOSC.oem4f (.text:PowerCC26X2_auxISR)
                  0001abe0    00000074     rf_multiMode_cc13x2.a : RFCC26X2_multiMode.c.cc13x2.ccs.o (.text:RF_ratDisableChannel)
                  0001ac54    00000074                           : RFCC26X2_multiMode.c.cc13x2.ccs.o (.text:RF_yield)
                  0001acc8    00000074     libZStack_nwk_zed_ccs.a : rtg.obj (.text:RTG_GetRtgEntry)
                  0001ad3c    00000074     zd_object.obj (.text:ZDO_ProcessActiveEPReq)
                  0001adb0    00000074     zd_sec_mgr.obj (.text:ZDSecMgrReadKeyFromNv)
                  0001ae24    00000074     libZStack_nwk_zed_ccs.a : aps_groups.obj (.text:aps_AddGroup)
                  0001ae98    00000074     bdb.obj (.text:bdb_parentLost)
                  0001af0c    00000074     maclib_nosecure_cc13x2_2_4g.a : mac_hl_patch.obj (.text:macAutoPoll)
                  0001af80    00000074     libZStack_nwk_zed_ccs.a : nwk.obj (.text:nwkPollConfirmProcessing$86)
                  0001aff4    00000074     rom_sysbios.aem4f : rom_sysbios.obj (.text:ti_sysbios_gates_GateMutexPri_leave__E)
                  0001b068    00000074     zd_object.obj (.text:zdoSendStateChangeMsg$55)
                  0001b0dc    00000072     rf_multiMode_cc13x2.a : RFCC26X2_multiMode.c.cc13x2.ccs.o (.text:RF_detachOverrides)
                  0001b14e    00000072     drivers_cc13x2.a : SPICC26X2DMA.oem4f (.text:csnCallback)
                  0001b1c0    00000072     zcl_sampletemperaturesensor.obj (.text:zclSampleTemperatureSensor_ProcessIncomingMsg$13)
                  0001b232    00000002     --HOLE-- [fill = 0]
                  0001b234    00000070     drivers_cc13x2.a : AESCCMCC26XX.oem4f (.text:AESCCM_cleanup)
                  0001b2a4    00000070     libZStack_nwk_zed_ccs.a : aps_mede.obj (.text:APSME_FrameSecApplyCM$80)
                  0001b314    00000070                             : assoc_list.obj (.text:AssocGetWithAddress)
                  0001b384    00000070     rf_multiMode_cc13x2.a : rfc.c.cc13x2.ccs.o (.text:NOROM_RFCAnaDivTxOverride)
                  0001b3f4    00000070     nvocmp.obj (.text:NVOCMP_eraseNvApi$3)
                  0001b464    00000070     drivers_cc13x2.a : PINCC26XX.oem4f (.text:PIN_add)
                  0001b4d4    00000070     rf_multiMode_cc13x2.a : RFCC26X2_multiMode.c.cc13x2.ccs.o (.text:RF_getCurrentTime)
                  0001b544    00000070     libZStack_nwk_zed_ccs.a : rtg.obj (.text:RTG_SendRErr)
                  0001b5b4    00000070     drivers_cc13x2.a : Random.oem4f (.text:Random_seedAutomatic)
                  0001b624    00000070     bdb.obj (.text:bdb_GenerateInstallCodeCRC)
                  0001b694    00000070     maclib_nosecure_cc13x2_2_4g.a : mac_tx.obj (.text:txComplete)
                  0001b704    0000006e     rf_multiMode_cc13x2.a : RFCC26X2_multiMode.c.cc13x2.ccs.o (.text:RF_attachOverrides)
                  0001b772    0000006e                           : RFCC26X2_multiMode.c.cc13x2.ccs.o (.text:RF_howToSchedule)
                  0001b7e0    0000006e     zstacktask.obj (.text:processZdoUnbindReq$36)
                  0001b84e    0000006e     rtsv7M4_T_le_v4SPD16_eabi.lib : ll_div_t2.asm.obj (.text)
                  0001b8bc    0000006d     rom_sysbios.aem4f : rom_sysbios.obj (.text:xdc_runtime_System_formatNum__I)
                  0001b929    00000003     --HOLE-- [fill = 0]
                  0001b92c    0000006c     libZStack_nwk_zed_ccs.a : aps_mede.obj (.text:APSME_LinkKeySync$80)
                  0001b998    0000006c                             : aps_mede.obj (.text:APSME_LookupExtAddr)
                  0001ba04    0000006c     nvocmp.obj (.text:NVOCMP_getDstPage$3)
                  0001ba70    0000006c     rf_multiMode_cc13x2.a : RFCC26X2_multiMode.c.cc13x2.ccs.o (.text:RF_dispatchNextEvent)
                  0001badc    0000006c     zd_object.obj (.text:ZDO_ParseAddrRsp)
                  0001bb48    0000006c     zd_sec_mgr.obj (.text:ZDSecMgrWriteNV$57)
                  0001bbb4    0000006c     maclib_nosecure_cc13x2_2_4g.a : mac_timer.obj (.text:macTimerRealign)
                  0001bc20    0000006c                                   : mac_hl_patch.obj (.text:macTrackPeriodCallback)
                  0001bc8c    0000006c     libZStack_nwk_zed_ccs.a : nwk_util.obj (.text:nwk_GetConfigPollRate)
                  0001bcf8    0000006c     zcl_sampleapps_ui.obj (.text:uiActionProcessConfigureBdbModes$9)
                  0001bd64    0000006c     zcl_general.obj (.text:zclGeneral_HdlIncoming$23)
                  0001bdd0    0000006c     zcl_sampletemperaturesensor.obj (.text:zclSampleTemperatureSensor_UpdateStatusLine)
                  0001be3c    0000006a     libZStack_nwk_zed_ccs.a : rtg.obj (.text:RTG_CheckRtStatus)
                  0001bea6    00000002     --HOLE-- [fill = 0]
                  0001bea8    00000068                             : aps_mede_cb.obj (.text:APSME_ConfirmKeyInd)
                  0001bf10    00000068                             : addr_mgr.obj (.text:AddrMgrEntryLookupExt)
                  0001bf78    00000068     driverlib.lib : osc.obj (.text:NOROM_OSCHF_SwitchToRcOscTurnOffXosc)
                  0001bfe0    00000068     osal_port.obj (.text:OsalPort_registerTask)
                  0001c048    00000068     rf_multiMode_cc13x2.a : RFCC26X2_multiMode.c.cc13x2.ccs.o (.text:RF_hwiHw)
                  0001c0b0    00000068     zd_app.obj (.text:ZDApp_StoreNwkSecMaterial)
                  0001c118    00000068     zd_profile.obj (.text:ZDP_EPRsp)
                  0001c180    00000068     binding_table.obj (.text:bindRemoveDev)
                  0001c1e8    00000068     rtsv7M4_T_le_v4SPD16_eabi.lib : copy_decompress_lzss.c.obj (.text:decompress:lzss:__TI_decompress_lzss)
                  0001c250    00000068     zd_profile.obj (.text:fillAndSend$56)
                  0001c2b8    00000068     maclib_nosecure_cc13x2_2_4g.a : mac_radio_tx.obj (.text:macRadioTxPrepCsmaUnslottedIeee)
                  0001c320    00000068                                   : mac_rx.obj (.text:macRxHaltCleanup)
                  0001c388    00000068                                   : mac_rx_onoff.obj (.text:macRxOn)
                  0001c3f0    00000066     zstacktask.obj (.text:processSecApsLinkKeyRemoveReq$36)
                  0001c456    00000002     --HOLE-- [fill = 0]
                  0001c458    00000064     drivers_cc13x2.a : AESCCMCC26XX.oem4f (.text:AESCCM_waitForResult)
                  0001c4bc    00000064                      : AESECBCC26XX.oem4f (.text:AESECB_waitForResult)
                  0001c520    00000064     libZStack_nwk_zed_ccs.a : aps_mede.obj (.text:APSME_CmdPkt)
                  0001c584    00000064     drivers_cc13x2.a : Button.oem4f (.text:Button_gpioCallbackFxn)
                  0001c5e8    00000064     libZStack_nwk_zed_ccs.a : nl_mede.obj (.text:NLME_GetRequest)
                  0001c64c    00000064     nvocmp.obj (.text:NVOCMP_findSignature$3)
                  0001c6b0    00000064     osal_port.obj (.text:OsalPort_clearEvent)
                  0001c714    00000064     osal_port.obj (.text:OsalPort_pwrmgrTaskState)
                  0001c778    00000064     drivers_cc13x2.a : UARTCC26XX.oem4f (.text:UARTCC26XX_control)
                  0001c7dc    00000064     zstackapi.obj (.text:Zstackapi_sysNwkInfoReadReq)
                  0001c840    00000064     maclib_nosecure_cc13x2_2_4g.a : mac.obj (.text:macRequestBackoff)
                  0001c8a4    00000064                                   : mac_timer.obj (.text:macSymbolTimerRolloverCallback)
                  0001c908    00000064                                   : mac_timer.obj (.text:macTimerAddTimer)
                  0001c96c    00000064     libZStack_nwk_zed_ccs.a : nwk.obj (.text:nwk_BeaconToNative)
                  0001c9d0    00000064     zstackapi.obj (.text:sendReqDefaultRsp$7)
                  0001ca34    00000064     zstackapi.obj (.text:sendReqRsp$7)
                  0001ca98    00000064     zcl_sampleapps_ui.obj (.text:uiProcessIdentifyTimeChange)
                  0001cafc    00000064     zcl.obj (.text:zclFindNextAttrRec$22)
                  0001cb60    00000062     libZStack_nwk_zed_ccs.a : aps.obj (.text:APS_ReflectMonitor$77)
                  0001cbc2    00000062     ti_drivers_config.obj (.text:Board_sendExtFlashByte)
                  0001cc24    00000062     rf_multiMode_cc13x2.a : RFCC26X2_multiMode.c.cc13x2.ccs.o (.text:RF_syncCb)
                  0001cc86    00000062     drivers_cc13x2.a : UARTCC26XX.oem4f (.text:UARTCC26XX_swiIntFxn)
                  0001cce8    00000062     zstacktask.obj (.text:sendIeeeAddrRspInd$36)
                  0001cd4a    00000062     zstacktask.obj (.text:sendNwkAddrRspInd$36)
                  0001cdac    00000062     zcl.obj (.text:zclParseInWriteRspCmd$22)
                  0001ce0e    00000002     --HOLE-- [fill = 0]
                  0001ce10    00000060     drivers_cc13x2.a : AESCCMCC26XX.oem4f (.text:AESCCM_hwiFxn)
                  0001ce70    00000060                      : AESECBCC26XX.oem4f (.text:AESECB_hwiFxn)
                  0001ced0    00000060                      : CryptoResourceCC26XX.oem4f (.text:CryptoResourceCC26XX_constructRTOSObjects)
                  0001cf30    00000060                      : GPIOCC26XX.oem4f (.text:GPIO_write)
                  0001cf90    00000060     libZStack_nwk_zed_ccs.a : nl_mede.obj (.text:NLME_NwkDiscReq2)
                  0001cff0    00000060     rf_multiMode_cc13x2.a : RFCC26X2_multiMode.c.cc13x2.ccs.o (.text:RF_applyRfCorePatch)
                  0001d050    00000060     drivers_cc13x2.a : TRNGCC26XX.oem4f (.text:TRNGCC26XX_startTrng)
                  0001d0b0    00000060     zd_profile.obj (.text:ZDP_NwkAddrReq)
                  0001d110    00000060     bdb_finding_and_binding.obj (.text:bdb_SendIdentifyQuery)
                  0001d170    00000060     maclib_nosecure_cc13x2_2_4g.a : mac_radio.obj (.text:macGetRadioTxPowerReg)
                  0001d1d0    00000060                                   : mac_timer.obj (.text:macTimerCancel)
                  0001d230    00000060                                   : mac_timer.obj (.text:macTimerGetNextTimer)
                  0001d290    0000005e     libZStack_nwk_zed_ccs.a : ssp_hash.obj (.text:SSP_KeyedHash)
                  0001d2ee    0000005e     zmac.obj (.text:convertTxOptions)
                  0001d34c    0000005e     zstacktask.obj (.text:sendZdoSrcRtgInd$36)
                  0001d3aa    00000002     --HOLE-- [fill = 0]
                  0001d3ac    0000005c     libZStack_nwk_zed_ccs.a : nl_mede.obj (.text:NLME_NetworkDiscoveryRequest)
                  0001d408    0000005c                             : nwk_util.obj (.text:NLME_SendEndDevTimeoutReq)
                  0001d464    0000005c     nvocmp.obj (.text:NVOCMP_readItem$3)
                  0001d4c0    0000005c     osal_port.obj (.text:OsalPort_msgReceive)
                  0001d51c    0000005c     osal_port.obj (.text:OsalPort_setEvent)
                  0001d578    0000005c     drivers_cc13x2.a : PINCC26XX.oem4f (.text:PIN_remove)
                  0001d5d4    0000005c     rf_multiMode_cc13x2.a : RFCC26X2_multiMode.c.cc13x2.ccs.o (.text:RF_hwiCpe0PowerFsm)
                  0001d630    0000005c     libZStack_nwk_zed_ccs.a : rtg.obj (.text:RTG_GetRtgSrcIndex$90)
                  0001d68c    0000005c     zd_sec_mgr.obj (.text:ZDSecMgrGenerateKeyFromSeed)
                  0001d6e8    0000005c     drivers_cc13x2.a : NVSCC26XX.oem4f (.text:doErase)
                  0001d744    0000005c                      : SPICC26X2DMA.oem4f (.text:initHw)
                  0001d7a0    0000005c     maclib_nosecure_cc13x2_2_4g.a : mac_radio.obj (.text:macRadioSetChannel)
                  0001d7fc    0000005c                                   : mac_radio.obj (.text:macRadioSetChannelRx)
                  0001d858    0000005c                                   : mac_hl_patch.obj (.text:macSetDefaultsByPatch)
                  0001d8b4    0000005c     libZStack_nwk_zed_ccs.a : nwk.obj (.text:nwk_BeaconFromNative)
                  0001d910    0000005c     zstacktask.obj (.text:processApsAddGroup$36)
                  0001d96c    0000005c     zstacktask.obj (.text:sendActiveEPRspInd$36)
                  0001d9c8    0000005c     zstacktask.obj (.text:sendMatchDescRspInd$36)
                  0001da24    0000005c     drivers_cc13x2.a : UARTCC26XX.oem4f (.text:startTxFifoEmptyClk)
                  0001da80    0000005c     app_pem4f.oem4f (.text:xdc_runtime_Startup_getState__I)
                  0001dadc    0000005a     zcl.obj (.text:zclParseInDiscAttrsExtRspCmd$22)
                  0001db36    00000002     --HOLE-- [fill = 0]
                  0001db38    00000058     libZStack_nwk_zed_ccs.a : addr_mgr.obj (.text:AddrMgrEntryAdd$76)
                  0001db90    00000058     nvocmp.obj (.text:NVOCMP_getItemLenApi$3)
                  0001dbe8    00000058     osal_port_timers.obj (.text:OsalPortTimers_stopTimer)
                  0001dc40    00000058     drivers_cc13x2.a : PowerCC26X2_calibrateRCOSC.oem4f (.text:PowerCC26X2_initiateCalibration)
                  0001dc98    00000058     rf_multiMode_cc13x2.a : RFCC26X2_multiMode.c.cc13x2.ccs.o (.text:RF_TxPowerTable_findValue)
                  0001dcf0    00000058     drivers_cc13x2.a : TRNGCC26XX.oem4f (.text:TRNG_init)
                  0001dd48    00000058     zd_profile.obj (.text:ZDP_MgmtPermitJoinReq)
                  0001dda0    00000058     boot.aem4f : boot.oem4f (.text)
                  0001ddf8    00000058     drivers_cc13x2.a : NVSSPI25X.oem4f (.text:extFlashWaitReady)
                  0001de50    00000058     maclib_nosecure_cc13x2_2_4g.a : mac_sleep.obj (.text:macCanSleep)
                  0001dea8    00000058     osal_nv.obj (.text:osal_nv_item_init_ex)
                  0001df00    00000058     rom_sysbios.aem4f : rom_sysbios.obj (.text:ti_sysbios_heaps_HeapMem_alloc__E)
                  0001df58    00000058     osal_port_timers.obj (.text:timerCb$49)
                  0001dfb0    00000058     zcl_sampletemperaturesensor.obj (.text:zclSampleTemperatureSensor_initialization$13)
                  0001e008    00000056     drivers_cc13x2.a : LED.oem4f (.text:LED_startBlinking)
                  0001e05e    00000056     libZStack_nwk_zed_ccs.a : nwk_util.obj (.text:NLME_SendNetworkStatus)
                  0001e0b4    00000056     rf_multiMode_cc13x2.a : RFCC26X2_multiMode.c.cc13x2.ccs.o (.text:RF_defaultSubmitPolicy)
                  0001e10a    00000056     zd_sec_mgr.obj (.text:ZDSecMgrAuthenticationCheck)
                  0001e160    00000056     zcl.obj (.text:zclParseInReadReportCfgCmd)
                  0001e1b6    00000002     --HOLE-- [fill = 0]
                  0001e1b8    00000054     drivers_cc13x2.a : AESCCMCC26XX.oem4f (.text:AESCCM_construct)
                  0001e20c    00000054                      : AESECBCC26XX.oem4f (.text:AESECB_construct)
                  0001e260    00000054     driverlib.lib : prcm.obj (.text:NOROM_PRCMPowerDomainsAllOff)
                  0001e2b4    00000054     nvocmp.obj (.text:NVOCMP_doNVCRC$3)
                  0001e308    00000054     drivers_cc13x2.a : NVSCC26XX.oem4f (.text:NVSCC26XX_init)
                  0001e35c    00000054     rf_multiMode_cc13x2.a : RFCC26X2_multiMode.c.cc13x2.ccs.o (.text:RF_fsmXOSCState)
                  0001e3b0    00000054     drivers_cc13x2.a : StructRingBuf.oem4f (.text:StructRingBuf_put)
                  0001e404    00000054     dpl_cc13x2.a : SwiP_tirtos.oem4f (.text:SwiP_construct)
                  0001e458    00000054     bdb.obj (.text:bdb_ZclIdentifyCmdInd)
                  0001e4ac    00000054     zcl.obj (.text:zclParseInDiscAttrsRspCmd$22)
                  0001e500    00000054     zcl_sampletemperaturesensor.obj (.text:zclSampleTemperatureSensor_initParameters$13)
                  0001e554    00000054     zglobals.obj (.text:zgInitItems)
                  0001e5a8    00000052     zstacktask.obj (.text:processSecNwkKeyGetReq$36)
                  0001e5fa    00000002     --HOLE-- [fill = 0]
                  0001e5fc    00000051     zcl_sampleapps_ui.obj (.text:uiActionProcessConfigureFindBind$9)
                  0001e64d    00000003     --HOLE-- [fill = 0]
                  0001e650    00000050     libZStack_nwk_zed_ccs.a : aps_mede.obj (.text:APSME_LookupNwkAddr)
                  0001e6a0    00000050                             : addr_mgr.obj (.text:AddrMgrEntryGet)
                  0001e6f0    00000050     zstacktask.obj (.text:BDBBindNotificationsendMsgToAllCBs$36)
                  0001e740    00000050     drivers_cc13x2.a : GPIOCC26XX.oem4f (.text:GPIO_enableInt)
                  0001e790    00000050     nvocmp.obj (.text:NVOCMP_compactNvApi$3)
                  0001e7e0    00000050     drivers_cc13x2.a : SPICC26X2DMA.oem4f (.text:SPICC26X2DMA_close)
                  0001e830    00000050     libZStack_nwk_zed_ccs.a : ssp.obj (.text:SSP_GetNwkKey)
                  0001e880    00000050     drivers_cc13x2.a : TRNGCC26XX.oem4f (.text:TRNGCC26XX_waitForResult)
                  0001e8d0    00000050     bdb.obj (.text:bdb_nwkJoiningFormation$38)
                  0001e920    00000050     drivers_cc13x2.a : NVSSPI25X.oem4f (.text:extFlashSpiWrite)
                  0001e970    00000050     maclib_nosecure_cc13x2_2_4g.a : mac_rx_onoff.obj (.text:macRxOffRequest)
                  0001e9c0    00000050                                   : mac_timer.obj (.text:macTimerStart)
                  0001ea10    00000050     libZStack_nwk_zed_ccs.a : nwk.obj (.text:nwk_init)
                  0001ea60    00000050     osal_port.obj (.text:osalHeapInitFxn)
                  0001eab0    00000050     osal_nv.obj (.text:osal_nv_delete_ex)
                  0001eb00    00000050     zstacktask.obj (.text:sendLeaveInd$36)
                  0001eb50    0000004f     zcl_sampleapps_ui.obj (.text:uiActionProcessConfigureNwkSteering$9)
                  0001eb9f    00000001     --HOLE-- [fill = 0]
                  0001eba0    0000004e     libZStack_nwk_zed_ccs.a : aps_mede.obj (.text:APSME_SetDefaultKey)
                  0001ebee    0000004e                             : rtg.obj (.text:RTG_SendBrokenRoute)
                  0001ec3c    0000004e                             : aps_util.obj (.text:apsAckFindMatchCB$82)
                  0001ec8a    0000004e     zstacktask.obj (.text:processSecNwkKeySetReq$36)
                  0001ecd8    0000004c     zstacktask.obj (.text:BDBsendMsgToAllCBs$36)
                  0001ed24    0000004c     cui.obj (.text:CUI_updateCursor$8)
                  0001ed70    0000004c     main.obj (.text:Main_assertHandler)
                  0001edbc    0000004c     driverlib.lib : prcm.obj (.text:NOROM_PRCMPowerDomainsAllOn)
                  0001ee08    0000004c     nvocmp.obj (.text:NVOCMP_setItemInactive$3)
                  0001ee54    0000004c     osal_port.obj (.text:OsalPort_msgSend)
                  0001eea0    0000004c     rf_multiMode_cc13x2.a : RFCC26X2_multiMode.c.cc13x2.ccs.o (.text:RF_wakeupNotification)
                  0001eeec    0000004c     drivers_cc13x2.a : StructRingBuf.oem4f (.text:StructRingBuf_get)
                  0001ef38    0000004c                      : UARTCC26XX.oem4f (.text:UARTCC26XX_readCancel)
                  0001ef84    0000004c                      : UDMACC26XX.oem4f (.text:UDMACC26XX_open)
                  0001efd0    0000004c     af.obj (.text:afDelete)
                  0001f01c    0000004c     bdb_finding_and_binding.obj (.text:bdb_SetIdentifyActiveEndpoint)
                  0001f068    0000004c     rtsv7M4_T_le_v4SPD16_eabi.lib : cpy_tbl.c.obj (.text:copy_in)
                  0001f0b4    0000004c     maclib_nosecure_cc13x2_2_4g.a : mac_low_level.obj (.text:macLowLevelYield)
                  0001f100    0000004c     libZStack_nwk_zed_ccs.a : nwk_bufs.obj (.text:nwkDB_DeleteRecAll)
                  0001f14c    0000004c     nwk_globals.obj (.text:nwk_InitializeDefaultPollRates)
                  0001f198    0000004c     osal_port.obj (.text:osalHeapGetStatsFxn)
                  0001f1e4    0000004c     osal_nv.obj (.text:osal_nv_read_match_entry)
                  0001f230    0000004a     zcl.obj (.text:zclFindAttrRec)
                  0001f27a    00000002     --HOLE-- [fill = 0]
                  0001f27c    00000048     libZStack_nwk_zed_ccs.a : addr_mgr.obj (.text:AddrMgrEntrySet$76)
                  0001f2c4    00000048     ti_drivers_config.obj (.text:Board_wakeUpExtFlash)
                  0001f30c    00000048     rf_multiMode_cc13x2.a : rfc.c.cc13x2.ccs.o (.text:NOROM_RFCSynthPowerDown)
                  0001f354    00000048     nvocmp.obj (.text:NVOCMP_write$3)
                  0001f39c    00000048     drivers_cc13x2.a : NVSSPI25X.oem4f (.text:NVSSPI25X_read)
                  0001f3e4    00000048                      : NVS.oem4f (.text:NVS_open)
                  0001f42c    00000048                      : PINCC26XX.oem4f (.text:PIN_setOutputEnable)
                  0001f474    00000048                      : PowerCC26X2_calibrateRCOSC.oem4f (.text:PowerCC26X2_RCOSC_clockFunc)
                  0001f4bc    00000048                      : PowerCC26X2.oem4f (.text:PowerCC26XX_switchXOSC_HF)
                  0001f504    00000048     cui.obj (.text:UartReadCallback$8)
                  0001f54c    00000048     util_timer.obj (.text:UtilTimer_construct)
                  0001f594    00000048     mac_util.obj (.text:Util_itoa)
                  0001f5dc    00000048     zd_app.obj (.text:ZDApp_AnnounceNewAddress)
                  0001f624    00000048     zd_app.obj (.text:ZDApp_LeaveUpdate)
                  0001f66c    00000048     zd_profile.obj (.text:ZDO_RegisterForZDOMsg)
                  0001f6b4    00000048     af.obj (.text:afDataReqMTU)
                  0001f6fc    00000048     bdb_reporting.obj (.text:bdb_clusterEndpointArrayIncrementAll$40)
                  0001f744    00000048     bdb_finding_and_binding.obj (.text:bdb_setEpDescListToActiveEndpoint)
                  0001f78c    00000048     binding_table.obj (.text:bindAddressClear)
                  0001f7d4    00000048     drivers_cc13x2.a : NVSCC26XX.oem4f (.text:disableFlashCache)
                  0001f81c    00000048                      : NVSSPI25X.oem4f (.text:extFlashMassErase)
                  0001f864    00000048     zstacktask.obj (.text:isDevicePartOfNetwork$36)
                  0001f8ac    00000048     maclib_nosecure_cc13x2_2_4g.a : mac_radio.obj (.text:macRadioNeedAdjustPower)
                  0001f8f4    00000048                                   : mac_timer.obj (.text:macTimerUpdActive)
                  0001f93c    00000048     libZStack_nwk_zed_ccs.a : nwk_util.obj (.text:nlmeAddConflictedAddrTable$88)
                  0001f984    00000048                             : nwk.obj (.text:nwkBuildDataCnf)
                  0001f9cc    00000048     zstacktask.obj (.text:sendDeviceAnnounceInd$36)
                  0001fa14    00000048     drivers_cc13x2.a : PowerCC26X2.oem4f (.text:switchXOSCHF)
                  0001fa5c    00000048                      : UARTCC26XX.oem4f (.text:writeFinishedDoCallback)
                  0001faa4    00000046                      : RingBuf.oem4f (.text:RingBuf_put)
                  0001faea    00000046     zcl.obj (.text:zclParseInReadCmd)
                  0001fb30    00000044     zstacktask.obj (.text:BDBFilterNwkDescriptorsendMsgCB$36)
                  0001fb74    00000044     drivers_cc13x2.a : GPIOCC26XX.oem4f (.text:GPIO_disableInt)
                  0001fbb8    00000044     maclib_nosecure_cc13x2_2_4g.a : mac_timer.obj (.text:MAC_PwrNextTimeout)
                  0001fbfc    00000044     driverlib.lib : chipinfo.obj (.text:NOROM_ChipInfo_GetHwRevision)
                  0001fc40    00000044     nvocmp.obj (.text:NVOCMP_getFreeNvApi$3)
                  0001fc84    00000044     drivers_cc13x2.a : NVSCC26XX.oem4f (.text:NVSCC26XX_read)
                  0001fcc8    00000044                      : PINCC26XX.oem4f (.text:PIN_swi)
                  0001fd0c    00000044                      : PWM.oem4f (.text:PWM_init)
                  0001fd50    00000044     libZStack_nwk_zed_ccs.a : rtg.obj (.text:RTG_MTORouteReq)
                  0001fd94    00000044     drivers_cc13x2.a : SPI.oem4f (.text:SPI_init)
                  0001fdd8    00000044                      : UART.oem4f (.text:UART_init)
                  0001fe1c    00000044     zd_app.obj (.text:ZDApp_RestoreNwkKey)
                  0001fe60    00000044     zd_profile.obj (.text:ZDP_MgmtLeaveReq)
                  0001fea4    00000044     zd_profile.obj (.text:ZDP_SendData)
                  0001fee8    00000044     bdb_reporting.obj (.text:bdb_RepLoadCfgRecords$40)
                  0001ff2c    00000044     bdb.obj (.text:bdb_SendMsg)
                  0001ff70    00000044     bdb.obj (.text:bdb_addInstallCode)
                  0001ffb4    00000044     bdb_reporting.obj (.text:bdb_clusterEndpointArrayUpdateAt$40)
                  0001fff8    00000044     bdb_reporting.obj (.text:bdb_repAttrDefaultCfgRecordsLinkedListSearch$40)
                  0002003c    00000044     maclib_nosecure_cc13x2_2_4g.a : mac_rx_onoff.obj (.text:macRxDisable)
                  00020080    00000044                                   : mac_tx.obj (.text:macTxTimestampCallback)
                  000200c4    00000044     libZStack_nwk_zed_ccs.a : rtg.obj (.text:rtgIsValidNeighbor$90)
                  00020108    00000044     zstacktask.obj (.text:zdoNwkDiscCnfCB$36)
                  0002014c    00000042     drivers_cc13x2.a : SPICC26X2DMA.oem4f (.text:SPICC26X2DMA_swiFxn)
                  0002018e    00000002     --HOLE-- [fill = 0]
                  00020190    00000040     libZStack_nwk_zed_ccs.a : aps_mede.obj (.text:APSDE_FrameSend)
                  000201d0    00000040                             : aps_mede.obj (.text:APSME_GetRequest)
                  00020210    00000040     zstacktask.obj (.text:BDBIdentifyTimesendMsgToAllCBs$36)
                  00020250    00000040     dpl_cc13x2.a : ClockP_tirtos.oem4f (.text:ClockP_construct)
                  00020290    00000040                  : ClockP_tirtos.oem4f (.text:ClockP_create)
                  000202d0    00000040     libZStack_nwk_zed_ccs.a : nwk_util.obj (.text:NLME_IsAddressBroadcast)
                  00020310    00000040                             : nl_mede.obj (.text:NLME_LeaveReq)
                  00020350    00000040                             : nwk_util.obj (.text:NLME_ProcessNetworkStatus)
                  00020390    00000040     driverlib.lib : osc.obj (.text:NOROM_OSC_HPOSCRelativeFrequencyOffsetGet)
                  000203d0    00000040     osal_port_timers.obj (.text:OsalPortTimers_getTimerTimeout)
                  00020410    00000040     osal_port.obj (.text:OsalPort_heapFree$48)
                  00020450    00000040     drivers_cc13x2.a : PWM.oem4f (.text:PWM_open)
                  00020490    00000040                      : PowerCC26X2.oem4f (.text:PowerCC26XX_isStableXOSC_HF)
                  000204d0    00000040                      : Random.oem4f (.text:Random_getNumber)
                  00020510    00000040                      : RingBuf.oem4f (.text:RingBuf_get)
                  00020550    00000040                      : SPI.oem4f (.text:SPI_open)
                  00020590    00000040                      : TRNGCC26XX.oem4f (.text:TRNGCC26XX_copyToClient)
                  000205d0    00000040                      : UART.oem4f (.text:UART_open)
                  00020610    00000040     zd_sec_mgr.obj (.text:ZDSecMgrUpdateTCAddress)
                  00020650    00000040     libZStack_nwk_zed_ccs.a : aps_groups.obj (.text:aps_GroupsWriteNV)
                  00020690    00000040     bdb.obj (.text:bdb_nwkAssocAttemt)
                  000206d0    00000040     maclib_nosecure_cc13x2_2_4g.a : mac.obj (.text:macRatCb_B)
                  00020710    00000040                                   : mac_autopend.obj (.text:macSrcMatchSetEnableBit$66)
                  00020750    00000040                                   : mac_symbol_timer.obj (.text:macSymbolTimerRealignIeee)
                  00020790    00000040                                   : mac_symbol_timer.obj (.text:macSymbolTimerSetTrigger)
                  000207d0    00000040     osal_nv.obj (.text:osal_nv_read_ex)
                  00020810    00000040     rtsv7M4_T_le_v4SPD16_eabi.lib : u_divt2.asm.obj (.text)
                  00020850    00000040     rom_sysbios.aem4f : rom_sysbios.obj (.text:ti_sysbios_family_arm_cc26xx_Timer_setThreshold__I)
                  00020890    00000040                       : rom_sysbios.obj (.text:ti_sysbios_heaps_HeapCallback_Module_startup__E)
                  000208d0    00000040     zcl_sampleapps_ui.obj (.text:uiActionResetToFactoryNew$9)
                  00020910    00000040     zcl_general.obj (.text:zclGeneral_AddGroup$23)
                  00020950    00000040     zcl_general.obj (.text:zclGeneral_SendGroupResponse)
                  00020990    0000003e     dpl_cc13x2.a : HwiP_tirtos.oem4f (.text:HwiP_construct)
                  000209ce    0000003e     drivers_cc13x2.a : LED.oem4f (.text:LED_setBrightnessLevel)
                  00020a0c    0000003e     libZStack_nwk_zed_ccs.a : nl_mede.obj (.text:NLDE_DataReqAlloc)
                  00020a4a    0000003e                             : nwk_util.obj (.text:NLDE_ParseFrameControl)
                  00020a88    0000003e     osal_port.obj (.text:OsalPort_msgEnqueueMax)
                  00020ac6    0000003e     drivers_cc13x2.a : TRNGCC26XX.oem4f (.text:TRNGCC26XX_serviceJob)
                  00020b04    0000003e                      : LED.oem4f (.text:clockTimeoutHandler)
                  00020b42    0000003e     zstacktask.obj (.text:sendTcDeviceInd$36)
                  00020b80    0000003c     zstacktask.obj (.text:BDBCBKETCLinkKeyExchangesendMsgCB$36)
                  00020bbc    0000003c     drivers_cc13x2.a : LED.oem4f (.text:LED_setOff)
                  00020bf8    0000003c     maclib_nosecure_cc13x2_2_4g.a : mac_pwr.obj (.text:MAC_PwrOnReq)
                  00020c34    0000003c     nvocmp.obj (.text:NVOCMP_disableCache$3)
                  00020c70    0000003c     libZStack_nwk_zed_ccs.a : nwk.obj (.text:NwkPollReq)
                  00020cac    0000003c     osal_port.obj (.text:OsalPort_blockOnEvent)
                  00020ce8    0000003c     drivers_cc13x2.a : PINCC26XX.oem4f (.text:PIN_setInterrupt)
                  00020d24    0000003c                      : PINCC26XX.oem4f (.text:PIN_setOutputValue)
                  00020d60    0000003c     rf_multiMode_cc13x2.a : RFCC26X2_multiMode.c.cc13x2.ccs.o (.text:RF_cmdGet)
                  00020d9c    0000003c                           : RFCC26X2_multiMode.c.cc13x2.ccs.o (.text:RF_cmdStoreEvents)
                  00020dd8    0000003c     cui.obj (.text:UartWriteCallback$8)
                  00020e14    0000003c     zd_sec_mgr.obj (.text:ZDSecMgrApsLinkKeyInit)
                  00020e50    0000003c     zmac.obj (.text:ZMacPollReq)
                  00020e8c    0000003c     zmac.obj (.text:ZMacReset)
                  00020ec8    0000003c     zmac.obj (.text:ZMacSetReq)
                  00020f04    0000003c     libZStack_nwk_zed_ccs.a : aps_groups.obj (.text:aps_RemoveAllGroup)
                  00020f40    0000003c                             : aps_groups.obj (.text:aps_RemoveGroup)
                  00020f7c    0000003c     bdb.obj (.text:bdb_nwkDiscoveryAttempt)
                  00020fb8    0000003c     binding_table.obj (.text:bindFind)
                  00020ff4    0000003c     drivers_cc13x2.a : NVSCC26XX.oem4f (.text:checkEraseRange)
                  00021030    0000003c     maclib_nosecure_cc13x2_2_4g.a : mac_radio.obj (.text:macRadioStopScan)
                  0002106c    0000003c                                   : mac_timer.obj (.text:macTimerRecalcUnaligned)
                  000210a8    0000003c                                   : mac_tx.obj (.text:macTxUpdateIE)
                  000210e4    0000003c     libZStack_nwk_zed_ccs.a : nwk_util.obj (.text:nwkNeighborRemoveStranded$88)
                  00021120    0000003c     zstacktask.obj (.text:sendZdoConcentratorInd$36)
                  0002115c    0000003c     rom_sysbios.aem4f : rom_sysbios.obj (.text:ti_sysbios_family_arm_m3_Hwi_construct2__E)
                  00021198    0000003c     zcl.obj (.text:zclFindClusterOption$22)
                  000211d4    0000003c     zcl.obj (.text:zcl_SendDefaultRspCmd)
                  00021210    0000003a     dpl_cc13x2.a : SemaphoreP_tirtos.oem4f (.text:SemaphoreP_construct)
                  0002124a    0000003a     zmac.obj (.text:ZMacSetZigbeeMACParams)
                  00021284    0000003a     drivers_cc13x2.a : NVSSPI25X.oem4f (.text:checkEraseRange)
                  000212be    0000003a     zcl.obj (.text:zcl_ReadAttrData)
                  000212f8    00000038     ti_drivers_config.obj (.text:Board_shutDownExtFlash)
                  00021330    00000038     drivers_cc13x2.a : PINCC26XX.oem4f (.text:PIN_setConfig)
                  00021368    00000038     rf_multiMode_cc13x2.a : RFCC26X2_multiMode.c.cc13x2.ccs.o (.text:RF_checkCmdFsError)
                  000213a0    00000038     zd_profile.obj (.text:ZDP_DeviceAnnce)
                  000213d8    00000038     af.obj (.text:afDataConfirm)
                  00021410    00000038     libZStack_nwk_zed_ccs.a : aps_groups.obj (.text:aps_FindGroupForEndpoint)
                  00021448    00000038     bdb_reporting.obj (.text:bdb_repAttrCfgRecordsArraySearch$40)
                  00021480    00000038     bdb.obj (.text:bdb_requestTCLinkKey$38)
                  000214b8    00000038     bdb.obj (.text:bdb_tcLinkKeyExchangeAttempt)
                  000214f0    00000038     zstacktask.obj (.text:epTableAddNewEntry$36)
                  00021528    00000038     maclib_nosecure_cc13x2_2_4g.a : mac_timer.obj (.text:macTimerAligned)
                  00021560    00000038                                   : mac_timer.obj (.text:macTimerInit)
                  00021598    00000038     drivers_cc13x2.a : PowerCC26X2.oem4f (.text:notify)
                  000215d0    00000038     libZStack_nwk_zed_ccs.a : nwk.obj (.text:nwkApplyNwkSec$86)
                  00021608    00000038                             : nwk_util.obj (.text:nwkNeighborFindEmptySlot)
                  00021640    00000038     drivers_cc13x2.a : UARTCC26XX.oem4f (.text:readData)
                  00021678    00000038     libZStack_nwk_zed_ccs.a : ssp_hash.obj (.text:sspAesEncrypt)
                  000216b0    00000038     rom_sysbios.aem4f : rom_sysbios.obj (.text:ti_sysbios_family_arm_cc26xx_Timer_getCurrentTick__E)
                  000216e8    00000038     drivers_cc13x2.a : UARTCC26XX.oem4f (.text:writeData)
                  00021720    00000038     zcl.obj (.text:zclWriteAttrDataUsingCB$22)
                  00021758    00000038     zcl.obj (.text:zcl_DeviceOperational$22)
                  00021790    00000038     zcl.obj (.text:zcl_registerPlugin)
                  000217c8    00000038     zglobals.obj (.text:zgWriteStartupOptions)
                  00021800    00000036     zmac.obj (.text:ApiMac_convertCapabilityInfo)
                  00021836    00000036     drivers_cc13x2.a : LED.oem4f (.text:LED_setOn)
                  0002186c    00000036                      : UDMACC26XX.oem4f (.text:UDMACC26XX_close)
                  000218a2    00000036     libZStack_nwk_zed_ccs.a : aps_groups.obj (.text:aps_GroupsRestoreFromNV)
                  000218d8    00000036     binding_table.obj (.text:bindingAddrMgsHelperFind)
                  0002190e    00000002     --HOLE-- [fill = 0]
                  00021910    00000034     binding_table.obj (.text:BindRestoreFromNV)
                  00021944    00000034     libZStack_nwk_zed_ccs.a : nl_mede.obj (.text:NLME_NwkDiscTerm)
                  00021978    00000034                             : nwk_util.obj (.text:NLME_SetUpdateID)
                  000219ac    00000034     driverlib.lib : aes.obj (.text:NOROM_AESStartDMAOperation)
                  000219e0    00000034                   : sys_ctrl.obj (.text:NOROM_SysCtrlIdle)
                  00021a14    00000034     nvocmp.obj (.text:NVOCMP_verifyCRC$3)
                  00021a48    00000034     drivers_cc13x2.a : NVSSPI25X.oem4f (.text:NVSSPI25X_init)
                  00021a7c    00000034     rf_multiMode_cc13x2.a : RFCC26X2_multiMode.c.cc13x2.ccs.o (.text:RF_powerConstraintRelease)
                  00021ab0    00000034                           : RFCC26X2_multiMode.c.cc13x2.ccs.o (.text:RF_runDirectImmediateCmd)
                  00021ae4    00000034     zd_app.obj (.text:ZDApp_NodeProfileSync)
                  00021b18    00000034     zd_app.obj (.text:ZDO_LeaveCnf)
                  00021b4c    00000034     zd_profile.obj (.text:ZDP_IEEEAddrReq)
                  00021b80    00000034     bdb_reporting.obj (.text:bdb_clusterEndpointArraySearch$40)
                  00021bb4    00000034     bdb.obj (.text:bdb_nwkDescFree)
[...]
20004fd2  bdb_initialization                                              
20004fd3  vDoPrimaryScan                                                  
20004fd4  bdbSecureRejoinAttempts                                         
20004fd5  bdb_performingTCRejoin                                          
20004fd6  bdb_acceptNewTrustCenterLinkKey                                 
20004fdc  bdb_HeadEpDescriptorList                                        
20004fe0  bdb_CurrEpDescriptorList                                        
20004fe4  pRespondentHead                                                 
20004fe8  pRespondentCurr                                                 
20004fec  pRespondentNext                                                 
20004ff0  bdbCommissioningProcedureState                                  
20005004  bdbAttributes                                                   
20005018  zdoBindUnbindAuthEndpoint                                       
2000501a  zdoBindUnbindAuthClusterId                                      
2000501c  zdpExternalStateTaskID                                          
20005024  zdoBindUnbindAuthAddr                                           
20005060  ti_sysbios_family_arm_cc26xx_Timer_Object__table__V             
200050a8  rxCmdHandle                                                     
200050ac  macRfDrvTblPtr                                                  
200050b0  lastPostCmd                                                     
200050b4  macSfdDetectCback                                               
200050b8  macTxTimestamp                                                  
200050bc  pMacRadioConfig                                                 
200050cc  macRxOutputIeee                                                 
200050dc  macFrmFilter                                                    
200050f0  pRfMode                                                         
200050f4  pRfPowerTable                                                   
200050f8  pMaxPower                                                       
200050fc  RF_handle                                                       
20005100  macPhyTxPower                                                   
20005108  RF_params                                                       
20005128  AIB_apsUseInsecureJoin                                          
20005129  APS_TaskID                                                      
2000512a  APS_Counter                                                     
2000512b  APS_AllowDataRequests                                           
2000512c  apsfSendFragmented                                              
20005130  AIB_apsTrustCenterAddress                                       
20005134  pAPS_UnBind                                                     
20005138  pAPS_GetBind                                                    
2000513c  pAPS_DataConfirmReflect                                         
20005140  pAPS_DataIndReflect                                             
20005144  pAPS_BindingTimeoutCB                                           
20005148  apsfProcessAck                                                  
2000514c  apsfSendOsalMsg                                                 
20005154  APS_lastDupTime                                                 
20005158  AIB_apsUseExtendedPANID                                         
20005160  ti_sysbios_gates_GateMutex_Object__table__V                     
20005198  macBeaconPayload                                                
200051cc  zclMenuConfigCodes                                              
20005200  pMacDataTx                                                      
20005204  macDataTxIndirect                                               
20005208  macDataRequeueIndirect                                          
2000520c  macDataRxBeaconCritical                                         
20005210  macDataTxBeaconComplete                                         
20005214  macDataSetSched                                                 
20005218  macDataCheckSched                                               
2000521c  macDataCheckTxTime                                              
20005220  macDataBeaconRequeue                                            
20005224  csmPhy                                                          
20005228  macTimerRollover                                                
2000522c  macTimerNewRollover                                             
20005230  ti_sysbios_knl_Swi_Module_State_0_readyQ__A                     
20005260  ti_sysbios_knl_Swi_Object__table__V                             
20005290  ti_sysbios_knl_Task_Module_State_0_readyQ__A                    
200052c0  bdbIndentifyActiveEndpoint                                      
200052c4  pfnIdentifyTimeChangeCB                                         
200052c8  pfnBindNotificationCB                                           
200052d0  grpName                                                         
200052d8  bdb_FindingBindingTargetSimpleDesc                              
200052ec  zclMenuApp                                                      
20005314  macTxSlottedDelayFactor                                         
20005315  macTxType                                                       
20005316  macTxBe                                                         
20005317  macTxGpInterframeDelay                                          
20005318  txAckReq                                                        
2000531b  txSeqn                                                          
2000531d  numTx                                                           
2000531e  macTxCsmaBackoffDelay                                           
20005320  macCsmaRtcTimerId                                               
20005324  macAckDbg                                                       
2000535c  _hposcCoeffs                                                    
20005380  macActionSet                                                    
200053c8  ti_sysbios_knl_Clock_Object__table__V                           
200053e8  xdc_runtime_Error_IgnoreBlock                                   
20005408  zclSampleTemperatureSensor_PhysicalEnvironment                  
2000540a  zclSampleTemperatureSensor_IdentifyTime                         
2000540c  zclSampleTemperatureSensor_MeasuredValue                        
20005410  zclSampleTemperatureSensor_SimpleDesc                           
20005424  zcl_TransID                                                     
20005425  zcl_radius                                                      
20005428  zcl_ValidateAttrDataCB                                          
20005440  ti_sysbios_family_arm_m3_Hwi_Object__table__V                   
2000545a  nwkFrameCounterChanges                                          
2000545c  nwkFrameCounter                                                 
20005460  distributedFrameCounter                                         
2000546c  gpioCallbackFunctions                                           
20005480  gpioPinConfigs                                                  
20005494  macStateTbl                                                     
200054b8  macCfg                                                          
200054d0  pClockHandleEDScan                                              
200054d4  APSF_taskID                                                     
200054dc  pAPSF_IgnoreBlock                                               
200054e0  pOverrides_ieee154                                              
200054ec  ti_sysbios_heaps_HeapCallback_Object__table__V                  
200054f8  zgAllowRemoteTCPolicyChange                                     
200054f9  zgRouterOffAssocCleanup                                         
200054fa  zTouchLinkNwkStartRtr                                           
200054fc  zgNwkCommissionedNwkAddr                                        
200054fe  zgStartDelay                                                    
200054ff  zgZdoDirectCB                                                   
20005500  zgNwkMgrMinTransmissions                                        
20005501  zgNwkMgrMode                                                    
20005502  zgRouterSilentRejoin                                            
20005503  zgSapiEndpoint                                                  
20005504  lastRatChanA                                                    
20005505  lastRatChanB                                                    
20005506  macRxCmdActive                                                  
20005507  macTxCmdActive                                                  
20005508  macFsCmdActive                                                  
20005509  macRxPreempted                                                  
2000550a  numRfCmd                                                        
2000550b  numRxCmd                                                        
2000550c  numRxPostCmd                                                    
2000550d  CryptoResourceCC26XX_pollingFlag                                
20005510  maxSupportedEndpoints                                           
20005511  nwkUseMultiCast                                                 
20005518  AF_DataRequestDiscoverRoute                                     
2000551c  epList                                                          
20005520  txCmdHandle                                                     
20005522  macRadioAckIeeeFrame                                            
20005530  nwkDataBufQueue                                                 
20005540  _lock                                                           
20005544  _unlock                                                         
20005548  RFCC26XX_schedulerPolicy                                        
20005550  pinUpperBound                                                   
20005554  pinLowerBound                                                   
20005560  ti_sysbios_family_arm_m3_Hwi_Module__root__V                    
20005568  ti_sysbios_gates_GateHwi_Module__root__V                        
20005570  ti_sysbios_gates_GateMutexPri_Module__root__V                   
20005578  ti_sysbios_gates_GateMutex_Module__root__V                      
20005580  ti_sysbios_hal_Hwi_Module__root__V                              
20005588  ti_sysbios_heaps_HeapCallback_Module__root__V                   
20005590  ti_sysbios_heaps_HeapMem_Module__root__V                        
20005598  ti_sysbios_knl_Clock_Module__root__V                            
200055a0  ti_sysbios_knl_Event_Module__root__V                            
200055a8  ti_sysbios_knl_Mailbox_Module__root__V                          
200055b0  ti_sysbios_knl_Queue_Module__root__V                            
200055b8  ti_sysbios_knl_Semaphore_Module__root__V                        
200055c0  ti_sysbios_knl_Swi_Module__root__V                              
200055c8  ti_sysbios_knl_Task_Module__root__V                             
200055d8  apsGroupTable                                                   
200055dc  macRadioYielded                                                 
200055dd  bInSwi                                                          
200055de  macTxSlottedDelay                                               
200055df  macSrcMatchIsEnabled                                            
200055e0  macTasksEvents                                                  
200055e4  errno                                                           
200055e8  main_func_sp                                                    
200055ec  ti_sysbios_family_arm_m3_Hwi_Module_State_0_excContext__A       
200055f0  ti_sysbios_family_arm_m3_Hwi_Module_State_0_excStack__A         
200055f4  ti_sysbios_knl_Task_Module_State_0_idleTask__A                  
200055f8  ti_sysbios_family_arm_m3_Hwi_Module_State_0_excActive__A        
200055fe  macSleepState                                                   
20005600  ti_sysbios_knl_Task_Instance_State_0_stack__A                   
20005800  uartCC26XXObjects                                               
200059bc  spiCC26X2DMAObjects                                             
20005acc  enhancedAckBuf                                                  
20005cc0  ti_sysbios_family_arm_m3_Hwi_dispatchTable                      
20005d98  LEDObjects                                                      
20005e50  macPib                                                          
20005ed8  trngCC26XXObjects                                               
20005f5c  bdb_reportingClusterEndpointArrayCount                          
20005f5d  bdb_reportingNextClusterEndpointIndex                           
20005f5e  bdb_reportingAttrCfgRecordsArrayCount                           
20005f5f  bdb_reportingAttrCfgRecordsArrayMaxSize                         
20005f60  bdb_reportingAcceptDefaultConfs                                 
20005f62  bdb_reportingNextEventTimeout                                   
20005f64  gAttrDataValue                                                  
20005f68  bdb_reportingAttrCfgRecordsArray                                
20005f6c  attrDefaultCfgRecordLinkedList                                  
20005f74  bdb_reportingClusterEndpointArray                               
20005fd8  pinHandleTable                                                  
20006054  macScan                                                         
200060f8  ButtonObjects                                                   
20006148  CryptoResourceCC26XX_accessSemaphore                            
20006198  CryptoResourceCC26XX_operationSemaphore                         
200061e8  cuiMultiMenuData                                                
200062b0  macBeaconCoord                                                  
200062ec  macDeviceAction1                                                
20006324  macBeaconDevice                                                 
20006358  macMgmtAction1                                                  
20006388  macSrcExtAddrList                                               
200063b8  macCoord                                                        
200063e4  macDevice                                                       
20006410  macRxFilter                                                     
20006411  rxPromiscuousMode                                               
20006414  rxSeqNum                                                        
2000641c  macRxDataEntryOffset                                            
20006420  rxRadioBufferPtr                                                
2000642c  macRxDataEntryQueue                                             
20006494  macBeacon                                                       
200064b4  udmaCC26XXObject                                                
20006528  CryptoResourceCC26XX_hwi                                        
20006544  macCoordAction2                                                 
20006560  macReset                                                        
2000657c  macSrcShortAddrList                                             
20006598  aesccmCC26XXObjects                                             
200065b0  aesecbCC26XXObjects                                             
200065c8  macScanAction                                                   
200065e0  ZDO_Config_Power_Descriptor                                     
200065e4  ZDO_Config_Node_Descriptor                                      
2000661c  macDeviceAction2                                                
20006630  macMgmtAction2                                                  
20006654  macBeaconDeviceAction                                           
20006664  macCoordAction3                                                 
20006674  macData                                                         
20006684  macDataTxDelay                                                  
200066b8  coexMetricsStruct                                               
200066c4  macMain                                                         
200066d0  nvsSPI25XObjects                                                
200066e4  macBeaconCoordAction1                                           
200066ec  macCoordAction1                                                 
200066f4  rreqCounter                                                     
20006700  PowerCC26XX_swiKey                                              
20006704  PowerCC26XX_taskKey                                             
20006708  _ScanChannels                                                   
2000670c  macRxSymbol                                                     
20006710  macTimerActive                                                  
20006714  nvsCC26XXObjects                                                
20006718  timerAlignedQ                                                   
2000671c  timerUnalignedQ                                                 
20006722  driverlib_release_0_60278                                       
20006723  macAckTxActive                                                  
20006724  macMgmt                                                         
20006725  macPanCoordinator                                               
20006726  macPhyChannel                                                   
20006727  macPwr                                                          
20006728  macRxActive                                                     
20006729  macRxEnableFlags                                                
2000672a  macRxOutgoingAckFlag                                            
2000672b  macSymbolTimerImpending                                         
2000672c  macTaskId                                                       
2000672d  macTxActive                                                     
2000672e  macUnitBackoffPeriod                                            
2000672f  rxFhRsl                                                         
20006730  stackServiceTaskId                                              
20013a00  __stack                                                         
20014000  __STACK_END                                                     
20014000  __STACK_TOP                                                     
e000e000  ti_sysbios_family_arm_m3_Hwi_nvic                               
ffffffff  __TI_pprof_out_hndl                                             
ffffffff  __TI_prof_data_size                                             
ffffffff  __TI_prof_data_start                                            
ffffffff  __binit__                                                       
ffffffff  __c_args__                                                      
ffffffff  binit                                                           
UNDEFED   ITM_flush                                                       
UNDEFED   ITM_restore                                                     
UNDEFED   PWM_config                                                      
UNDEFED   PWM_count                                                       
UNDEFED   SHT$$INIT_ARRAY$$Base                                           
UNDEFED   SHT$$INIT_ARRAY$$Limit                                          

[2446 symbols]
